SetState_static:
 region #0
  ^bb0 = live
op_preds: predecessors:
  llvm.call @SetState(%5) : (f64 {llvm.noundef}) -> ()
module attributes {dlti.dl_spec = #dlti.dl_spec<!llvm.ptr<270> = dense<32> : vector<4xi64>, !llvm.ptr<271> = dense<32> : vector<4xi64>, !llvm.ptr<272> = dense<64> : vector<4xi64>, i64 = dense<64> : vector<2xi64>, i128 = dense<128> : vector<2xi64>, f80 = dense<128> : vector<2xi64>, !llvm.ptr = dense<64> : vector<4xi64>, i1 = dense<8> : vector<2xi64>, i8 = dense<8> : vector<2xi64>, i16 = dense<16> : vector<2xi64>, i32 = dense<32> : vector<2xi64>, f16 = dense<16> : vector<2xi64>, f64 = dense<64> : vector<2xi64>, f128 = dense<128> : vector<2xi64>, "dlti.endianness" = "little", "dlti.mangling_mode" = "e", "dlti.legal_int_widths" = array<i32: 8, 16, 32, 64>, "dlti.stack_alignment" = 128 : i64>, llvm.ident = "clang version 23.0.0git (https://github.com/llvm/llvm-project.git 1053047a4be7d1fece3adaf5e7597f838058c947)", llvm.module_asm = [], llvm.target_triple = "x86_64-unknown-linux-gnu"} {
  llvm.mlir.global external @global() {addr_space = 0 : i32, alignment = 8 : i64, dso_local} : !llvm.struct<"struct.State_t", (f64, i32)> {
    %0 = llvm.mlir.constant(0 : i32) : i32
    %1 = llvm.mlir.constant(0.000000e+00 : f64) : f64
    %2 = llvm.mlir.zero : !llvm.struct<"struct.State_t", (f64, i32)>
    llvm.return %2 : !llvm.struct<"struct.State_t", (f64, i32)>
  }
  llvm.module_flags [#llvm.mlir.module_flag<error, "wchar_size", 4 : i32>, #llvm.mlir.module_flag<min, "PIC Level", 2 : i32>, #llvm.mlir.module_flag<max, "PIE Level", 2 : i32>, #llvm.mlir.module_flag<max, "uwtable", 2 : i32>, #llvm.mlir.module_flag<max, "frame-pointer", 2 : i32>]
  llvm.func @HandleAttitude(%arg0: !llvm.ptr {llvm.noundef}) attributes {dso_local, frame_pointer = #llvm.framePointerKind<all>, no_inline, no_unwind, optimize_none, passthrough = [["min-legal-vector-width", "0"], ["no-trapping-math", "true"], ["stack-protector-buffer-size", "8"], ["target-cpu", "x86-64"]], target_cpu = "x86-64", target_features = #llvm.target_features<["+cmov", "+cx8", "+fxsr", "+mmx", "+sse", "+sse2", "+x87"]>, tune_cpu = "generic", uwtable_kind = #llvm.uwtableKind<async>} {
    %0 = llvm.mlir.constant(1 : i32) : i32
    %1 = llvm.mlir.constant(0 : i32) : i32
    %2 = llvm.alloca %0 x !llvm.ptr {alignment = 8 : i64} : (i32) -> !llvm.ptr
    llvm.store %arg0, %2 {alignment = 8 : i64} : !llvm.ptr, !llvm.ptr
    %3 = llvm.load %2 {alignment = 8 : i64} : !llvm.ptr -> !llvm.ptr
    %4 = llvm.getelementptr inbounds|nuw %3[%1, 1] : (!llvm.ptr, i32) -> !llvm.ptr, !llvm.struct<"struct.AttMsg_t", (i32, f64)>
    %5 = llvm.load %4 {alignment = 8 : i64} : !llvm.ptr -> f64
    llvm.call @SetState(%5) : (f64 {llvm.noundef}) -> ()
    llvm.return
  }
  llvm.func internal @SetState(%arg0: f64 {llvm.noundef}) attributes {dso_local, frame_pointer = #llvm.framePointerKind<all>, no_inline, no_unwind, optimize_none, passthrough = [["min-legal-vector-width", "0"], ["no-trapping-math", "true"], ["stack-protector-buffer-size", "8"], ["target-cpu", "x86-64"]], tag = "SetState_static", target_cpu = "x86-64", target_features = #llvm.target_features<["+cmov", "+cx8", "+fxsr", "+mmx", "+sse", "+sse2", "+x87"]>, tune_cpu = "generic", uwtable_kind = #llvm.uwtableKind<async>} {
    %0 = llvm.mlir.constant(1 : i32) : i32
    %1 = llvm.mlir.addressof @global : !llvm.ptr
    %2 = llvm.alloca %0 x f64 {alignment = 8 : i64} : (i32) -> !llvm.ptr
    llvm.store %arg0, %2 {alignment = 8 : i64} : f64, !llvm.ptr
    %3 = llvm.load %2 {alignment = 8 : i64} : !llvm.ptr -> f64
    llvm.store %3, %1 {alignment = 8 : i64} : f64, !llvm.ptr
    llvm.return
  }
  llvm.func @Guidance() attributes {dso_local, frame_pointer = #llvm.framePointerKind<all>, no_inline, no_unwind, optimize_none, passthrough = [["min-legal-vector-width", "0"], ["no-trapping-math", "true"], ["stack-protector-buffer-size", "8"], ["target-cpu", "x86-64"]], target_cpu = "x86-64", target_features = #llvm.target_features<["+cmov", "+cx8", "+fxsr", "+mmx", "+sse", "+sse2", "+x87"]>, tune_cpu = "generic", uwtable_kind = #llvm.uwtableKind<async>} {
    %0 = llvm.mlir.addressof @global : !llvm.ptr
    %1 = llvm.load %0 {alignment = 8 : i64} : !llvm.ptr -> f64
    llv