Testing : <<NULL ATTRIBUTE>>
alloca -> alloca#0: NoModRef
att -> alloca#0: NoModRef
call_ext -> alloca#0: ModRef
call_ext_memnone -> alloca#0: ModRef
call_defined_empty -> alloca#0: ModRef
func -> alloca#0: ModRef
alloca -> att#0: NoModRef
att -> att#0: NoModRef
call_ext -> att#0: ModRef
call_ext_memnone -> att#0: ModRef
call_defined_empty -> att#0: ModRef
func -> att#0: ModRef
alloca -> func.region0#0: NoModRef
att -> func.region0#0: NoModRef
call_ext -> func.region0#0: ModRef
call_ext_memnone -> func.region0#0: ModRef
call_defined_empty -> func.region0#0: ModRef
func -> func.region0#0: ModRef
module {
  llvm.mlir.global external @g_state() {addr_space = 0 : i32} : !llvm.struct<"State_t", (f64, i32, i32)>
  llvm.func @CFE_ES_PerfLogAdd(i32, i32)
  llvm.func @Defined_noeffect() {
    llvm.return
  }
  llvm.func @probe(%arg0: f64) attributes {test.ptr = "func"} {
    %0 = llvm.mlir.constant(0 : i32) : i32
    %1 = llvm.mlir.constant(1 : i32) : i32
    %2 = llvm.alloca %1 x f64 {test.ptr = "alloca"} : (i32) -> !llvm.ptr
    %3 = llvm.mlir.addressof @g_state : !llvm.ptr
    %4 = llvm.getelementptr %3[0, 0] {test.ptr = "att"} : (!llvm.ptr) -> !llvm.ptr, !llvm.struct<"State_t", (f64, i32, i32)>
    llvm.call @CFE_ES_PerfLogAdd(%0, %1) {test.ptr = "call_ext"} : (i32, i32) -> ()
    llvm.call @CFE_ES_PerfLogAdd(%0, %1) {memory_effects = #llvm.memory_effects<other = none, argMem = none, inaccessibleMem = none, errnoMem = none, targetMem0 = none, targetMem1 = none>, test.ptr = "call_ext_memnone"} : (i32, i32) -> ()
    llvm.call @Defined_noeffect() {test.ptr = "call_defined_empty"} : () -> ()
    llvm.return
  }
}

