start 2026-09-29T08:11:38Z
[1/155] Building CXX object tools/mlir/unittests/Analysis/Presburger/CMakeFiles/MLIRPresburgerTests.dir/FractionTest.cpp.o
[2/155] Building CXX object tools/mlir/unittests/Analysis/Presburger/CMakeFiles/MLIRPresburgerTests.dir/GeneratingFunctionTest.cpp.o
[3/155] Building CXX object tools/mlir/unittests/Analysis/Presburger/CMakeFiles/MLIRPresburgerTests.dir/LinearTransformTest.cpp.o
[4/155] Building CXX object tools/mlir/unittests/Analysis/Presburger/CMakeFiles/MLIRPresburgerTests.dir/IntegerPolyhedronTest.cpp.o
[5/155] Building CXX object tools/mlir/unittests/Analysis/Presburger/CMakeFiles/MLIRPresburgerTests.dir/IntegerRelationTest.cpp.o
[6/155] Building CXX object tools/mlir/unittests/Analysis/Presburger/CMakeFiles/MLIRPresburgerTests.dir/BarvinokTest.cpp.o
[7/155] Building CXX object tools/mlir/unittests/Analysis/Presburger/CMakeFiles/MLIRPresburgerTests.dir/MatrixTest.cpp.o
[8/155] Building CXX object tools/mlir/unittests/Analysis/Presburger/CMakeFiles/MLIRPresburgerTests.dir/ParserTest.cpp.o
[9/155] Building CXX object tools/mlir/unittests/Analysis/Presburger/CMakeFiles/MLIRPresburgerTests.dir/PresburgerSpaceTest.cpp.o
[10/155] Building CXX object tools/mlir/unittests/Analysis/Presburger/CMakeFiles/MLIRPresburgerTests.dir/PresburgerSetTest.cpp.o
[11/155] Building CXX object tools/mlir/unittests/Analysis/Presburger/CMakeFiles/MLIRPresburgerTests.dir/PresburgerRelationTest.cpp.o
[12/155] Building CXX object tools/mlir/unittests/Analysis/Presburger/CMakeFiles/MLIRPresburgerTests.dir/PWMAFunctionTest.cpp.o
[13/155] Building CXX object tools/mlir/unittests/Analysis/Presburger/CMakeFiles/MLIRPresburgerTests.dir/QuasiPolynomialTest.cpp.o
[14/155] Building CXX object tools/mlir/unittests/Analysis/Presburger/CMakeFiles/MLIRPresburgerTests.dir/UtilsTest.cpp.o
[15/155] Building CXX object tools/mlir/unittests/Analysis/Presburger/CMakeFiles/MLIRPresburgerTests.dir/SimplexTest.cpp.o
[16/155] Linking CXX executable tools/mlir/unittests/Analysis/Presburger/MLIRPresburgerTests
[17/155] Building CXX object tools/mlir/unittests/Debug/CMakeFiles/MLIRDebugTests.dir/DebugCounterTest.cpp.o
[18/155] Building CXX object tools/mlir/unittests/Conversion/PDLToPDLInterp/CMakeFiles/MLIRPDLToPDLInterpTests.dir/RootOrderingTest.cpp.o
[19/155] Linking CXX executable tools/mlir/unittests/Conversion/PDLToPDLInterp/MLIRPDLToPDLInterpTests
[20/155] Building CXX object tools/mlir/unittests/Bytecode/CMakeFiles/MLIRBytecodeTests.dir/BytecodeTest.cpp.o
[21/155] Linking CXX executable tools/mlir/unittests/Bytecode/MLIRBytecodeTests
[22/155] Building CXX object tools/mlir/unittests/Debug/CMakeFiles/MLIRDebugTests.dir/ExecutionContextTest.cpp.o
[23/155] Building CXX object tools/mlir/unittests/Dialect/AMDGPU/CMakeFiles/MLIRAMDGPUTests.dir/AMDGPUUtilsTest.cpp.o
[24/155] Building CXX object tools/mlir/unittests/Debug/CMakeFiles/MLIRDebugTests.dir/FileLineColLocBreakpointManagerTest.cpp.o
[25/155] Linking CXX executable tools/mlir/unittests/Debug/MLIRDebugTests
[26/155] Linking CXX executable tools/mlir/unittests/Dialect/AMDGPU/MLIRAMDGPUTests
[27/155] Building CXX object tools/mlir/unittests/Dialect/CMakeFiles/MLIRDialectTests.dir/BroadcastShapeTest.cpp.o
[28/155] Linking CXX executable tools/mlir/unittests/Dialect/MLIRDialectTests
[29/155] Building CXX object tools/mlir/unittests/Dialect/Index/CMakeFiles/MLIRIndexOpsTests.dir/IndexOpsFoldersTest.cpp.o
[30/155] Linking CXX executable tools/mlir/unittests/Dialect/Index/MLIRIndexOpsTests
[31/155] Building CXX object tools/mlir/unittests/Dialect/ArmSME/CMakeFiles/MLIRArmSMETests.dir/TileTypeConversionTest.cpp.o
[32/155] Building CXX object tools/mlir/unittests/Dialect/Linalg/CMakeFiles/MLIRLinalgTests.dir/InferConvolutionDimsTest.cpp.o
[33/155] Linking CXX executable tools/mlir/unittests/Dialect/Linalg/MLIRLinalgTests
[34/155] Linking CXX executable tools/mlir/unittests/Dialect/ArmSME/MLIRArmSMETests
[35/155] Building CXX object tools/mlir/unittests/Dialect/MemRef/CMakeFiles/MLIRMemRefTests.dir/InferShapeTest.cpp.o
[36/155] Linking CXX executable tools/mlir/unittests/Dialect/MemRef/MLIRMemRefTests
[37/155] Building CXX object tools/mlir/unittests/Dialect/LLVMIR/CMakeFiles/MLIRLLVMIRTests.dir/LLVMTypeTest.cpp.o
[38/155] Linking CXX executable tools/mlir/unittests/Dialect/LLVMIR/MLIRLLVMIRTests
[39/155] Building CXX object tools/mlir/unittests/Dialect/OpenACC/CMakeFiles/MLIROpenACCTests.dir/OpenACCTypeInterfacesTest.cpp.o
[40/155] Building CXX object tools/mlir/unittests/Dialect/OpenACC/CMakeFiles/MLIROpenACCTests.dir/OpenACCOpsInterfacesTest.cpp.o
[41/155] Building CXX object tools/mlir/unittests/Dialect/OpenACC/CMakeFiles/MLIROpenACCTests.dir/OpenACCUtilsCGTest.cpp.o
[42/155] Building CXX object tools/mlir/unittests/Dialect/OpenACC/CMakeFiles/MLIROpenACCTests.dir/OpenACCOpsTest.cpp.o
[43/155] Building CXX object tools/mlir/unittests/Dialect/OpenACC/CMakeFiles/MLIROpenACCTests.dir/OpenACCUtilsGPUTest.cpp.o
[44/155] Building CXX object tools/mlir/unittests/Dialect/OpenACC/CMakeFiles/MLIROpenACCTests.dir/OpenACCUtilsTilingTest.cpp.o
[45/155] Building CXX object tools/mlir/unittests/Dialect/OpenACC/CMakeFiles/MLIROpenACCTests.dir/OpenACCUtilsTest.cpp.o
[46/155] Building CXX object tools/mlir/unittests/Dialect/SCF/CMakeFiles/MLIRSCFTests.dir/LoopLikeSCFOpsTest.cpp.o
[47/155] Linking CXX executable tools/mlir/unittests/Dialect/SCF/MLIRSCFTests
[48/155] Building CXX object tools/mlir/unittests/Dialect/OpenACC/CMakeFiles/MLIROpenACCTests.dir/OpenACCUtilsLoopTest.cpp.o
[49/155] Linking CXX executable tools/mlir/unittests/Dialect/OpenACC/MLIROpenACCTests
[50/155] Building CXX object tools/mlir/unittests/Dialect/SMT/CMakeFiles/MLIRSMTTests.dir/AttributeTest.cpp.o
[51/155] Building CXX object tools/mlir/unittests/Dialect/SPIRV/CMakeFiles/MLIRSPIRVImportExportTests.dir/DeserializationTest.cpp.o
[52/155] Building CXX object tools/mlir/unittests/Dialect/SPIRV/CMakeFiles/MLIRSPIRVImportExportTests.dir/SerializationTest.cpp.o
[53/155] Linking CXX executable tools/mlir/unittests/Dialect/SPIRV/MLIRSPIRVImportExportTests
[54/155] Building CXX object tools/mlir/unittests/Dialect/SMT/CMakeFiles/MLIRSMTTests.dir/TypeTest.cpp.o
[55/155] Building CXX object tools/mlir/unittests/Dialect/SMT/CMakeFiles/MLIRSMTTests.dir/QuantifierTest.cpp.o
[56/155] Linking CXX executable tools/mlir/unittests/Dialect/SMT/MLIRSMTTests
[57/155] Building CXX object tools/mlir/unittests/Dialect/SparseTensor/CMakeFiles/MLIRSparseTensorTests.dir/MergerTest.cpp.o
[58/155] Linking CXX executable tools/mlir/unittests/Dialect/SparseTensor/MLIRSparseTensorTests
[59/155] Building CXX object tools/mlir/unittests/Dialect/Transform/CMakeFiles/MLIRTransformDialectTests.dir/BuildOnlyExtensionTest.cpp.o
[60/155] Building CXX object tools/mlir/unittests/Dialect/Utils/CMakeFiles/MLIRDialectUtilsTests.dir/StructuredOpsUtilsTest.cpp.o
[61/155] Building CXX object tools/mlir/unittests/Dialect/Transform/CMakeFiles/MLIRTransformDialectTests.dir/Preload.cpp.o
[62/155] Linking CXX executable tools/mlir/unittests/Dialect/Transform/MLIRTransformDialectTests
[63/155] Building CXX object tools/mlir/unittests/Dialect/Utils/CMakeFiles/MLIRDialectUtilsTests.dir/ReshapeOpsUtilsTest.cpp.o
[64/155] Building CXX object tools/mlir/unittests/Dialect/Utils/CMakeFiles/MLIRDialectUtilsTests.dir/IndexingUtilsTest.cpp.o
[65/155] Linking CXX executable tools/mlir/unittests/Dialect/Utils/MLIRDialectUtilsTests
[66/155] Building CXX object tools/mlir/unittests/Interfaces/CMakeFiles/MLIRInterfacesTests.dir/InferIntRangeInterfaceTest.cpp.o
[67/155] Building CXX object tools/mlir/unittests/Interfaces/CMakeFiles/MLIRInterfacesTests.dir/ControlFlowInterfacesTest.cpp.o
[68/155] Building CXX object tools/mlir/unittests/Interfaces/CMakeFiles/MLIRInterfacesTests.dir/InferTypeOpInterfaceTest.cpp.o
[69/155] Building CXX object tools/mlir/unittests/Interfaces/CMakeFiles/MLIRInterfacesTests.dir/DataLayoutInterfacesTest.cpp.o
[70/155] Linking CXX executable tools/mlir/unittests/Interfaces/MLIRInterfacesTests
[71/155] Building CXX object tools/mlir/unittests/IR/CMakeFiles/MLIRIRTests.dir/AffineExprTest.cpp.o
[72/155] Building CXX object tools/mlir/unittests/IR/CMakeFiles/MLIRIRTests.dir/AffineMapTest.cpp.o
[73/155] Building CXX object tools/mlir/unittests/IR/CMakeFiles/MLIRIRTests.dir/AttrTypeReplacerTest.cpp.o
[74/155] Building CXX object tools/mlir/unittests/IR/CMakeFiles/MLIRIRTests.dir/Diagnostic.cpp.o
[75/155] Building CXX object tools/mlir/unittests/IR/CMakeFiles/MLIRIRTests.dir/DistinctAttributeAllocatorTest.cpp.o
[76/155] Building CXX object tools/mlir/unittests/IR/CMakeFiles/MLIRIRTests.dir/DialectTest.cpp.o
[77/155] Building CXX object tools/mlir/unittests/IR/CMakeFiles/MLIRIRTests.dir/AttributeTest.cpp.o
[78/155] Building CXX object tools/mlir/unittests/IR/CMakeFiles/MLIRIRTests.dir/AdaptorTest.cpp.o
[79/155] Building CXX object tools/mlir/unittests/IR/CMakeFiles/MLIRIRTests.dir/LocationTest.cpp.o
[80/155] Building CXX object tools/mlir/unittests/IR/CMakeFiles/MLIRIRTests.dir/InterfaceTest.cpp.o
[81/155] Building CXX object tools/mlir/unittests/IR/CMakeFiles/MLIRIRTests.dir/MemrefLayoutTest.cpp.o
[82/155] Building CXX object tools/mlir/unittests/IR/CMakeFiles/MLIRIRTests.dir/IRMapping.cpp.o
[83/155] Building CXX object tools/mlir/unittests/IR/CMakeFiles/MLIRIRTests.dir/InterfaceAttachmentTest.cpp.o
[84/155] Building CXX object tools/mlir/unittests/IR/CMakeFiles/MLIRIRTests.dir/RemarkTest.cpp.o
[85/155] Building CXX object tools/mlir/unittests/IR/CMakeFiles/MLIRIRTests.dir/ShapedTypeTest.cpp.o
[86/155] Building CXX object tools/mlir/unittests/IR/CMakeFiles/MLIRIRTests.dir/SymbolTableTest.cpp.o
[87/155] Building CXX object tools/mlir/unittests/IR/CMakeFiles/MLIRIRTests.dir/TypeTest.cpp.o
[88/155] Building CXX object tools/mlir/unittests/IR/CMakeFiles/MLIRIRTests.dir/PatternMatchTest.cpp.o
[89/155] Building CXX object tools/mlir/unittests/IR/CMakeFiles/MLIRIRTests.dir/OperationSupportTest.cpp.o
[90/155] Building CXX object tools/mlir/unittests/IR/CMakeFiles/MLIRIRTests.dir/TypeAttrNamesTest.cpp.o
[91/155] Building CXX object tools/mlir/unittests/IR/CMakeFiles/MLIRIRTests.dir/OpPropertiesTest.cpp.o
[92/155] Building CXX object tools/mlir/unittests/IR/CMakeFiles/MLIRIRTests.dir/BlobManagerTest.cpp.o
[93/155] Building CXX object tools/mlir/unittests/Parser/CMakeFiles/MLIRParserTests.dir/ParserTest.cpp.o
[94/155] Building CXX object tools/mlir/unittests/IR/CMakeFiles/MLIRIRTests.dir/ValueTest.cpp.o
[95/155] Building CXX object tools/mlir/unittests/Parser/CMakeFiles/MLIRParserTests.dir/ResourceTest.cpp.o
[96/155] Building CXX object tools/mlir/unittests/Pass/CMakeFiles/MLIRPassTests.dir/AnalysisManagerTest.cpp.o
[97/155] Linking CXX executable tools/mlir/unittests/IR/MLIRIRTests
[98/155] Linking CXX executable tools/mlir/unittests/Parser/MLIRParserTests
[99/155] Building CXX object tools/mlir/unittests/Pass/CMakeFiles/MLIRPassTests.dir/PassManagerTest.cpp.o
[100/155] Building CXX object tools/mlir/unittests/Support/CMakeFiles/MLIRSupportTests.dir/StorageUniquerTest.cpp.o
[101/155] Building CXX object tools/mlir/unittests/Support/CMakeFiles/MLIRSupportTests.dir/IndentedOstreamTest.cpp.o
[102/155] Building EnumsGenTest.cpp.inc...
[103/155] Building EnumsGenTest.h.inc...
[104/155] Building PassGenTest.h.inc...
[105/155] Building CXX object tools/mlir/unittests/Pass/CMakeFiles/MLIRPassTests.dir/PassPipelineParserTest.cpp.o
[106/155] Linking CXX executable tools/mlir/unittests/Pass/MLIRPassTests
[107/155] Building CXX object tools/mlir/unittests/Support/CMakeFiles/MLIRSupportTests.dir/CyclicReplacerCacheTest.cpp.o
[108/155] Linking CXX executable tools/mlir/unittests/Support/MLIRSupportTests
[109/155] Building CXX object tools/mlir/unittests/TableGen/CMakeFiles/MLIRTableGenTests.dir/FormatTest.cpp.o
[110/155] Building CXX object tools/mlir/unittests/Rewrite/CMakeFiles/MLIRRewriteTests.dir/PatternBenefit.cpp.o
[111/155] Linking CXX executable tools/mlir/unittests/Rewrite/MLIRRewriteTests
[112/155] Building CXX object tools/mlir/unittests/TableGen/CMakeFiles/MLIRTableGenTests.dir/EnumsGenTest.cpp.o
[113/155] Building CXX object tools/mlir/unittests/TableGen/CMakeFiles/MLIRTableGenTests.dir/PassGenTest.cpp.o
[114/155] Building CXX object tools/mlir/unittests/Target/LLVM/CMakeFiles/MLIRTargetLLVMTests.dir/SerializeToLLVMBitcode.cpp.o
[115/155] Building CXX object tools/mlir/unittests/TableGen/CMakeFiles/MLIRTableGenTests.dir/OpBuildGen.cpp.o
[116/155] Linking CXX executable tools/mlir/unittests/TableGen/MLIRTableGenTests
[117/155] Building CXX object tools/mlir/unittests/Transforms/CMakeFiles/MLIRTransformsTests.dir/Canonicalizer.cpp.o
[118/155] Building CXX object tools/mlir/unittests/Target/LLVM/CMakeFiles/MLIRTargetLLVMTests.dir/SerializeROCDLTarget.cpp.o
[119/155] Building CXX object tools/mlir/unittests/Transforms/CMakeFiles/MLIRTransformsTests.dir/DialectConversion.cpp.o
[120/155] Linking CXX executable tools/mlir/unittests/Transforms/MLIRTransformsTests
[121/155] Building CXX object tools/mlir/unittests/ExecutionEngine/CMakeFiles/MLIRExecutionEngineTests.dir/StridedMemRef.cpp.o
[122/155] Building CXX object tools/mlir/unittests/ExecutionEngine/CMakeFiles/MLIRExecutionEngineTests.dir/DynamicMemRef.cpp.o
[123/155] Building C object tools/mlir/test/CAPI/CMakeFiles/mlir-capi-execution-engine-test.dir/execution_engine.c.o
[124/155] Building C object tools/mlir/test/CAPI/CMakeFiles/mlir-capi-global-constructors-test.dir/global_constructors.c.o
[125/155] Building CXX object tools/mlir/unittests/Target/LLVM/CMakeFiles/MLIRTargetLLVMTests.dir/SerializeNVVMTarget.cpp.o
[126/155] Building C object tools/mlir/test/CAPI/CMakeFiles/mlir-capi-ir-test.dir/ir.c.o
[127/155] Building C object tools/mlir/test/CAPI/CMakeFiles/mlir-capi-irdl-test.dir/irdl.c.o
[128/155] Building C object tools/mlir/test/CAPI/CMakeFiles/mlir-capi-llvm-test.dir/llvm.c.o
[129/155] Building C object tools/mlir/test/CAPI/CMakeFiles/mlir-capi-pass-test.dir/pass.c.o
[130/155] Building C object tools/mlir/test/CAPI/CMakeFiles/mlir-capi-pdl-test.dir/pdl.c.o
[131/155] Building C object tools/mlir/test/CAPI/CMakeFiles/mlir-capi-sparse-tensor-test.dir/sparse_tensor.c.o
[132/155] Building C object tools/mlir/test/CAPI/CMakeFiles/mlir-capi-quant-test.dir/quant.c.o
[133/155] Building C object tools/mlir/test/CAPI/CMakeFiles/mlir-capi-rewrite-test.dir/rewrite.c.o
[134/155] Building C object tools/mlir/test/CAPI/CMakeFiles/mlir-capi-transform-test.dir/transform.c.o
[135/155] Building C object tools/mlir/test/CAPI/CMakeFiles/mlir-capi-transform-interpreter-test.dir/transform_interpreter.c.o
[136/155] Building C object tools/mlir/test/CAPI/CMakeFiles/mlir-capi-translation-test.dir/translation.c.o
[137/155] Building C object tools/mlir/test/CAPI/CMakeFiles/mlir-capi-smt-test.dir/smt.c.o
[138/155] Linking CXX executable bin/mlir-capi-global-constructors-test
[139/155] Linking CXX executable bin/mlir-capi-execution-engine-test
[140/155] Linking CXX executable tools/mlir/unittests/Target/LLVM/MLIRTargetLLVMTests
[141/155] Linking CXX executable bin/mlir-capi-irdl-test
[142/155] Linking CXX executable bin/mlir-capi-ir-test
[143/155] Linking CXX executable bin/mlir-capi-llvm-test
[144/155] Linking CXX executable bin/mlir-capi-pdl-test
[145/155] Linking CXX executable bin/mlir-capi-sparse-tensor-test
[146/155] Linking CXX executable bin/mlir-capi-quant-test
[147/155] Linking CXX executable bin/mlir-capi-pass-test
[148/155] Linking CXX executable bin/mlir-capi-rewrite-test
[149/155] Linking CXX executable bin/mlir-capi-transform-test
[150/155] Linking CXX executable bin/mlir-capi-transform-interpreter-test
[151/155] Linking CXX executable bin/mlir-capi-smt-test
[152/155] Linking CXX executable bin/mlir-capi-translation-test
[153/155] Building CXX object tools/mlir/unittests/ExecutionEngine/CMakeFiles/MLIRExecutionEngineTests.dir/Invoke.cpp.o
[154/155] Linking CXX executable tools/mlir/unittests/ExecutionEngine/MLIRExecutionEngineTests
[154/155] Running the MLIR regression tests
-- Testing: 3113 tests, 4 workers --
Testing:  0.. 10.. 20.. 30.. 40.. 50.. 60.. 70.. 80.. 90.. 

Testing Time: 62.24s

Total Discovered Tests: 3891
  Unsupported      :  582 (14.96%)
  Passed           : 3308 (85.02%)
  Expectedly Failed:    1 (0.03%)
exit=0
end 2026-09-29T08:15:16Z
