OS_BSP_Initialize():Maximum user msg queue depth = 10
CFE_PSP: Default Reset SubType = 1
CFE_PSP: Default CPU ID = 1
CFE_PSP: Default Spacecraft ID = 66
CFE_PSP: Default CPU Name: cpu1
OS_Posix_GetSchedulerParams():208:Policy 1: available, min-max: 1-99
OS_Posix_GetSchedulerParams():208:Policy 2: available, min-max: 1-99
OS_Posix_TaskAPI_Impl_Init():401:Selected policy 2 for RT tasks, root task = 99
OS_Posix_TaskAPI_Impl_Init():419:Could not setschedparam in main thread: Operation not permitted (1)
CFE_PSP: initializing module 'soft_timebase' with ID 0110ff00
CFE_PSP: Instantiated software timebase 'cFS-Master' running at 10000 usec
CFE_PSP: initializing module 'timebase_posix_clock' with ID 0110ff01
CFE_PSP: Using POSIX monotonic clock as CFE timebase
CFE_PSP: initializing module 'eeprom_mmap_file' with ID 0110ff02
CFE_PSP: Using MMAP simulated EEPROM implementation
CFE_PSP: EEPROM Range (2) created: Start Address = 7F52FF080000, Size = 00080000 Status = 0
CFE_PSP: initializing module 'port_notimpl' with ID 0110ff03
CFE_PSP: I/O Port access not implemented
CFE_PSP: initializing module 'iodriver' with ID 0110ff04
CFE_PSP: initializing module 'linux_sysmon' with ID 0110ff05
CFE_PSP: initializing module 'endian_api' with ID 0110ff06
CFE_PSP: Host CPU Endian=LITTLE
CFE_PSP: initializing module 'ram_notimpl' with ID 0110ff07
CFE_PSP: Physical RAM access not implemented
CFE_PSP: Starting the cFE with a POWER ON reset.
CFE_PSP: Clearing out CFE CDS Shared memory segment.
CFE_PSP: Clearing out CFE Reset Shared memory segment.
CFE_PSP: Clearing out CFE User Reserved Shared memory segment.
1980-001-01:19:51.95959 CFE_ES_SetupResetVariables: POWER ON RESET due to Power Cycle (Power Cycle).
1980-001-01:19:51.95965 CFE_ES_Main: CFE_ES_Main in EARLY_INIT state
Number of addresses returned by backtrace = 1
CFE_PSP: CFE_PSP_AttachExceptions called
1980-001-01:19:51.95998 CFE_ES_Main: CFE_ES_Main entering CORE_STARTUP state
1980-001-01:19:51.95998 CFE_ES_CreateObjects: Starting Object Creation calls.
1980-001-01:19:51.95999 CFE_ES_CreateObjects: Calling EarlyInit for CFE_CONFIG
1980-001-01:19:51.96005 CFE_ES_CreateObjects: Calling EarlyInit for CFE_ES
1980-001-01:19:51.96016 CFE_ES_CreateObjects: Calling EarlyInit for CFE_EVS
1980-001-01:19:51.96017 CFE_EVS_EarlyInit: Event Log cleared following power-on reset
1980-001-01:19:51.96018 CFE_ES_CreateObjects: Calling EarlyInit for CFE_FS
1980-001-01:19:51.96018 CFE_ES_CreateObjects: Calling EarlyInit for CFE_SB
1980-001-01:19:51.96046 CFE_ES_CreateObjects: Calling EarlyInit for CFE_TBL
1980-001-01:19:51.96087 CFE_ES_CreateObjects: Calling EarlyInit for CFE_TIME
EVS Port1 1980-012-14:03:20.05259 66/1/CFE_ES 1: cFE ES Initialized: CFE_ES v7.0.1+dev1 (Draco) DEV BUILD, based on v7.0.1, EDS disabled
EVS Port1 1980-012-14:03:20.05265 66/1/CFE_ES 2: cFS Versions: cfe v7.0.1+dev1, osal v7.0.1+dev1, psp v7.0.1+dev1. cFE chksm 56223
EVS Port1 1980-012-14:03:20.05267 66/1/CFE_ES 91: Version Info: Mission SampleMission, version (null)
EVS Port1 1980-012-14:03:20.05270 66/1/CFE_ES 91: Version Info: Module CORE_API, version git:v7.0.1-106-g546a002
EVS Port1 1980-012-14:03:20.05270 66/1/CFE_ES 91: Version Info: Module CONFIG, version git:v7.0.1-106-g546a002
EVS Port1 1980-012-14:03:20.05271 66/1/CFE_ES 91: Version Info: Module ES, version git:v7.0.1-106-g546a002
EVS Port1 1980-012-14:03:20.05273 66/1/CFE_ES 91: Version Info: Module EVS, version git:v7.0.1-106-g546a002
EVS Port1 1980-012-14:03:20.05273 66/1/CFE_ES 91: Version Info: Module FS, version git:v7.0.1-106-g546a002
EVS Port1 1980-012-14:03:20.05274 66/1/CFE_ES 91: Version Info: Module SB, version git:v7.0.1-106-g546a002
EVS Port1 1980-012-14:03:20.05276 66/1/CFE_ES 91: Version Info: Module TBL, version git:v7.0.1-106-g546a002
EVS Port1 1980-012-14:03:20.05278 66/1/CFE_ES 91: Version Info: Module TIME, version git:v7.0.1-106-g546a002
EVS Port1 1980-012-14:03:20.05278 66/1/CFE_ES 91: Version Info: Module OSAL, version git:v7.0.1-45-g5befd8e
EVS Port1 1980-012-14:03:20.05279 66/1/CFE_ES 91: Version Info: Module PSP, version git:v7.0.1-26-g36c24cb
EVS Port1 1980-012-14:03:20.05281 66/1/CFE_ES 91: Version Info: Module MSG, version git:v7.0.1-106-g546a002
EVS Port1 1980-012-14:03:20.05287 66/1/CFE_ES 91: Version Info: Module SBR, version git:v7.0.1-106-g546a002
EVS Port1 1980-012-14:03:20.05288 66/1/CFE_ES 91: Version Info: Module RESOURCEID, version git:v7.0.1-106-g546a002
EVS Port1 1980-012-14:03:20.05290 66/1/CFE_ES 92: Build 202610010630 by root@vm, config sample
EVS Port1 1980-012-14:03:20.15061 66/1/CFE_EVS 1: cFE EVS Initialized: CFE_EVS v7.0.1+dev1 (Draco) DEV BUILD, based on v7.0.1, EDS disabled
1980-012-14:03:20.25098 CFE_SB_AppInit: Registered 4 events for filtering
EVS Port1 1980-012-14:03:20.25109 66/1/CFE_SB 1: cFE SB Initialized: CFE_SB v7.0.1+dev1 (Draco) DEV BUILD, based on v7.0.1, EDS disabled
EVS Port1 1980-012-14:03:20.25120 66/1/CFE_SB 14: No subscribers for MsgId 0x808,sender CFE_SB
EVS Port1 1980-012-14:03:20.35153 66/1/CFE_TBL 1: cFE TBL Initialized: CFE_TBL v7.0.1+dev1 (Draco) DEV BUILD, based on v7.0.1, EDS disabled
EVS Port1 1980-012-14:03:20.35157 66/1/CFE_SB 14: No subscribers for MsgId 0x808,sender CFE_TBL
EVS Port1 1980-012-14:03:20.45201 66/1/CFE_TIME 1: cFE TIME Initialized: CFE_TIME v7.0.1+dev1 (Draco) DEV BUILD, based on v7.0.1, EDS disabled
EVS Port1 1980-012-14:03:20.45208 66/1/CFE_SB 14: No subscribers for MsgId 0x808,sender CFE_TIME
1980-012-14:03:20.50187 CFE_ES_CreateObjects: Finished ES CreateObject table entries.
1980-012-14:03:20.50191 CFE_ES_Main: CFE_ES_Main entering CORE_READY state
1980-012-14:03:20.50193 CFE_ES_OpenStartupScript: Opened ES App Startup file: /cf/cfe_es_startup.scr
1980-012-14:03:20.50201 CFE_ES_ParseFileEntry: Loading file: /cf/probe_lo.so, APP: PROBE_LO
1980-012-14:03:20.50229 CFE_ES_ParseFileEntry: Loading file: /cf/probe_hi.so, APP: PROBE_HI
1980-012-14:03:20.50245 CFE_ES_ParseFileEntry: Loading file: /cf/probe_slow.so, APP: PROBE_SLOW
1980-012-14:03:20.50261 CFE_ES_ParseFileEntry: Loading file: /cf/probe_own.so, APP: PROBE_OWN
1980-012-14:03:20.50278 CFE_ES_ParseFileEntry: Loading file: /cf/probe_shr.so, APP: PROBE_SHR
1980-012-14:03:20.55242 PROBE PROBE_LO ENTRY mono_us=4792513312 policy=0 rtprio=0 cpu=0
1980-012-14:03:20.55248 EVS_NotRegistered: App PROBE_LO not registered with Event Services. Unable to send event.
1980-012-14:03:20.55248 PROBE PROBE_LO SendEvent_before_Register st=0xc2000002
1980-012-14:03:20.55250 PROBE PROBE_LO EVS_Register st=0x00000000
1980-012-14:03:20.55253 PROBE PROBE_HI ENTRY mono_us=4792513428 policy=0 rtprio=0 cpu=0
1980-012-14:03:20.55254 EVS_NotRegistered: App PROBE_HI not registered with Event Services. Unable to send event.
1980-012-14:03:20.55255 PROBE PROBE_HI SendEvent_before_Register st=0xc2000002
1980-012-14:03:20.55255 PROBE PROBE_HI EVS_Register st=0x00000000
1980-012-14:03:20.55276 PROBE PROBE_SLOW ENTRY mono_us=4792513657 policy=0 rtprio=0 cpu=0
1980-012-14:03:20.55288 PROBE PROBE_OWN ENTRY appid=1114121 mono_us=4792513778
1980-012-14:03:20.55291 PROBE PROBE_OWN Register(T,single) st=0x00000000 mono_us=4792513806
1980-012-14:03:20.55292 PROBE PROBE_OWN GetAddress(T) BEFORE load st=0xcc000005 ptr=(nil)
1980-012-14:03:20.55292 PROBE PROBE_OWN ReleaseAddress(T) BEFORE load st=0xcc000005
1980-012-14:03:20.55293 PROBE PROBE_OWN Load(T,v1) st=0x00000000
1980-012-14:03:20.55294 PROBE PROBE_OWN Register(D,double) st=0x00000000 mono_us=4792513834
1980-012-14:03:20.55295 PROBE PROBE_OWN Load(D,v1) st=0x00000000
1980-012-14:03:20.55295 PROBE PROBE_OWN Register(E,double) st=0x00000000
1980-012-14:03:20.55296 PROBE PROBE_OWN Load(E,v1) st=0x00000000
1980-012-14:03:20.55296 PROBE PROBE_OWN GetAddress(T) st=0x4c00000e val=1 (holding)
1980-012-14:03:20.55297 CFE_TBL_GetInactiveBufferExclusive: Inactive Buff Locked for 'PROBE_OWN.T' by AppId=1114121
1980-012-14:03:20.55304 PROBE PROBE_SHR ENTRY mono_us=4792513931
1980-012-14:03:20.55302 CFE_TBL_UpdateInternal: Unable to update locked table Handle=1769473
EVS Port1 1980-012-14:03:20.55305 66/1/CFE_TBL 95: PROBE_OWN: Failed to update 'PROBE_OWN.T' (Stat=1275068440)
EVS Port1 1980-012-14:03:20.55307 66/1/CFE_SB 14: No subscribers for MsgId 0x808,sender PROBE_OWN
1980-012-14:03:20.55309 PROBE PROBE_OWN Load(T,v2) while self holds lock st=0x4c000018 val_seen=1
1980-012-14:03:20.55310 PROBE PROBE_OWN ReleaseAddress(T) st=0x00000000
1980-012-14:03:20.55310 PROBE PROBE_OWN GetStatus(T) st=0x4c000004
EVS Port1 1980-012-14:03:20.55311 66/1/CFE_TBL 37: PROBE_OWN Successfully Updated 'PROBE_OWN.T'
1980-012-14:03:20.55312 PROBE PROBE_OWN Manage(T) st=0x4c00000e
1980-012-14:03:20.55312 PROBE PROBE_OWN GetAddress(T) after manage st=0x4c00000e val=2
1980-012-14:03:21.50507 CFE_ES_Main: Startup Sync failed - Applications may not have all initialized
1980-012-14:03:21.50511 CFE_ES_Main: CFE_ES_Main entering APPS_INIT state
EVS Port1 1980-012-14:03:21.00003 66/1/CFE_TIME 21: Stop FLYWHEEL
1980-012-14:03:21.56365 CFE_ES_Main: Startup Sync failed - Applications may not have all started
1980-012-14:03:21.56369 CFE_ES_Main: CFE_ES_Main entering OPERATIONAL state
1980-012-14:03:21.61375 PROBE PROBE_HI WaitForSystemState(OPERATIONAL,5000) st=0x00000000 waited_us=2004898 mono_us=4794518350
1980-012-14:03:21.61379 PROBE PROBE_SHR OPERATIONAL t0 mono_us=4794518397
1980-012-14:03:21.61380 PROBE PROBE_OWN OPERATIONAL t0 mono_us=4794518407
1980-012-14:03:21.61381 PROBE PROBE_LO WaitForSystemState(OPERATIONAL,5000) st=0x00000000 waited_us=2005021 mono_us=4794518414
1980-012-14:03:21.61383 PROBE PROBE_SHR Share(T) st=0x00000000
1980-012-14:03:21.61385 PROBE PROBE_SHR Share(D) st=0x00000000
1980-012-14:03:21.61386 PROBE PROBE_SHR Share(E) st=0x00000000
1980-012-14:03:22.10919 PROBE PROBE_SLOW AFTER_PRE_DELAY mono_us=4795013782 policy=0 rtprio=0 cpu=0
1980-012-14:03:22.10924 EVS_NotRegistered: App PROBE_SLOW not registered with Event Services. Unable to send event.
1980-012-14:03:22.10924 PROBE PROBE_SLOW SendEvent_before_Register st=0xc2000002
1980-012-14:03:22.10925 PROBE PROBE_SLOW EVS_Register st=0x00000000
1980-012-14:03:22.10925 PROBE PROBE_SLOW WaitForSystemState(OPERATIONAL,5000) st=0x00000000 waited_us=0 mono_us=4795013847
1980-012-14:03:22.62237 PROBE PROBE_SHR t+1s GetAddress(D) st=0x4c00000e val=1 ptr=0x55b0525b3a10 (holding)
1980-012-14:03:22.62243 PROBE PROBE_SHR t+1s GetAddress(E) st=0x4c00000e val=1 ptr=0x55b0525b3a70 (holding once)
EVS Port1 1980-012-14:03:23.62510 66/1/CFE_TBL 35: Successfully loaded 'PROBE_OWN.D' from 'Addr 0x7F52FF054E00'
1980-012-14:03:23.62519 PROBE PROBE_OWN t+2s Load(D,v2) while SHR holds D st=0x00000000
EVS Port1 1980-012-14:03:23.62519 66/1/CFE_TBL 35: Successfully loaded 'PROBE_OWN.E' from 'Addr 0x7F52FF054E00'
1980-012-14:03:23.62521 PROBE PROBE_OWN t+2s Load(E,v2) while SHR holds E (once) st=0x00000000
1980-012-14:03:24.63227 PROBE PROBE_SHR t+3s held D ptr=0x55b0525b3a10 val=1 (owner loaded v2 at t+2s)
1980-012-14:03:24.63232 PROBE PROBE_SHR t+3s second GetAddress(D) st=0x4c00000e ptr=0x55b0525b39e0 val=2
1980-012-14:03:24.63232 PROBE PROBE_SHR t+3s held E ptr=0x55b0525b3a70 val=1 (owner loaded v2 at t+2s)
1980-012-14:03:25.04597 CFE_ES_RunExceptionScan: ExceptionID 0x1110000 in TaskID 0: Caught SIGINT
1980-012-14:03:25.04600 CFE_ES_RunExceptionScan: Processor Reset count not reached (0/2)
CFE_PSP: Exiting cFE with PROCESSOR Reset status.

CFE_PSP: Shutdown initiated - Exiting cFE
