Submodule 'apps/cf' (https://github.com/nasa/CF.git) registered for path 'apps/cf'
Submodule 'apps/ci_lab' (https://github.com/nasa/ci_lab.git) registered for path 'apps/ci_lab'
Submodule 'apps/cs' (https://github.com/nasa/CS.git) registered for path 'apps/cs'
Submodule 'apps/ds' (https://github.com/nasa/DS.git) registered for path 'apps/ds'
Submodule 'apps/fm' (https://github.com/nasa/FM.git) registered for path 'apps/fm'
Submodule 'apps/hk' (https://github.com/nasa/HK.git) registered for path 'apps/hk'
Submodule 'apps/hs' (https://github.com/nasa/HS.git) registered for path 'apps/hs'
Submodule 'apps/lc' (https://github.com/nasa/LC.git) registered for path 'apps/lc'
Submodule 'apps/md' (https://github.com/nasa/MD.git) registered for path 'apps/md'
Submodule 'apps/mm' (https://github.com/nasa/MM.git) registered for path 'apps/mm'
Submodule 'apps/sample_app' (https://github.com/nasa/sample_app.git) registered for path 'apps/sample_app'
Submodule 'apps/sbn' (https://github.com/nasa/SBN.git) registered for path 'apps/sbn'
Submodule 'apps/sc' (https://github.com/nasa/SC.git) registered for path 'apps/sc'
Submodule 'apps/sch_lab' (https://github.com/nasa/sch_lab.git) registered for path 'apps/sch_lab'
Submodule 'apps/to_lab' (https://github.com/nasa/to_lab.git) registered for path 'apps/to_lab'
Submodule 'cfe' (https://github.com/nasa/cFE.git) registered for path 'cfe'
Submodule 'libs/sample_lib' (https://github.com/nasa/sample_lib.git) registered for path 'libs/sample_lib'
Submodule 'osal' (https://github.com/nasa/osal.git) registered for path 'osal'
Submodule 'psp' (https://github.com/nasa/PSP.git) registered for path 'psp'
Submodule 'tools/cFS-GroundSystem' (https://github.com/nasa/cFS-GroundSystem.git) registered for path 'tools/cFS-GroundSystem'
Submodule 'tools/cfs-cosmos-plugin' (https://github.com/nasa/cfs-cosmos-plugin.git) registered for path 'tools/cfs-cosmos-plugin'
Submodule 'tools/commandline-tools' (https://github.com/nasa/cfs-commandline-tools.git) registered for path 'tools/commandline-tools'
Submodule 'tools/eds' (https://github.com/nasa/EdsLib.git) registered for path 'tools/eds'
Submodule 'tools/elf2cfetbl' (https://github.com/nasa/elf2cfetbl.git) registered for path 'tools/elf2cfetbl'
Submodule 'tools/tblCRCTool' (https://github.com/nasa/tblCRCTool.git) registered for path 'tools/tblCRCTool'
Cloning into '/home/user/work/procrace/cfs_ref/cFS/apps/cf'...
Cloning into '/home/user/work/procrace/cfs_ref/cFS/apps/ci_lab'...
Cloning into '/home/user/work/procrace/cfs_ref/cFS/apps/cs'...
Cloning into '/home/user/work/procrace/cfs_ref/cFS/apps/ds'...
Cloning into '/home/user/work/procrace/cfs_ref/cFS/apps/fm'...
Cloning into '/home/user/work/procrace/cfs_ref/cFS/apps/hk'...
Cloning into '/home/user/work/procrace/cfs_ref/cFS/apps/hs'...
Cloning into '/home/user/work/procrace/cfs_ref/cFS/apps/lc'...
Cloning into '/home/user/work/procrace/cfs_ref/cFS/apps/md'...
Cloning into '/home/user/work/procrace/cfs_ref/cFS/apps/mm'...
Cloning into '/home/user/work/procrace/cfs_ref/cFS/apps/sample_app'...
Cloning into '/home/user/work/procrace/cfs_ref/cFS/apps/sbn'...
Cloning into '/home/user/work/procrace/cfs_ref/cFS/apps/sc'...
Cloning into '/home/user/work/procrace/cfs_ref/cFS/apps/sch_lab'...
Cloning into '/home/user/work/procrace/cfs_ref/cFS/apps/to_lab'...
Cloning into '/home/user/work/procrace/cfs_ref/cFS/cfe'...
Cloning into '/home/user/work/procrace/cfs_ref/cFS/libs/sample_lib'...
Cloning into '/home/user/work/procrace/cfs_ref/cFS/osal'...
Cloning into '/home/user/work/procrace/cfs_ref/cFS/psp'...
Cloning into '/home/user/work/procrace/cfs_ref/cFS/tools/cFS-GroundSystem'...
Cloning into '/home/user/work/procrace/cfs_ref/cFS/tools/cfs-cosmos-plugin'...
Cloning into '/home/user/work/procrace/cfs_ref/cFS/tools/commandline-tools'...
Cloning into '/home/user/work/procrace/cfs_ref/cFS/tools/eds'...
Cloning into '/home/user/work/procrace/cfs_ref/cFS/tools/elf2cfetbl'...
Cloning into '/home/user/work/procrace/cfs_ref/cFS/tools/tblCRCTool'...
Submodule path 'apps/cf': checked out '15a871e66cad7ec75e1be78989a93075ff142055'
Submodule path 'apps/ci_lab': checked out 'f5d36625336249312ee9d5815bc875e231815bb4'
Submodule path 'apps/cs': checked out '8510c5c0bd3e3b777086ad4b48aee3e79875553a'
Submodule path 'apps/ds': checked out 'c31e982eca47739dfcf31d4b40cad6068423e6a2'
Submodule path 'apps/fm': checked out 'ed51c5733c0f2d2f521d72f80d1b9254d2c8b5d0'
Submodule path 'apps/hk': checked out '766dab1591b95ff89d99baaab9b43d234de4e699'
Submodule path 'apps/hs': checked out '947b903174bca0878210e7fbc53104cff8e7b335'
Submodule path 'apps/lc': checked out 'a1c3a47ea1fa5c0d7751d6ff88848dc9bd8a6c7a'
Submodule path 'apps/md': checked out '7e027886b22eb9e6492d59700cdc4549b116c698'
Submodule path 'apps/mm': checked out 'f3ee4e678df1fe64b9ee267b7e2a888352e178d5'
Submodule path 'apps/sample_app': checked out '2f93d1a4159a02b18d67ee83342c9e96b90e23e4'
Submodule path 'apps/sbn': checked out '3b7b37572d63c3f8e85b1f0fa95853c1b78dcf96'
Submodule path 'apps/sc': checked out '76db5f7b0dde4ea22b41d19962564826967bc123'
Submodule path 'apps/sch_lab': checked out 'bc848cd8a6c0407023b959191e8aa39a01928444'
Submodule path 'apps/to_lab': checked out '38f7312ec4c1109b8f1c0738730b6e5ac5860f05'
Submodule path 'cfe': checked out 'c5fb2b4d540bd55eb6c3707da7dd13eee679d4dd'
Submodule path 'libs/sample_lib': checked out '2d8b7e862673ef90da4355890e18e92822e8acd7'
Submodule path 'osal': checked out 'd2d877a69cff47452bcca274b309147d48e6c16f'
Submodule path 'psp': checked out 'c4b3b0b65b119e106481ad8e20976ae4d7f554e3'
Submodule path 'tools/cFS-GroundSystem': checked out '07a33a81fe7a88d248d9a5dc59bcf433e34594d7'
Submodule path 'tools/cfs-cosmos-plugin': checked out '358339d9fbb0516fdf00306cafc6d2cc7f869cd0'
Submodule path 'tools/commandline-tools': checked out 'd70c56ec035694c9a64b317897403266166f5d68'
Submodule path 'tools/eds': checked out '2acc963b34f77692c6396555dcfb10ef43eb1046'
Submodule path 'tools/elf2cfetbl': checked out '118b55fe1d128b48dc45fd36278b87827c6d3faa'
Submodule path 'tools/tblCRCTool': checked out 'cc61e89535db9fabe35fe26d1a600889f06b3104'
