## exe tree
.
./cpu1
./cpu1/bin-sem-test
./cpu1/bin-sem-timeout-test
./cpu1/cf
./cpu1/condvar-test
./cpu1/container-start
./cpu1/core-cpu1
./cpu1/count-sem-test
./cpu1/count-sem-timeout-test
./cpu1/coverage-cf-cf_app-testrunner
./cpu1/coverage-cf-cf_cfdp-testrunner
./cpu1/coverage-cf-cf_cfdp_dispatch-testrunner
./cpu1/coverage-cf-cf_cfdp_r-testrunner
./cpu1/coverage-cf-cf_cfdp_s-testrunner
./cpu1/coverage-cf-cf_cfdp_sbintf-testrunner
./cpu1/coverage-cf-cf_chunk-testrunner
./cpu1/coverage-cf-cf_clist-testrunner
./cpu1/coverage-cf-cf_cmd-testrunner
./cpu1/coverage-cf-cf_codec-testrunner
./cpu1/coverage-cf-cf_crc-testrunner
./cpu1/coverage-cf-cf_dispatch-testrunner
./cpu1/coverage-cf-cf_timer-testrunner
./cpu1/coverage-cf-cf_utils-testrunner
./cpu1/coverage-config-ALL-testrunner
./cpu1/coverage-cs-cs_app-testrunner
./cpu1/coverage-cs-cs_app_cmds-testrunner
./cpu1/coverage-cs-cs_cmds-testrunner
./cpu1/coverage-cs-cs_compute-testrunner
./cpu1/coverage-cs-cs_dispatch-testrunner
./cpu1/coverage-cs-cs_eeprom_cmds-testrunner
./cpu1/coverage-cs-cs_init-testrunner
./cpu1/coverage-cs-cs_memory_cmds-testrunner
./cpu1/coverage-cs-cs_table_cmds-testrunner
./cpu1/coverage-cs-cs_table_processing-testrunner
./cpu1/coverage-cs-cs_utils-testrunner
./cpu1/coverage-ds-ds_app-testrunner
./cpu1/coverage-ds-ds_cmds-testrunner
./cpu1/coverage-ds-ds_dispatch-testrunner
./cpu1/coverage-ds-ds_file-testrunner
./cpu1/coverage-ds-ds_table-testrunner
./cpu1/coverage-es-ALL-testrunner
./cpu1/coverage-evs-ALL-testrunner
./cpu1/coverage-fm-fm_app-testrunner
./cpu1/coverage-fm-fm_child-testrunner
./cpu1/coverage-fm-fm_cmd_utils-testrunner
./cpu1/coverage-fm-fm_cmds-testrunner
./cpu1/coverage-fm-fm_dispatch-testrunner
./cpu1/coverage-fm-fm_table_utils-testrunner
./cpu1/coverage-fs-ALL-testrunner
./cpu1/coverage-hk-hk_app-testrunner
./cpu1/coverage-hk-hk_cmds-testrunner
./cpu1/coverage-hk-hk_dispatch-testrunner
./cpu1/coverage-hk-hk_utils-testrunner
./cpu1/coverage-hs-hs_app-testrunner
./cpu1/coverage-hs-hs_cmds-testrunner
./cpu1/coverage-hs-hs_dispatch-testrunner
./cpu1/coverage-hs-hs_monitors-testrunner
./cpu1/coverage-hs-hs_sysmon-testrunner
./cpu1/coverage-hs-hs_utils-testrunner
./cpu1/coverage-lc-lc_action-testrunner
./cpu1/coverage-lc-lc_app-testrunner
./cpu1/coverage-lc-lc_cmds-testrunner
./cpu1/coverage-lc-lc_custom-testrunner
./cpu1/coverage-lc-lc_dispatch-testrunner
./cpu1/coverage-lc-lc_utils-testrunner
./cpu1/coverage-lc-lc_watch-testrunner
./cpu1/coverage-md-md_app-testrunner
./cpu1/coverage-md-md_cmds-testrunner
./cpu1/coverage-md-md_dispatch-testrunner
./cpu1/coverage-md-md_dwell_pkt-testrunner
./cpu1/coverage-md-md_dwell_tbl-testrunner
./cpu1/coverage-md-md_utils-testrunner
./cpu1/coverage-mm-mm_app-testrunner
./cpu1/coverage-mm-mm_cmds-testrunner
./cpu1/coverage-mm-mm_dispatch-testrunner
./cpu1/coverage-mm-mm_dump-testrunner
./cpu1/coverage-mm-mm_load-testrunner
./cpu1/coverage-mm-mm_mem16-testrunner
./cpu1/coverage-mm-mm_mem32-testrunner
./cpu1/coverage-mm-mm_mem8-testrunner
./cpu1/coverage-mm-mm_utils-testrunner
./cpu1/coverage-msg-ALL-testrunner
./cpu1/coverage-pspmod-eeprom_direct-testrunner
./cpu1/coverage-pspmod-eeprom_mmap_file-testrunner
./cpu1/coverage-pspmod-eeprom_notimpl-testrunner
./cpu1/coverage-pspmod-endian_api-testrunner
./cpu1/coverage-pspmod-iodriver-testrunner
./cpu1/coverage-pspmod-network_pc686_rtems-testrunner
./cpu1/coverage-pspmod-port_direct-testrunner
./cpu1/coverage-pspmod-port_notimpl-testrunner
./cpu1/coverage-pspmod-ram_direct-testrunner
./cpu1/coverage-pspmod-ram_notimpl-testrunner
./cpu1/coverage-pspmod-soft_timebase-testrunner
./cpu1/coverage-pspmod-timebase_vxworks-testrunner
./cpu1/coverage-pspmod-vxworks_sysmon-testrunner
./cpu1/coverage-sample_app-sample_app-testrunner
./cpu1/coverage-sample_app-sample_app_cmds-testrunner
./cpu1/coverage-sample_app-sample_app_dispatch-testrunner
./cpu1/coverage-sample_app-sample_app_utils-testrunner
./cpu1/coverage-sample_lib-ALL-testrunner
./cpu1/coverage-sb-ALL-testrunner
./cpu1/coverage-sc-sc_app-testrunner
./cpu1/coverage-sc-sc_atsrq-testrunner
./cpu1/coverage-sc-sc_cmds-testrunner
./cpu1/coverage-sc-sc_dispatch-testrunner
./cpu1/coverage-sc-sc_loads-testrunner
./cpu1/coverage-sc-sc_rtsrq-testrunner
./cpu1/coverage-sc-sc_state-testrunner
./cpu1/coverage-sc-sc_utils-testrunner
./cpu1/coverage-shared-binsem-testrunner
./cpu1/coverage-shared-clock-testrunner
./cpu1/coverage-shared-common-testrunner
./cpu1/coverage-shared-condvar-testrunner
./cpu1/coverage-shared-countsem-testrunner
./cpu1/coverage-shared-dir-testrunner
./cpu1/coverage-shared-errors-testrunner
./cpu1/coverage-shared-file-testrunner
./cpu1/coverage-shared-filesys-testrunner
./cpu1/coverage-shared-heap-testrunner
./cpu1/coverage-shared-idmap-testrunner
./cpu1/coverage-shared-module-testrunner
./cpu1/coverage-shared-mutex-testrunner
./cpu1/coverage-shared-network-testrunner
./cpu1/coverage-shared-printf-testrunner
./cpu1/coverage-shared-queue-testrunner
./cpu1/coverage-shared-rwlock-testrunner
./cpu1/coverage-shared-select-testrunner
./cpu1/coverage-shared-sockets-testrunner
./cpu1/coverage-shared-task-testrunner
./cpu1/coverage-shared-time-testrunner
./cpu1/coverage-shared-timebase-testrunner
./cpu1/coverage-shared-version-testrunner
./cpu1/coverage-tbl-ALL-testrunner
./cpu1/coverage-time-ALL-testrunner
./cpu1/coverage-ut-mcp750-vxworks-testrunner
./cpu1/coverage-ut-pc-rtems-testrunner
./cpu1/coverage-vxworks-binsem-testrunner
./cpu1/coverage-vxworks-bsd-select-testrunner
./cpu1/coverage-vxworks-bsd-sockets-dns-testrunner
./cpu1/coverage-vxworks-bsd-sockets-no-dns-testrunner
./cpu1/coverage-vxworks-bsd-sockets-testrunner
./cpu1/coverage-vxworks-common-testrunner
./cpu1/coverage-vxworks-console-bsp-testrunner
./cpu1/coverage-vxworks-console-testrunner
./cpu1/coverage-vxworks-countsem-testrunner
./cpu1/coverage-vxworks-dirs-globals-testrunner
./cpu1/coverage-vxworks-files-testrunner
./cpu1/coverage-vxworks-filesys-testrunner
./cpu1/coverage-vxworks-heap-testrunner
./cpu1/coverage-vxworks-idmap-testrunner
./cpu1/coverage-vxworks-loader-testrunner
./cpu1/coverage-vxworks-mutex-testrunner
./cpu1/coverage-vxworks-network-testrunner
./cpu1/coverage-vxworks-no-condvar-testrunner
./cpu1/coverage-vxworks-no-file-allocate-testrunner
./cpu1/coverage-vxworks-no-loader-testrunner
./cpu1/coverage-vxworks-no-network-gethostid-testrunner
./cpu1/coverage-vxworks-no-network-gethostname-testrunner
./cpu1/coverage-vxworks-no-shell-testrunner
./cpu1/coverage-vxworks-no-sockets-testrunner
./cpu1/coverage-vxworks-no-symtab-testrunner
./cpu1/coverage-vxworks-posix-dirs-testrunner
./cpu1/coverage-vxworks-posix-file-allocate-testrunner
./cpu1/coverage-vxworks-posix-files-testrunner
./cpu1/coverage-vxworks-posix-gettime-testrunner
./cpu1/coverage-vxworks-posix-io-testrunner
./cpu1/coverage-vxworks-queues-testrunner
./cpu1/coverage-vxworks-shell-testrunner
./cpu1/coverage-vxworks-sockets-testrunner
./cpu1/coverage-vxworks-symtab-testrunner
./cpu1/coverage-vxworks-tasks-testrunner
./cpu1/coverage-vxworks-timebase-testrunner
./cpu1/file-api-test
./cpu1/file-sys-add-fixed-map-api-test
./cpu1/idmap-api-test
./cpu1/mutex-test
./cpu1/network-api-test
./cpu1/osal-core-test
./cpu1/osal_core_UT
./cpu1/osal_file_UT
./cpu1/osal_filesys_UT
./cpu1/osal_loader_UT
./cpu1/osal_network_UT
./cpu1/osal_timer_UT
./cpu1/queue-test
./cpu1/resourceid_UT
./cpu1/rwlock-test
./cpu1/sbr_map_direct_UT
./cpu1/sbr_map_hash_UT
./cpu1/sbr_route_unsorted_UT
./cpu1/select-test
./cpu1/sem-speed-test
./cpu1/shell-test
./cpu1/symbol-api-test
./cpu1/time-base-api-test
./cpu1/timer-add-api-test
./cpu1/timer-test
./cpu1/utmod
./cpu2
./cpu2/bin-sem-test
./cpu2/bin-sem-timeout-test
./cpu2/cf
./cpu2/condvar-test
./cpu2/container-start
./cpu2/core-cpu2
./cpu2/count-sem-test
./cpu2/count-sem-timeout-test
./cpu2/coverage-cf-cf_app-testrunner
./cpu2/coverage-cf-cf_cfdp-testrunner
./cpu2/coverage-cf-cf_cfdp_dispatch-testrunner
./cpu2/coverage-cf-cf_cfdp_r-testrunner
./cpu2/coverage-cf-cf_cfdp_s-testrunner
./cpu2/coverage-cf-cf_cfdp_sbintf-testrunner
./cpu2/coverage-cf-cf_chunk-testrunner
./cpu2/coverage-cf-cf_clist-testrunner
./cpu2/coverage-cf-cf_cmd-testrunner
./cpu2/coverage-cf-cf_codec-testrunner
./cpu2/coverage-cf-cf_crc-testrunner
./cpu2/coverage-cf-cf_dispatch-testrunner
./cpu2/coverage-cf-cf_timer-testrunner
./cpu2/coverage-cf-cf_utils-testrunner
./cpu2/coverage-config-ALL-testrunner
./cpu2/coverage-cs-cs_app-testrunner
./cpu2/coverage-cs-cs_app_cmds-testrunner
./cpu2/coverage-cs-cs_cmds-testrunner
./cpu2/coverage-cs-cs_compute-testrunner
./cpu2/coverage-cs-cs_dispatch-testrunner
./cpu2/coverage-cs-cs_eeprom_cmds-testrunner
./cpu2/coverage-cs-cs_init-testrunner
./cpu2/coverage-cs-cs_memory_cmds-testrunner
./cpu2/coverage-cs-cs_table_cmds-testrunner
./cpu2/coverage-cs-cs_table_processing-testrunner
./cpu2/coverage-cs-cs_utils-testrunner
./cpu2/coverage-ds-ds_app-testrunner
./cpu2/coverage-ds-ds_cmds-testrunner
./cpu2/coverage-ds-ds_dispatch-testrunner
./cpu2/coverage-ds-ds_file-testrunner
./cpu2/coverage-ds-ds_table-testrunner
./cpu2/coverage-es-ALL-testrunner
./cpu2/coverage-evs-ALL-testrunner
./cpu2/coverage-fm-fm_app-testrunner
./cpu2/coverage-fm-fm_child-testrunner
./cpu2/coverage-fm-fm_cmd_utils-testrunner
./cpu2/coverage-fm-fm_cmds-testrunner
./cpu2/coverage-fm-fm_dispatch-testrunner
./cpu2/coverage-fm-fm_table_utils-testrunner
./cpu2/coverage-fs-ALL-testrunner
./cpu2/coverage-hk-hk_app-testrunner
./cpu2/coverage-hk-hk_cmds-testrunner
./cpu2/coverage-hk-hk_dispatch-testrunner
./cpu2/coverage-hk-hk_utils-testrunner
./cpu2/coverage-hs-hs_app-testrunner
./cpu2/coverage-hs-hs_cmds-testrunner
./cpu2/coverage-hs-hs_dispatch-testrunner
./cpu2/coverage-hs-hs_monitors-testrunner
./cpu2/coverage-hs-hs_sysmon-testrunner
./cpu2/coverage-hs-hs_utils-testrunner
./cpu2/coverage-lc-lc_action-testrunner
./cpu2/coverage-lc-lc_app-testrunner
./cpu2/coverage-lc-lc_cmds-testrunner
./cpu2/coverage-lc-lc_custom-testrunner
./cpu2/coverage-lc-lc_dispatch-testrunner
./cpu2/coverage-lc-lc_utils-testrunner
./cpu2/coverage-lc-lc_watch-testrunner
./cpu2/coverage-md-md_app-testrunner
./cpu2/coverage-md-md_cmds-testrunner
./cpu2/coverage-md-md_dispatch-testrunner
./cpu2/coverage-md-md_dwell_pkt-testrunner
./cpu2/coverage-md-md_dwell_tbl-testrunner
./cpu2/coverage-md-md_utils-testrunner
./cpu2/coverage-mm-mm_app-testrunner
./cpu2/coverage-mm-mm_cmds-testrunner
./cpu2/coverage-mm-mm_dispatch-testrunner
./cpu2/coverage-mm-mm_dump-testrunner
./cpu2/coverage-mm-mm_load-testrunner
./cpu2/coverage-mm-mm_mem16-testrunner
./cpu2/coverage-mm-mm_mem32-testrunner
./cpu2/coverage-mm-mm_mem8-testrunner
./cpu2/coverage-mm-mm_utils-testrunner
./cpu2/coverage-msg-ALL-testrunner
./cpu2/coverage-pspmod-eeprom_direct-testrunner
./cpu2/coverage-pspmod-eeprom_mmap_file-testrunner
./cpu2/coverage-pspmod-eeprom_notimpl-testrunner
./cpu2/coverage-pspmod-endian_api-testrunner
./cpu2/coverage-pspmod-iodriver-testrunner
./cpu2/coverage-pspmod-network_pc686_rtems-testrunner
./cpu2/coverage-pspmod-port_direct-testrunner
./cpu2/coverage-pspmod-port_notimpl-testrunner
./cpu2/coverage-pspmod-ram_direct-testrunner
./cpu2/coverage-pspmod-ram_notimpl-testrunner
./cpu2/coverage-pspmod-soft_timebase-testrunner
./cpu2/coverage-pspmod-timebase_vxworks-testrunner
./cpu2/coverage-pspmod-vxworks_sysmon-testrunner
./cpu2/coverage-sample_app-sample_app-testrunner
./cpu2/coverage-sample_app-sample_app_cmds-testrunner
./cpu2/coverage-sample_app-sample_app_dispatch-testrunner
./cpu2/coverage-sample_app-sample_app_utils-testrunner
./cpu2/coverage-sample_lib-ALL-testrunner
./cpu2/coverage-sb-ALL-testrunner
./cpu2/coverage-sc-sc_app-testrunner
./cpu2/coverage-sc-sc_atsrq-testrunner
./cpu2/coverage-sc-sc_cmds-testrunner
./cpu2/coverage-sc-sc_dispatch-testrunner
./cpu2/coverage-sc-sc_loads-testrunner
./cpu2/coverage-sc-sc_rtsrq-testrunner
./cpu2/coverage-sc-sc_state-testrunner
./cpu2/coverage-sc-sc_utils-testrunner
./cpu2/coverage-shared-binsem-testrunner
./cpu2/coverage-shared-clock-testrunner
./cpu2/coverage-shared-common-testrunner
./cpu2/coverage-shared-condvar-testrunner
./cpu2/coverage-shared-countsem-testrunner
./cpu2/coverage-shared-dir-testrunner
./cpu2/coverage-shared-errors-testrunner
./cpu2/coverage-shared-file-testrunner
./cpu2/coverage-shared-filesys-testrunner
./cpu2/coverage-shared-heap-testrunner
./cpu2/coverage-shared-idmap-testrunner
./cpu2/coverage-shared-module-testrunner
./cpu2/coverage-shared-mutex-testrunner
./cpu2/coverage-shared-network-testrunner
./cpu2/coverage-shared-printf-testrunner
./cpu2/coverage-shared-queue-testrunner
./cpu2/coverage-shared-rwlock-testrunner
./cpu2/coverage-shared-select-testrunner
./cpu2/coverage-shared-sockets-testrunner
./cpu2/coverage-shared-task-testrunner
./cpu2/coverage-shared-time-testrunner
./cpu2/coverage-shared-timebase-testrunner
./cpu2/coverage-shared-version-testrunner
./cpu2/coverage-tbl-ALL-testrunner
./cpu2/coverage-time-ALL-testrunner
./cpu2/coverage-ut-mcp750-vxworks-testrunner
./cpu2/coverage-ut-pc-rtems-testrunner
./cpu2/coverage-vxworks-binsem-testrunner
./cpu2/coverage-vxworks-bsd-select-testrunner
./cpu2/coverage-vxworks-bsd-sockets-dns-testrunner
./cpu2/coverage-vxworks-bsd-sockets-no-dns-testrunner
./cpu2/coverage-vxworks-bsd-sockets-testrunner
./cpu2/coverage-vxworks-common-testrunner
./cpu2/coverage-vxworks-console-bsp-testrunner
./cpu2/coverage-vxworks-console-testrunner
./cpu2/coverage-vxworks-countsem-testrunner
./cpu2/coverage-vxworks-dirs-globals-testrunner
./cpu2/coverage-vxworks-files-testrunner
./cpu2/coverage-vxworks-filesys-testrunner
./cpu2/coverage-vxworks-heap-testrunner
./cpu2/coverage-vxworks-idmap-testrunner
./cpu2/coverage-vxworks-loader-testrunner
./cpu2/coverage-vxworks-mutex-testrunner
./cpu2/coverage-vxworks-network-testrunner
./cpu2/coverage-vxworks-no-condvar-testrunner
./cpu2/coverage-vxworks-no-file-allocate-testrunner
./cpu2/coverage-vxworks-no-loader-testrunner
./cpu2/coverage-vxworks-no-network-gethostid-testrunner
./cpu2/coverage-vxworks-no-network-gethostname-testrunner
./cpu2/coverage-vxworks-no-shell-testrunner
./cpu2/coverage-vxworks-no-sockets-testrunner
./cpu2/coverage-vxworks-no-symtab-testrunner
./cpu2/coverage-vxworks-posix-dirs-testrunner
./cpu2/coverage-vxworks-posix-file-allocate-testrunner
./cpu2/coverage-vxworks-posix-files-testrunner
./cpu2/coverage-vxworks-posix-gettime-testrunner
./cpu2/coverage-vxworks-posix-io-testrunner
./cpu2/coverage-vxworks-queues-testrunner
./cpu2/coverage-vxworks-shell-testrunner
./cpu2/coverage-vxworks-sockets-testrunner
./cpu2/coverage-vxworks-symtab-testrunner
./cpu2/coverage-vxworks-tasks-testrunner
./cpu2/coverage-vxworks-timebase-testrunner
./cpu2/file-api-test
./cpu2/file-sys-add-fixed-map-api-test
./cpu2/idmap-api-test
./cpu2/mutex-test
./cpu2/network-api-test
./cpu2/osal-core-test
./cpu2/osal_core_UT
./cpu2/osal_file_UT
./cpu2/osal_filesys_UT
./cpu2/osal_loader_UT
./cpu2/osal_network_UT
./cpu2/osal_timer_UT
./cpu2/queue-test
./cpu2/resourceid_UT
./cpu2/rwlock-test
./cpu2/sbr_map_direct_UT
./cpu2/sbr_map_hash_UT
./cpu2/sbr_route_unsorted_UT
./cpu2/select-test
./cpu2/sem-speed-test
./cpu2/shell-test
./cpu2/symbol-api-test
./cpu2/time-base-api-test
./cpu2/timer-add-api-test
./cpu2/timer-test
./cpu2/utmod
./host
./host/cfe_ts_crc
./host/cmd_send
./host/elf2cfetbl
./host/tlm_recv
## cpu1/cfe_es_startup.scr
cat: cpu1/cfe_es_startup.scr: No such file or directory
