## bundle: 088b2fa828db9ff7e00733f1908e0eeb59f66ce3 2026-05-13T08:34:06-04:00 Merge pull request #1018 from nasa/ic-latest-main
## git describe --tags: v7.0.1
## git submodule status
 15a871e66cad7ec75e1be78989a93075ff142055 apps/cf (v3.0.0-414-g15a871e)
 f5d36625336249312ee9d5815bc875e231815bb4 apps/ci_lab (v7.0.1)
 8510c5c0bd3e3b777086ad4b48aee3e79875553a apps/cs (v2.5.1-88-g8510c5c)
 c31e982eca47739dfcf31d4b40cad6068423e6a2 apps/ds (v2.6.1-131-gc31e982)
 ed51c5733c0f2d2f521d72f80d1b9254d2c8b5d0 apps/fm (v2.6.1-119-ged51c57)
 766dab1591b95ff89d99baaab9b43d234de4e699 apps/hk (v2.5.1-70-g766dab1)
 947b903174bca0878210e7fbc53104cff8e7b335 apps/hs (v2.4.1-140-g947b903)
 a1c3a47ea1fa5c0d7751d6ff88848dc9bd8a6c7a apps/lc (v2.2.1-118-ga1c3a47)
 7e027886b22eb9e6492d59700cdc4549b116c698 apps/md (v2.4.1-86-g7e02788)
 f3ee4e678df1fe64b9ee267b7e2a888352e178d5 apps/mm (v2.5.1-99-gf3ee4e6)
 2f93d1a4159a02b18d67ee83342c9e96b90e23e4 apps/sample_app (v7.0.1)
 3b7b37572d63c3f8e85b1f0fa95853c1b78dcf96 apps/sbn (v7.0.1)
 76db5f7b0dde4ea22b41d19962564826967bc123 apps/sc (v3.1.1-159-g76db5f7)
 bc848cd8a6c0407023b959191e8aa39a01928444 apps/sch_lab (v7.0.1)
 38f7312ec4c1109b8f1c0738730b6e5ac5860f05 apps/to_lab (v7.0.1)
 c5fb2b4d540bd55eb6c3707da7dd13eee679d4dd cfe (v6.8.0-rc1+dev393-1325-gc5fb2b4d)
 2d8b7e862673ef90da4355890e18e92822e8acd7 libs/sample_lib (v7.0.0-10-g2d8b7e8)
 d2d877a69cff47452bcca274b309147d48e6c16f osal (5.0.0-bv-1244-gd2d877a6)
 c4b3b0b65b119e106481ad8e20976ae4d7f554e3 psp (equuleus-rc1-106-gc4b3b0b)
 07a33a81fe7a88d248d9a5dc59bcf433e34594d7 tools/cFS-GroundSystem (v7.0.1)
 358339d9fbb0516fdf00306cafc6d2cc7f869cd0 tools/cfs-cosmos-plugin (v7.0.1)
 d70c56ec035694c9a64b317897403266166f5d68 tools/commandline-tools (v7.0.1)
 2acc963b34f77692c6396555dcfb10ef43eb1046 tools/eds (v7.0.1)
 118b55fe1d128b48dc45fd36278b87827c6d3faa tools/elf2cfetbl (v7.0.1)
 cc61e89535db9fabe35fe26d1a600889f06b3104 tools/tblCRCTool (v7.0.1)
## nested .gitmodules inside submodules (non-empty means nested submodules exist):
apps/hk/.gitmodules
## git status --porcelain (expected empty):
