rm -f "build-native_std/stamp.prep"
env  make --no-print-directory -f /home/user/work/procrace/cfs_cord/cFS/target-rules.mk \
	CFG=native_std GOAL=native_std.prep STAMPFILE=build-native_std/stamp.prep all
mkdir -p "build-native_std"
cmake -DENABLE_UNIT_TESTS=TRUE -DSIMULATION=native -DCFE_EDS_ENABLED=OFF -DMISSIONCONFIG=sample -DCMAKE_BUILD_TYPE=debug -DCMAKE_EXPORT_COMPILE_COMMANDS=TRUE -DCMAKE_BUILD_TYPE=debug -S "/home/user/work/procrace/cfs_cord/cFS/cfe" -DCMAKE_INSTALL_PREFIX=/exe -B "build-native_std" 
-- The C compiler identification is GNU 13.3.0
-- Detecting C compiler ABI info
-- Detecting C compiler ABI info - done
-- Check for working C compiler: /usr/bin/cc - skipped
-- Detecting C compile features
-- Detecting C compile features - done
-- OMIT_DEPRECATED=false: Deprecated elements included in build
-- Performing Test IS_OPTION_SUPPORTED
-- Performing Test IS_OPTION_SUPPORTED - Success
-- Performing Test IS_OPTION_SUPPORTED
-- Performing Test IS_OPTION_SUPPORTED - Success
-- Performing Test IS_OPTION_SUPPORTED
-- Performing Test IS_OPTION_SUPPORTED - Success
-- Performing Test IS_OPTION_SUPPORTED
-- Performing Test IS_OPTION_SUPPORTED - Success
-- Performing Test IS_OPTION_SUPPORTED
-- Performing Test IS_OPTION_SUPPORTED - Success
-- Performing Test IS_OPTION_SUPPORTED
-- Performing Test IS_OPTION_SUPPORTED - Success
-- Performing Test IS_OPTION_SUPPORTED
-- Performing Test IS_OPTION_SUPPORTED - Success
-- Search path for modules: apps;libs;psp/fsw/modules;cfe/modules
-- Module 'core_api' found at /home/user/work/procrace/cfs_cord/cFS/cfe/modules/core_api
-- Module 'core_private' found at /home/user/work/procrace/cfs_cord/cFS/cfe/modules/core_private
-- Module 'ci_lab' found at /home/user/work/procrace/cfs_cord/cFS/apps/ci_lab
-- Module 'to_lab' found at /home/user/work/procrace/cfs_cord/cFS/apps/to_lab
-- Module 'sch_lab' found at /home/user/work/procrace/cfs_cord/cFS/apps/sch_lab
-- Module 'cfe_assert' found at /home/user/work/procrace/cfs_cord/cFS/cfe/modules/cfe_assert
-- Module 'cfe_testcase' found at /home/user/work/procrace/cfs_cord/cFS/cfe/modules/cfe_testcase
-- Module 'sample_app' found at /home/user/work/procrace/cfs_cord/cFS/apps/sample_app
-- Module 'sample_lib' found at /home/user/work/procrace/cfs_cord/cFS/libs/sample_lib
-- Module 'cf' found at /home/user/work/procrace/cfs_cord/cFS/apps/cf
-- Module 'hs' found at /home/user/work/procrace/cfs_cord/cFS/apps/hs
-- Module 'md' found at /home/user/work/procrace/cfs_cord/cFS/apps/md
-- Module 'mm' found at /home/user/work/procrace/cfs_cord/cFS/apps/mm
-- Module 'cs' found at /home/user/work/procrace/cfs_cord/cFS/apps/cs
-- Module 'fm' found at /home/user/work/procrace/cfs_cord/cFS/apps/fm
-- Module 'lc' found at /home/user/work/procrace/cfs_cord/cFS/apps/lc
-- Module 'sc' found at /home/user/work/procrace/cfs_cord/cFS/apps/sc
-- Module 'ds' found at /home/user/work/procrace/cfs_cord/cFS/apps/ds
-- Module 'hk' found at /home/user/work/procrace/cfs_cord/cFS/apps/hk
-- Module 'sbn' found at /home/user/work/procrace/cfs_cord/cFS/apps/sbn
-- Module 'sbn_udp' found at /home/user/work/procrace/cfs_cord/cFS/apps/sbn_udp
-- Module 'sbn_f_remap' found at /home/user/work/procrace/cfs_cord/cFS/apps/sbn_f_remap
-- Module 'config' found at /home/user/work/procrace/cfs_cord/cFS/cfe/modules/config
-- Module 'es' found at /home/user/work/procrace/cfs_cord/cFS/cfe/modules/es
-- Module 'evs' found at /home/user/work/procrace/cfs_cord/cFS/cfe/modules/evs
-- Module 'fs' found at /home/user/work/procrace/cfs_cord/cFS/cfe/modules/fs
-- Module 'sb' found at /home/user/work/procrace/cfs_cord/cFS/cfe/modules/sb
-- Module 'tbl' found at /home/user/work/procrace/cfs_cord/cFS/cfe/modules/tbl
-- Module 'time' found at /home/user/work/procrace/cfs_cord/cFS/cfe/modules/time
-- Module 'osal' found at /home/user/work/procrace/cfs_cord/cFS/osal
-- Module 'psp' found at /home/user/work/procrace/cfs_cord/cFS/psp
-- Module 'msg' found at /home/user/work/procrace/cfs_cord/cFS/cfe/modules/msg
-- Module 'sbr' found at /home/user/work/procrace/cfs_cord/cFS/cfe/modules/sbr
-- Module 'resourceid' found at /home/user/work/procrace/cfs_cord/cFS/cfe/modules/resourceid
-- OSAL_SYSTEM_BSPTYPE not defined, no OSAL implementation will be compiled
-- Using file: /home/user/work/procrace/cfs_cord/cFS/cfe/modules/core_api/config/default_cfe_core_api_interface_cfg_values.h for cfe_core_api_interface_cfg_values.h
-- Using file: /home/user/work/procrace/cfs_cord/cFS/cfe/modules/core_api/config/default_cfe_core_api_msgid_mapping.h for cfe_core_api_msgid_mapping.h
-- Using file: /home/user/work/procrace/cfs_cord/cFS/cfe/modules/core_api/config/default_cfe_mission_cfg.h for cfe_mission_cfg.h
-- Using file: /home/user/work/procrace/cfs_cord/cFS/sample_defs/cfe_perfids.h for cfe_perfids.h
-- Using file: /home/user/work/procrace/cfs_cord/cFS/apps/ci_lab/config/default_ci_lab_fcncode_values.h for ci_lab_fcncode_values.h
-- Using file: /home/user/work/procrace/cfs_cord/cFS/apps/ci_lab/config/default_ci_lab_interface_cfg_values.h for ci_lab_interface_cfg_values.h
-- Using file: /home/user/work/procrace/cfs_cord/cFS/apps/ci_lab/config/default_ci_lab_mission_cfg.h for ci_lab_mission_cfg.h
-- Using file: /home/user/work/procrace/cfs_cord/cFS/apps/ci_lab/config/default_ci_lab_perfids.h for ci_lab_perfids.h
-- Using file: /home/user/work/procrace/cfs_cord/cFS/apps/ci_lab/config/default_ci_lab_msg.h for ci_lab_msg.h
-- Using file: /home/user/work/procrace/cfs_cord/cFS/apps/ci_lab/config/default_ci_lab_msgdefs.h for ci_lab_msgdefs.h
-- Using file: /home/user/work/procrace/cfs_cord/cFS/apps/ci_lab/config/default_ci_lab_msgstruct.h for ci_lab_msgstruct.h
-- Using file: /home/user/work/procrace/cfs_cord/cFS/apps/ci_lab/config/default_ci_lab_topicid_values.h for ci_lab_topicid_values.h
-- Using file: /home/user/work/procrace/cfs_cord/cFS/apps/to_lab/config/default_to_lab_fcncode_values.h for to_lab_fcncode_values.h
-- Using file: /home/user/work/procrace/cfs_cord/cFS/apps/to_lab/config/default_to_lab_interface_cfg_values.h for to_lab_interface_cfg_values.h
-- Using file: /home/user/work/procrace/cfs_cord/cFS/apps/to_lab/config/default_to_lab_mission_cfg.h for to_lab_mission_cfg.h
-- Using file: /home/user/work/procrace/cfs_cord/cFS/apps/to_lab/config/default_to_lab_perfids.h for to_lab_perfids.h
-- Using file: /home/user/work/procrace/cfs_cord/cFS/apps/to_lab/config/default_to_lab_msg.h for to_lab_msg.h
-- Using file: /home/user/work/procrace/cfs_cord/cFS/apps/to_lab/config/default_to_lab_msgdefs.h for to_lab_msgdefs.h
-- Using file: /home/user/work/procrace/cfs_cord/cFS/apps/to_lab/config/default_to_lab_msgstruct.h for to_lab_msgstruct.h
-- Using file: /home/user/work/procrace/cfs_cord/cFS/apps/to_lab/config/default_to_lab_tbl.h for to_lab_tbl.h
-- Using file: /home/user/work/procrace/cfs_cord/cFS/apps/to_lab/config/default_to_lab_tbldefs.h for to_lab_tbldefs.h
-- Using file: /home/user/work/procrace/cfs_cord/cFS/apps/to_lab/config/default_to_lab_tblstruct.h for to_lab_tblstruct.h
-- Using file: /home/user/work/procrace/cfs_cord/cFS/apps/to_lab/config/default_to_lab_topicid_values.h for to_lab_topicid_values.h
-- Using file: /home/user/work/procrace/cfs_cord/cFS/apps/sch_lab/config/default_sch_lab_interface_cfg_values.h for sch_lab_interface_cfg_values.h
-- Using file: /home/user/work/procrace/cfs_cord/cFS/apps/sch_lab/config/default_sch_lab_mission_cfg.h for sch_lab_mission_cfg.h
-- Using file: /home/user/work/procrace/cfs_cord/cFS/apps/sch_lab/config/default_sch_lab_perfids.h for sch_lab_perfids.h
-- Using file: /home/user/work/procrace/cfs_cord/cFS/apps/sch_lab/config/default_sch_lab_tbl.h for sch_lab_tbl.h
-- Using file: /home/user/work/procrace/cfs_cord/cFS/apps/sch_lab/config/default_sch_lab_tbldefs.h for sch_lab_tbldefs.h
-- Using file: /home/user/work/procrace/cfs_cord/cFS/apps/sch_lab/config/default_sch_lab_tblstruct.h for sch_lab_tblstruct.h
-- Using file: /home/user/work/procrace/cfs_cord/cFS/cfe/modules/cfe_testcase/config/default_cfe_test_msg.h for cfe_test_msg.h
-- Using file: /home/user/work/procrace/cfs_cord/cFS/cfe/modules/cfe_testcase/config/default_cfe_test_msgdefs.h for cfe_test_msgdefs.h
-- Using file: /home/user/work/procrace/cfs_cord/cFS/cfe/modules/cfe_testcase/config/default_cfe_test_msgstruct.h for cfe_test_msgstruct.h
-- Using file: /home/user/work/procrace/cfs_cord/cFS/cfe/modules/cfe_testcase/config/default_cfe_test_msgids.h for cfe_test_msgids.h
-- Using file: /home/user/work/procrace/cfs_cord/cFS/cfe/modules/cfe_testcase/config/default_cfe_test_msgid_values.h for cfe_test_msgid_values.h
-- Using file: /home/user/work/procrace/cfs_cord/cFS/cfe/modules/cfe_testcase/config/default_cfe_test_tbl.h for cfe_test_tbl.h
-- Using file: /home/user/work/procrace/cfs_cord/cFS/cfe/modules/cfe_testcase/config/default_cfe_test_tblstruct.h for cfe_test_tblstruct.h
-- Using file: /home/user/work/procrace/cfs_cord/cFS/cfe/modules/cfe_testcase/config/default_cfe_test_topicid_values.h for cfe_test_topicid_values.h
-- Using file: /home/user/work/procrace/cfs_cord/cFS/apps/sample_app/config/default_sample_app_fcncode_values.h for sample_app_fcncode_values.h
-- Using file: /home/user/work/procrace/cfs_cord/cFS/apps/sample_app/config/default_sample_app_interface_cfg_values.h for sample_app_interface_cfg_values.h
-- Using file: /home/user/work/procrace/cfs_cord/cFS/apps/sample_app/config/default_sample_app_mission_cfg.h for sample_app_mission_cfg.h
-- Using file: /home/user/work/procrace/cfs_cord/cFS/apps/sample_app/config/default_sample_app_perfids.h for sample_app_perfids.h
-- Using file: /home/user/work/procrace/cfs_cord/cFS/apps/sample_app/config/default_sample_app_msg.h for sample_app_msg.h
-- Using file: /home/user/work/procrace/cfs_cord/cFS/apps/sample_app/config/default_sample_app_msgdefs.h for sample_app_msgdefs.h
-- Using file: /home/user/work/procrace/cfs_cord/cFS/apps/sample_app/config/default_sample_app_msgstruct.h for sample_app_msgstruct.h
-- Using file: /home/user/work/procrace/cfs_cord/cFS/apps/sample_app/config/default_sample_app_tbl.h for sample_app_tbl.h
-- Using file: /home/user/work/procrace/cfs_cord/cFS/apps/sample_app/config/default_sample_app_tbldefs.h for sample_app_tbldefs.h
-- Using file: /home/user/work/procrace/cfs_cord/cFS/apps/sample_app/config/default_sample_app_tblstruct.h for sample_app_tblstruct.h
-- Using file: /home/user/work/procrace/cfs_cord/cFS/apps/sample_app/config/default_sample_app_topicid_values.h for sample_app_topicid_values.h
-- Using file: /home/user/work/procrace/cfs_cord/cFS/apps/cf/config/default_cf_extern_typedefs.h for cf_extern_typedefs.h
-- Using file: /home/user/work/procrace/cfs_cord/cFS/apps/cf/config/default_cf_fcncode_values.h for cf_fcncode_values.h
-- Using file: /home/user/work/procrace/cfs_cord/cFS/apps/cf/config/default_cf_interface_cfg_values.h for cf_interface_cfg_values.h
-- Using file: /home/user/work/procrace/cfs_cord/cFS/apps/cf/config/default_cf_mission_cfg.h for cf_mission_cfg.h
-- Using file: /home/user/work/procrace/cfs_cord/cFS/apps/cf/config/default_cf_msgdefs.h for cf_msgdefs.h
-- Using file: /home/user/work/procrace/cfs_cord/cFS/apps/cf/config/default_cf_msg.h for cf_msg.h
-- Using file: /home/user/work/procrace/cfs_cord/cFS/apps/cf/config/default_cf_msgstruct.h for cf_msgstruct.h
-- Using file: /home/user/work/procrace/cfs_cord/cFS/apps/cf/config/default_cf_tbldefs.h for cf_tbldefs.h
-- Using file: /home/user/work/procrace/cfs_cord/cFS/apps/cf/config/default_cf_tbl.h for cf_tbl.h
-- Using file: /home/user/work/procrace/cfs_cord/cFS/apps/cf/config/default_cf_tblstruct.h for cf_tblstruct.h
-- Using file: /home/user/work/procrace/cfs_cord/cFS/apps/cf/config/default_cf_topicid_values.h for cf_topicid_values.h
-- Using file: /home/user/work/procrace/cfs_cord/cFS/apps/hs/config/default_hs_fcncode_values.h for hs_fcncode_values.h
-- Using file: /home/user/work/procrace/cfs_cord/cFS/apps/hs/config/default_hs_interface_cfg_values.h for hs_interface_cfg_values.h
-- Using file: /home/user/work/procrace/cfs_cord/cFS/apps/hs/config/default_hs_mission_cfg.h for hs_mission_cfg.h
-- Using file: /home/user/work/procrace/cfs_cord/cFS/apps/hs/config/default_hs_msgdefs.h for hs_msgdefs.h
-- Using file: /home/user/work/procrace/cfs_cord/cFS/apps/hs/config/default_hs_msg.h for hs_msg.h
-- Using file: /home/user/work/procrace/cfs_cord/cFS/apps/hs/config/default_hs_msgstruct.h for hs_msgstruct.h
-- Using file: /home/user/work/procrace/cfs_cord/cFS/apps/hs/config/default_hs_tbldefs.h for hs_tbldefs.h
-- Using file: /home/user/work/procrace/cfs_cord/cFS/apps/hs/config/default_hs_tbl.h for hs_tbl.h
-- Using file: /home/user/work/procrace/cfs_cord/cFS/apps/hs/config/default_hs_tblstruct.h for hs_tblstruct.h
-- Using file: /home/user/work/procrace/cfs_cord/cFS/apps/hs/config/default_hs_topicid_values.h for hs_topicid_values.h
-- Using file: /home/user/work/procrace/cfs_cord/cFS/apps/md/config/default_md_fcncode_values.h for md_fcncode_values.h
-- Using file: /home/user/work/procrace/cfs_cord/cFS/apps/md/config/default_md_interface_cfg_values.h for md_interface_cfg_values.h
-- Using file: /home/user/work/procrace/cfs_cord/cFS/apps/md/config/default_md_mission_cfg.h for md_mission_cfg.h
-- Using file: /home/user/work/procrace/cfs_cord/cFS/apps/md/config/default_md_perfids.h for md_perfids.h
-- Using file: /home/user/work/procrace/cfs_cord/cFS/apps/md/config/default_md_msg.h for md_msg.h
-- Using file: /home/user/work/procrace/cfs_cord/cFS/apps/md/config/default_md_msgdefs.h for md_msgdefs.h
-- Using file: /home/user/work/procrace/cfs_cord/cFS/apps/md/config/default_md_msgstruct.h for md_msgstruct.h
-- Using file: /home/user/work/procrace/cfs_cord/cFS/apps/md/config/default_md_tbldefs.h for md_tbldefs.h
-- Using file: /home/user/work/procrace/cfs_cord/cFS/apps/md/config/default_md_tblstruct.h for md_tblstruct.h
-- Using file: /home/user/work/procrace/cfs_cord/cFS/apps/md/config/default_md_topicid_values.h for md_topicid_values.h
-- Using file: /home/user/work/procrace/cfs_cord/cFS/apps/md/config/default_md_extern_typedefs.h for md_extern_typedefs.h
-- Using file: /home/user/work/procrace/cfs_cord/cFS/apps/mm/config/default_mm_extern_typedefs.h for mm_extern_typedefs.h
-- Using file: /home/user/work/procrace/cfs_cord/cFS/apps/mm/config/default_mm_filedefs.h for mm_filedefs.h
-- Using file: /home/user/work/procrace/cfs_cord/cFS/apps/mm/config/default_mm_fcncode_values.h for mm_fcncode_values.h
-- Using file: /home/user/work/procrace/cfs_cord/cFS/apps/mm/config/default_mm_interface_cfg_values.h for mm_interface_cfg_values.h
-- Using file: /home/user/work/procrace/cfs_cord/cFS/apps/mm/config/default_mm_mission_cfg.h for mm_mission_cfg.h
-- Using file: /home/user/work/procrace/cfs_cord/cFS/apps/mm/config/default_mm_msgdefs.h for mm_msgdefs.h
-- Using file: /home/user/work/procrace/cfs_cord/cFS/apps/mm/config/default_mm_msg.h for mm_msg.h
-- Using file: /home/user/work/procrace/cfs_cord/cFS/apps/mm/config/default_mm_msgstruct.h for mm_msgstruct.h
-- Using file: /home/user/work/procrace/cfs_cord/cFS/apps/mm/config/default_mm_perfids.h for mm_perfids.h
-- Using file: /home/user/work/procrace/cfs_cord/cFS/apps/mm/config/default_mm_topicid_values.h for mm_topicid_values.h
-- Using file: /home/user/work/procrace/cfs_cord/cFS/apps/cs/config/default_cs_extern_typedefs.h for cs_extern_typedefs.h
-- Using file: /home/user/work/procrace/cfs_cord/cFS/apps/cs/config/default_cs_fcncode_values.h for cs_fcncode_values.h
-- Using file: /home/user/work/procrace/cfs_cord/cFS/apps/cs/config/default_cs_interface_cfg_values.h for cs_interface_cfg_values.h
-- Using file: /home/user/work/procrace/cfs_cord/cFS/apps/cs/config/default_cs_mission_cfg.h for cs_mission_cfg.h
-- Using file: /home/user/work/procrace/cfs_cord/cFS/apps/cs/config/default_cs_msgdefs.h for cs_msgdefs.h
-- Using file: /home/user/work/procrace/cfs_cord/cFS/apps/cs/config/default_cs_msg.h for cs_msg.h
-- Using file: /home/user/work/procrace/cfs_cord/cFS/apps/cs/config/default_cs_msgstruct.h for cs_msgstruct.h
-- Using file: /home/user/work/procrace/cfs_cord/cFS/apps/cs/config/default_cs_tbldefs.h for cs_tbldefs.h
-- Using file: /home/user/work/procrace/cfs_cord/cFS/apps/cs/config/default_cs_tbl.h for cs_tbl.h
-- Using file: /home/user/work/procrace/cfs_cord/cFS/apps/cs/config/default_cs_topicid_values.h for cs_topicid_values.h
-- Using file: /home/user/work/procrace/cfs_cord/cFS/apps/fm/config/default_fm_fcncode_values.h for fm_fcncode_values.h
-- Using file: /home/user/work/procrace/cfs_cord/cFS/apps/fm/config/default_fm_interface_cfg_values.h for fm_interface_cfg_values.h
-- Using file: /home/user/work/procrace/cfs_cord/cFS/apps/fm/config/default_fm_mission_cfg.h for fm_mission_cfg.h
-- Using file: /home/user/work/procrace/cfs_cord/cFS/apps/fm/config/default_fm_msg.h for fm_msg.h
-- Using file: /home/user/work/procrace/cfs_cord/cFS/apps/fm/config/default_fm_msgdefs.h for fm_msgdefs.h
-- Using file: /home/user/work/procrace/cfs_cord/cFS/apps/fm/config/default_fm_msgstruct.h for fm_msgstruct.h
-- Using file: /home/user/work/procrace/cfs_cord/cFS/apps/fm/config/default_fm_perfids.h for fm_perfids.h
-- Using file: /home/user/work/procrace/cfs_cord/cFS/apps/fm/config/default_fm_tbl.h for fm_tbl.h
-- Using file: /home/user/work/procrace/cfs_cord/cFS/apps/fm/config/default_fm_tbldefs.h for fm_tbldefs.h
-- Using file: /home/user/work/procrace/cfs_cord/cFS/apps/fm/config/default_fm_tblstruct.h for fm_tblstruct.h
-- Using file: /home/user/work/procrace/cfs_cord/cFS/apps/fm/config/default_fm_topicid_values.h for fm_topicid_values.h
-- Using file: /home/user/work/procrace/cfs_cord/cFS/apps/fm/config/default_fm_extern_typedefs.h for fm_extern_typedefs.h
-- Using file: /home/user/work/procrace/cfs_cord/cFS/apps/lc/config/default_lc_fcncode_values.h for lc_fcncode_values.h
-- Using file: /home/user/work/procrace/cfs_cord/cFS/apps/lc/config/default_lc_interface_cfg_values.h for lc_interface_cfg_values.h
-- Using file: /home/user/work/procrace/cfs_cord/cFS/apps/lc/config/default_lc_mission_cfg.h for lc_mission_cfg.h
-- Using file: /home/user/work/procrace/cfs_cord/cFS/apps/lc/config/default_lc_msgstruct.h for lc_msgstruct.h
-- Using file: /home/user/work/procrace/cfs_cord/cFS/apps/lc/config/default_lc_msgdefs.h for lc_msgdefs.h
-- Using file: /home/user/work/procrace/cfs_cord/cFS/apps/lc/config/default_lc_msg.h for lc_msg.h
-- Using file: /home/user/work/procrace/cfs_cord/cFS/apps/lc/config/default_lc_tblstruct.h for lc_tblstruct.h
-- Using file: /home/user/work/procrace/cfs_cord/cFS/apps/lc/config/default_lc_tbldefs.h for lc_tbldefs.h
-- Using file: /home/user/work/procrace/cfs_cord/cFS/apps/lc/config/default_lc_tbl.h for lc_tbl.h
-- Using file: /home/user/work/procrace/cfs_cord/cFS/apps/lc/config/default_lc_topicid_values.h for lc_topicid_values.h
-- Using file: /home/user/work/procrace/cfs_cord/cFS/apps/sc/config/default_sc_extern_typedefs.h for sc_extern_typedefs.h
-- Using file: /home/user/work/procrace/cfs_cord/cFS/apps/sc/config/default_sc_fcncode_values.h for sc_fcncode_values.h
-- Using file: /home/user/work/procrace/cfs_cord/cFS/apps/sc/config/default_sc_interface_cfg_values.h for sc_interface_cfg_values.h
-- Using file: /home/user/work/procrace/cfs_cord/cFS/apps/sc/config/default_sc_mission_cfg.h for sc_mission_cfg.h
-- Using file: /home/user/work/procrace/cfs_cord/cFS/apps/sc/config/default_sc_msgdefs.h for sc_msgdefs.h
-- Using file: /home/user/work/procrace/cfs_cord/cFS/apps/sc/config/default_sc_msg.h for sc_msg.h
-- Using file: /home/user/work/procrace/cfs_cord/cFS/apps/sc/config/default_sc_msgstruct.h for sc_msgstruct.h
-- Using file: /home/user/work/procrace/cfs_cord/cFS/apps/sc/config/default_sc_tbldefs.h for sc_tbldefs.h
-- Using file: /home/user/work/procrace/cfs_cord/cFS/apps/sc/config/default_sc_tbl.h for sc_tbl.h
-- Using file: /home/user/work/procrace/cfs_cord/cFS/apps/sc/config/default_sc_tblstruct.h for sc_tblstruct.h
-- Using file: /home/user/work/procrace/cfs_cord/cFS/apps/sc/config/default_sc_topicid_values.h for sc_topicid_values.h
-- Using file: /home/user/work/procrace/cfs_cord/cFS/apps/ds/config/default_ds_fcncode_values.h for ds_fcncode_values.h
-- Using file: /home/user/work/procrace/cfs_cord/cFS/apps/ds/config/default_ds_interface_cfg_values.h for ds_interface_cfg_values.h
-- Using file: /home/user/work/procrace/cfs_cord/cFS/apps/ds/config/default_ds_mission_cfg.h for ds_mission_cfg.h
-- Using file: /home/user/work/procrace/cfs_cord/cFS/apps/ds/config/default_ds_msgdefs.h for ds_msgdefs.h
-- Using file: /home/user/work/procrace/cfs_cord/cFS/apps/ds/config/default_ds_msgstruct.h for ds_msgstruct.h
-- Using file: /home/user/work/procrace/cfs_cord/cFS/apps/ds/config/default_ds_msg.h for ds_msg.h
-- Using file: /home/user/work/procrace/cfs_cord/cFS/apps/ds/config/default_ds_tbldefs.h for ds_tbldefs.h
-- Using file: /home/user/work/procrace/cfs_cord/cFS/apps/ds/config/default_ds_tblstruct.h for ds_tblstruct.h
-- Using file: /home/user/work/procrace/cfs_cord/cFS/apps/ds/config/default_ds_tbl.h for ds_tbl.h
-- Using file: /home/user/work/procrace/cfs_cord/cFS/apps/ds/config/default_ds_topicid_values.h for ds_topicid_values.h
-- Using file: /home/user/work/procrace/cfs_cord/cFS/apps/hk/config/default_hk_fcncode_values.h for hk_fcncode_values.h
-- Using file: /home/user/work/procrace/cfs_cord/cFS/apps/hk/config/default_hk_interface_cfg_values.h for hk_interface_cfg_values.h
-- Using file: /home/user/work/procrace/cfs_cord/cFS/apps/hk/config/default_hk_mission_cfg.h for hk_mission_cfg.h
-- Using file: /home/user/work/procrace/cfs_cord/cFS/apps/hk/config/default_hk_msgdefs.h for hk_msgdefs.h
-- Using file: /home/user/work/procrace/cfs_cord/cFS/apps/hk/config/default_hk_msg.h for hk_msg.h
-- Using file: /home/user/work/procrace/cfs_cord/cFS/apps/hk/config/default_hk_msgstruct.h for hk_msgstruct.h
-- Using file: /home/user/work/procrace/cfs_cord/cFS/apps/hk/config/default_hk_tbldefs.h for hk_tbldefs.h
-- Using file: /home/user/work/procrace/cfs_cord/cFS/apps/hk/config/default_hk_tbl.h for hk_tbl.h
-- Using file: /home/user/work/procrace/cfs_cord/cFS/apps/hk/config/default_hk_tblstruct.h for hk_tblstruct.h
-- Using file: /home/user/work/procrace/cfs_cord/cFS/apps/hk/config/default_hk_topicid_values.h for hk_topicid_values.h
-- Using file: /home/user/work/procrace/cfs_cord/cFS/cfe/modules/es/config/default_cfe_es_mission_cfg.h for cfe_es_mission_cfg.h
-- Using file: /home/user/work/procrace/cfs_cord/cFS/cfe/modules/es/config/default_cfe_es_interface_cfg_values.h for cfe_es_interface_cfg_values.h
-- Using file: /home/user/work/procrace/cfs_cord/cFS/cfe/modules/es/config/default_cfe_es_memaddress.h for cfe_es_memaddress.h
-- Using file: /home/user/work/procrace/cfs_cord/cFS/cfe/modules/es/config/default_cfe_es_extern_typedefs.h for cfe_es_extern_typedefs.h
-- Using file: /home/user/work/procrace/cfs_cord/cFS/cfe/modules/es/config/default_cfe_es_fcncode_values.h for cfe_es_fcncode_values.h
-- Using file: /home/user/work/procrace/cfs_cord/cFS/cfe/modules/es/config/default_cfe_es_msgdefs.h for cfe_es_msgdefs.h
-- Using file: /home/user/work/procrace/cfs_cord/cFS/cfe/modules/es/config/default_cfe_es_msg.h for cfe_es_msg.h
-- Using file: /home/user/work/procrace/cfs_cord/cFS/cfe/modules/es/config/default_cfe_es_msgstruct.h for cfe_es_msgstruct.h
-- Using file: /home/user/work/procrace/cfs_cord/cFS/cfe/modules/es/config/default_cfe_es_topicid_values.h for cfe_es_topicid_values.h
-- Using file: /home/user/work/procrace/cfs_cord/cFS/cfe/modules/evs/config/default_cfe_evs_mission_cfg.h for cfe_evs_mission_cfg.h
-- Using file: /home/user/work/procrace/cfs_cord/cFS/cfe/modules/evs/config/default_cfe_evs_interface_cfg_values.h for cfe_evs_interface_cfg_values.h
-- Using file: /home/user/work/procrace/cfs_cord/cFS/cfe/modules/evs/config/default_cfe_evs_extern_typedefs.h for cfe_evs_extern_typedefs.h
-- Using file: /home/user/work/procrace/cfs_cord/cFS/cfe/modules/evs/config/default_cfe_evs_fcncode_values.h for cfe_evs_fcncode_values.h
-- Using file: /home/user/work/procrace/cfs_cord/cFS/cfe/modules/evs/config/default_cfe_evs_msgdefs.h for cfe_evs_msgdefs.h
-- Using file: /home/user/work/procrace/cfs_cord/cFS/cfe/modules/evs/config/default_cfe_evs_msg.h for cfe_evs_msg.h
-- Using file: /home/user/work/procrace/cfs_cord/cFS/cfe/modules/evs/config/default_cfe_evs_msgstruct.h for cfe_evs_msgstruct.h
-- Using file: /home/user/work/procrace/cfs_cord/cFS/cfe/modules/evs/config/default_cfe_evs_topicid_values.h for cfe_evs_topicid_values.h
-- Using file: /home/user/work/procrace/cfs_cord/cFS/cfe/modules/fs/config/default_cfe_fs_mission_cfg.h for cfe_fs_mission_cfg.h
-- Using file: /home/user/work/procrace/cfs_cord/cFS/cfe/modules/fs/config/default_cfe_fs_interface_cfg_values.h for cfe_fs_interface_cfg_values.h
-- Using file: /home/user/work/procrace/cfs_cord/cFS/cfe/modules/fs/config/default_cfe_fs_filedef.h for cfe_fs_filedef.h
-- Using file: /home/user/work/procrace/cfs_cord/cFS/cfe/modules/fs/config/default_cfe_fs_extern_typedefs.h for cfe_fs_extern_typedefs.h
-- Using file: /home/user/work/procrace/cfs_cord/cFS/cfe/modules/sb/config/default_cfe_sb_mission_cfg.h for cfe_sb_mission_cfg.h
-- Using file: /home/user/work/procrace/cfs_cord/cFS/cfe/modules/sb/config/default_cfe_sb_interface_cfg_values.h for cfe_sb_interface_cfg_values.h
-- Using file: /home/user/work/procrace/cfs_cord/cFS/cfe/modules/sb/config/default_cfe_sb_extern_typedefs.h for cfe_sb_extern_typedefs.h
-- Using file: /home/user/work/procrace/cfs_cord/cFS/cfe/modules/sb/config/default_cfe_sb_fcncode_values.h for cfe_sb_fcncode_values.h
-- Using file: /home/user/work/procrace/cfs_cord/cFS/cfe/modules/sb/config/default_cfe_sb_msgdefs.h for cfe_sb_msgdefs.h
-- Using file: /home/user/work/procrace/cfs_cord/cFS/cfe/modules/sb/config/default_cfe_sb_msg.h for cfe_sb_msg.h
-- Using file: /home/user/work/procrace/cfs_cord/cFS/cfe/modules/sb/config/default_cfe_sb_msgstruct.h for cfe_sb_msgstruct.h
-- Using file: /home/user/work/procrace/cfs_cord/cFS/cfe/modules/sb/config/default_cfe_sb_topicid_values.h for cfe_sb_topicid_values.h
-- Using file: /home/user/work/procrace/cfs_cord/cFS/cfe/modules/tbl/config/default_cfe_tbl_mission_cfg.h for cfe_tbl_mission_cfg.h
-- Using file: /home/user/work/procrace/cfs_cord/cFS/cfe/modules/tbl/config/default_cfe_tbl_interface_cfg_values.h for cfe_tbl_interface_cfg_values.h
-- Using file: /home/user/work/procrace/cfs_cord/cFS/cfe/modules/tbl/config/default_cfe_tbl_extern_typedefs.h for cfe_tbl_extern_typedefs.h
-- Using file: /home/user/work/procrace/cfs_cord/cFS/cfe/modules/tbl/config/default_cfe_tbl_fcncode_values.h for cfe_tbl_fcncode_values.h
-- Using file: /home/user/work/procrace/cfs_cord/cFS/cfe/modules/tbl/config/default_cfe_tbl_msgdefs.h for cfe_tbl_msgdefs.h
-- Using file: /home/user/work/procrace/cfs_cord/cFS/cfe/modules/tbl/config/default_cfe_tbl_msg.h for cfe_tbl_msg.h
-- Using file: /home/user/work/procrace/cfs_cord/cFS/cfe/modules/tbl/config/default_cfe_tbl_msgstruct.h for cfe_tbl_msgstruct.h
-- Using file: /home/user/work/procrace/cfs_cord/cFS/cfe/modules/tbl/config/default_cfe_tbl_topicid_values.h for cfe_tbl_topicid_values.h
-- Using file: /home/user/work/procrace/cfs_cord/cFS/cfe/modules/time/config/default_cfe_time_mission_cfg.h for cfe_time_mission_cfg.h
-- Using file: /home/user/work/procrace/cfs_cord/cFS/cfe/modules/time/config/default_cfe_time_interface_cfg_values.h for cfe_time_interface_cfg_values.h
-- Using file: /home/user/work/procrace/cfs_cord/cFS/cfe/modules/time/config/default_cfe_time_extern_typedefs.h for cfe_time_extern_typedefs.h
-- Using file: /home/user/work/procrace/cfs_cord/cFS/cfe/modules/time/config/default_cfe_time_fcncode_values.h for cfe_time_fcncode_values.h
-- Using file: /home/user/work/procrace/cfs_cord/cFS/cfe/modules/time/config/default_cfe_time_msgdefs.h for cfe_time_msgdefs.h
-- Using file: /home/user/work/procrace/cfs_cord/cFS/cfe/modules/time/config/default_cfe_time_msg.h for cfe_time_msg.h
-- Using file: /home/user/work/procrace/cfs_cord/cFS/cfe/modules/time/config/default_cfe_time_msgstruct.h for cfe_time_msgstruct.h
-- Using file: /home/user/work/procrace/cfs_cord/cFS/cfe/modules/time/config/default_cfe_time_topicid_values.h for cfe_time_topicid_values.h
-- Using file: /home/user/work/procrace/cfs_cord/cFS/cfe/modules/msg/option_inc/default_cfe_msg_hdr_pri.h for cfe_msg_hdr.h
-- Using file: /home/user/work/procrace/cfs_cord/cFS/cfe/modules/msg/option_inc/default_cfe_msg_sechdr.h for cfe_msg_sechdr.h
-- Using file: /home/user/work/procrace/cfs_cord/cFS/cfe/modules/resourceid/option_inc/cfe_resourceid_simple.h for cfe_resourceid_typedef.h
-- Configuring for system arch: native/default_cpu1
-- The C compiler identification is GNU 13.3.0
-- Detecting C compiler ABI info
-- Detecting C compiler ABI info - done
-- Check for working C compiler: /usr/bin/cc - skipped
-- Detecting C compile features
-- Detecting C compile features - done
-- OMIT_DEPRECATED=false: Deprecated elements included in build
-- Performing Test IS_OPTION_SUPPORTED
-- Performing Test IS_OPTION_SUPPORTED - Success
-- Performing Test IS_OPTION_SUPPORTED
-- Performing Test IS_OPTION_SUPPORTED - Success
-- Performing Test IS_OPTION_SUPPORTED
-- Performing Test IS_OPTION_SUPPORTED - Success
-- Performing Test IS_OPTION_SUPPORTED
-- Performing Test IS_OPTION_SUPPORTED - Success
-- Performing Test IS_OPTION_SUPPORTED
-- Performing Test IS_OPTION_SUPPORTED - Success
-- Performing Test IS_OPTION_SUPPORTED
-- Performing Test IS_OPTION_SUPPORTED - Success
-- Performing Test IS_OPTION_SUPPORTED
-- Performing Test IS_OPTION_SUPPORTED - Success
-- Using file: /home/user/work/procrace/cfs_cord/cFS/sample_defs/cpu1/cfe_core_api_base_msgid_values.h for cfe_core_api_base_msgid_values.h
-- Using file: /home/user/work/procrace/cfs_cord/cFS/cfe/modules/core_api/config/default_cfe_msgids.h for cfe_msgids.h
-- Using file: /home/user/work/procrace/cfs_cord/cFS/cfe/modules/core_private/config/default_cfe_platform_cfg.h for platform_cfg.h
-- Using file: /home/user/work/procrace/cfs_cord/cFS/cfe/modules/core_private/config/default_cfe_core_private_internal_cfg.h for cfe_core_private_internal_cfg.h
-- Using file: /home/user/work/procrace/cfs_cord/cFS/apps/ci_lab/config/default_ci_lab_internal_cfg_values.h for ci_lab_internal_cfg_values.h
-- Using file: /home/user/work/procrace/cfs_cord/cFS/apps/ci_lab/config/default_ci_lab_platform_cfg.h for ci_lab_platform_cfg.h
-- Using file: /home/user/work/procrace/cfs_cord/cFS/apps/ci_lab/config/default_ci_lab_perfids.h for ci_lab_perfids.h
-- Using file: /home/user/work/procrace/cfs_cord/cFS/apps/ci_lab/config/default_ci_lab_msgids.h for ci_lab_msgids.h
-- Using file: /home/user/work/procrace/cfs_cord/cFS/apps/ci_lab/config/default_ci_lab_msgid_values.h for ci_lab_msgid_values.h
-- Using file: /home/user/work/procrace/cfs_cord/cFS/apps/to_lab/config/default_to_lab_internal_cfg_values.h for to_lab_internal_cfg_values.h
-- Using file: /home/user/work/procrace/cfs_cord/cFS/apps/to_lab/config/default_to_lab_platform_cfg.h for to_lab_platform_cfg.h
-- Using file: /home/user/work/procrace/cfs_cord/cFS/apps/to_lab/config/default_to_lab_perfids.h for to_lab_perfids.h
-- Using file: /home/user/work/procrace/cfs_cord/cFS/apps/to_lab/config/default_to_lab_msgids.h for to_lab_msgids.h
-- Using file: /home/user/work/procrace/cfs_cord/cFS/apps/to_lab/config/default_to_lab_msgid_values.h for to_lab_msgid_values.h
-- Using file: /home/user/work/procrace/cfs_cord/cFS/apps/sch_lab/config/default_sch_lab_internal_cfg_values.h for sch_lab_internal_cfg_values.h
-- Using file: /home/user/work/procrace/cfs_cord/cFS/apps/sch_lab/config/default_sch_lab_platform_cfg.h for sch_lab_platform_cfg.h
-- Using file: /home/user/work/procrace/cfs_cord/cFS/apps/sch_lab/config/default_sch_lab_perfids.h for sch_lab_perfids.h
-- Using file: /home/user/work/procrace/cfs_cord/cFS/cfe/modules/cfe_testcase/config/default_cfe_test_msgids.h for cfe_test_msgids.h
-- Using file: /home/user/work/procrace/cfs_cord/cFS/cfe/modules/cfe_testcase/config/default_cfe_test_msgid_values.h for cfe_test_msgid_values.h
-- Using file: /home/user/work/procrace/cfs_cord/cFS/apps/sample_app/config/default_sample_app_internal_cfg_values.h for sample_app_internal_cfg_values.h
-- Using file: /home/user/work/procrace/cfs_cord/cFS/apps/sample_app/config/default_sample_app_platform_cfg.h for sample_app_platform_cfg.h
-- Using file: /home/user/work/procrace/cfs_cord/cFS/apps/sample_app/config/default_sample_app_perfids.h for sample_app_perfids.h
-- Using file: /home/user/work/procrace/cfs_cord/cFS/apps/sample_app/config/default_sample_app_msgids.h for sample_app_msgids.h
-- Using file: /home/user/work/procrace/cfs_cord/cFS/apps/sample_app/config/default_sample_app_msgid_values.h for sample_app_msgid_values.h
-- Using file: /home/user/work/procrace/cfs_cord/cFS/apps/cf/config/default_cf_internal_cfg_values.h for cf_internal_cfg_values.h
-- Using file: /home/user/work/procrace/cfs_cord/cFS/apps/cf/config/default_cf_msgid_values.h for cf_msgid_values.h
-- Using file: /home/user/work/procrace/cfs_cord/cFS/apps/cf/config/default_cf_msgids.h for cf_msgids.h
-- Using file: /home/user/work/procrace/cfs_cord/cFS/apps/cf/config/default_cf_platform_cfg.h for cf_platform_cfg.h
-- Using file: /home/user/work/procrace/cfs_cord/cFS/apps/hs/config/default_hs_internal_cfg_values.h for hs_internal_cfg_values.h
-- Using file: /home/user/work/procrace/cfs_cord/cFS/apps/hs/config/default_hs_msgid_values.h for hs_msgid_values.h
-- Using file: /home/user/work/procrace/cfs_cord/cFS/apps/hs/config/default_hs_msgids.h for hs_msgids.h
-- Using file: /home/user/work/procrace/cfs_cord/cFS/apps/hs/config/default_hs_platform_cfg.h for hs_platform_cfg.h
-- Using file: /home/user/work/procrace/cfs_cord/cFS/apps/md/config/default_md_internal_cfg_values.h for md_internal_cfg_values.h
-- Using file: /home/user/work/procrace/cfs_cord/cFS/apps/md/config/default_md_platform_cfg.h for md_platform_cfg.h
-- Using file: /home/user/work/procrace/cfs_cord/cFS/apps/md/config/default_md_perfids.h for md_perfids.h
-- Using file: /home/user/work/procrace/cfs_cord/cFS/apps/md/config/default_md_msgids.h for md_msgids.h
-- Using file: /home/user/work/procrace/cfs_cord/cFS/apps/md/config/default_md_msgid_values.h for md_msgid_values.h
-- Using file: /home/user/work/procrace/cfs_cord/cFS/apps/mm/config/default_mm_internal_cfg_values.h for mm_internal_cfg_values.h
-- Using file: /home/user/work/procrace/cfs_cord/cFS/apps/mm/config/default_mm_platform_cfg.h for mm_platform_cfg.h
-- Using file: /home/user/work/procrace/cfs_cord/cFS/apps/mm/config/default_mm_msgids.h for mm_msgids.h
-- Using file: /home/user/work/procrace/cfs_cord/cFS/apps/mm/config/default_mm_msgid_values.h for mm_msgid_values.h
-- Using file: /home/user/work/procrace/cfs_cord/cFS/apps/cs/config/default_cs_internal_cfg_values.h for cs_internal_cfg_values.h
-- Using file: /home/user/work/procrace/cfs_cord/cFS/apps/cs/config/default_cs_msgid_values.h for cs_msgid_values.h
-- Using file: /home/user/work/procrace/cfs_cord/cFS/apps/cs/config/default_cs_msgids.h for cs_msgids.h
-- Using file: /home/user/work/procrace/cfs_cord/cFS/apps/cs/config/default_cs_platform_cfg.h for cs_platform_cfg.h
-- Using file: /home/user/work/procrace/cfs_cord/cFS/apps/fm/config/default_fm_internal_cfg_values.h for fm_internal_cfg_values.h
-- Using file: /home/user/work/procrace/cfs_cord/cFS/apps/fm/config/default_fm_platform_cfg.h for fm_platform_cfg.h
-- Using file: /home/user/work/procrace/cfs_cord/cFS/apps/fm/config/default_fm_msgid_values.h for fm_msgid_values.h
-- Using file: /home/user/work/procrace/cfs_cord/cFS/apps/fm/config/default_fm_msgids.h for fm_msgids.h
-- Using file: /home/user/work/procrace/cfs_cord/cFS/apps/lc/config/default_lc_internal_cfg_values.h for lc_internal_cfg_values.h
-- Using file: /home/user/work/procrace/cfs_cord/cFS/apps/lc/config/default_lc_platform_cfg.h for lc_platform_cfg.h
-- Using file: /home/user/work/procrace/cfs_cord/cFS/apps/lc/config/default_lc_msgid_values.h for lc_msgid_values.h
-- Using file: /home/user/work/procrace/cfs_cord/cFS/apps/lc/config/default_lc_msgids.h for lc_msgids.h
-- Using file: /home/user/work/procrace/cfs_cord/cFS/apps/sc/config/default_sc_internal_cfg_values.h for sc_internal_cfg_values.h
-- Using file: /home/user/work/procrace/cfs_cord/cFS/apps/sc/config/default_sc_platform_cfg.h for sc_platform_cfg.h
-- Using file: /home/user/work/procrace/cfs_cord/cFS/apps/sc/config/default_sc_perfids.h for sc_perfids.h
-- Using file: /home/user/work/procrace/cfs_cord/cFS/apps/sc/config/default_sc_msgids.h for sc_msgids.h
-- Using file: /home/user/work/procrace/cfs_cord/cFS/apps/sc/config/default_sc_msgid_values.h for sc_msgid_values.h
-- Using file: /home/user/work/procrace/cfs_cord/cFS/apps/ds/config/default_ds_internal_cfg_values.h for ds_internal_cfg_values.h
-- Using file: /home/user/work/procrace/cfs_cord/cFS/apps/ds/config/default_ds_msgid_values.h for ds_msgid_values.h
-- Using file: /home/user/work/procrace/cfs_cord/cFS/apps/ds/config/default_ds_msgids.h for ds_msgids.h
-- Using file: /home/user/work/procrace/cfs_cord/cFS/apps/ds/config/default_ds_platform_cfg.h for ds_platform_cfg.h
-- Using file: /home/user/work/procrace/cfs_cord/cFS/apps/hk/config/default_hk_internal_cfg_values.h for hk_internal_cfg_values.h
-- Using file: /home/user/work/procrace/cfs_cord/cFS/apps/hk/config/default_hk_msgids.h for hk_msgids.h
-- Using file: /home/user/work/procrace/cfs_cord/cFS/apps/hk/config/default_hk_msgid_values.h for hk_msgid_values.h
-- Using file: /home/user/work/procrace/cfs_cord/cFS/apps/hk/config/default_hk_platform_cfg.h for hk_platform_cfg.h
-- Using file: /home/user/work/procrace/cfs_cord/cFS/sample_defs/cpu1/sbn_msgids.h for sbn_msgids.h
-- Using file: /home/user/work/procrace/cfs_cord/cFS/cfe/modules/es/config/default_cfe_es_internal_cfg_values.h for cfe_es_internal_cfg_values.h
-- Using file: /home/user/work/procrace/cfs_cord/cFS/cfe/modules/es/config/default_cfe_es_msgid_values.h for cfe_es_msgid_values.h
-- Using file: /home/user/work/procrace/cfs_cord/cFS/cfe/modules/es/config/default_cfe_es_msgids.h for cfe_es_msgids.h
-- Using file: /home/user/work/procrace/cfs_cord/cFS/cfe/modules/es/config/default_cfe_es_platform_cfg.h for cfe_es_platform_cfg.h
-- Using file: /home/user/work/procrace/cfs_cord/cFS/cfe/modules/evs/config/default_cfe_evs_internal_cfg_values.h for cfe_evs_internal_cfg_values.h
-- Using file: /home/user/work/procrace/cfs_cord/cFS/cfe/modules/evs/config/default_cfe_evs_msgid_values.h for cfe_evs_msgid_values.h
-- Using file: /home/user/work/procrace/cfs_cord/cFS/cfe/modules/evs/config/default_cfe_evs_msgids.h for cfe_evs_msgids.h
-- Using file: /home/user/work/procrace/cfs_cord/cFS/cfe/modules/evs/config/default_cfe_evs_platform_cfg.h for cfe_evs_platform_cfg.h
-- Using file: /home/user/work/procrace/cfs_cord/cFS/cfe/modules/sb/config/default_cfe_sb_internal_cfg_values.h for cfe_sb_internal_cfg_values.h
-- Using file: /home/user/work/procrace/cfs_cord/cFS/cfe/modules/sb/config/default_cfe_sb_msgid_values.h for cfe_sb_msgid_values.h
-- Using file: /home/user/work/procrace/cfs_cord/cFS/cfe/modules/sb/config/default_cfe_sb_msgids.h for cfe_sb_msgids.h
-- Using file: /home/user/work/procrace/cfs_cord/cFS/cfe/modules/sb/config/default_cfe_sb_platform_cfg.h for cfe_sb_platform_cfg.h
-- Using file: /home/user/work/procrace/cfs_cord/cFS/cfe/modules/tbl/config/default_cfe_tbl_internal_cfg_values.h for cfe_tbl_internal_cfg_values.h
-- Using file: /home/user/work/procrace/cfs_cord/cFS/cfe/modules/tbl/config/default_cfe_tbl_msgid_values.h for cfe_tbl_msgid_values.h
-- Using file: /home/user/work/procrace/cfs_cord/cFS/cfe/modules/tbl/config/default_cfe_tbl_msgids.h for cfe_tbl_msgids.h
-- Using file: /home/user/work/procrace/cfs_cord/cFS/cfe/modules/tbl/config/default_cfe_tbl_platform_cfg.h for cfe_tbl_platform_cfg.h
-- Using file: /home/user/work/procrace/cfs_cord/cFS/cfe/modules/time/config/default_cfe_time_internal_cfg_values.h for cfe_time_internal_cfg_values.h
-- Using file: /home/user/work/procrace/cfs_cord/cFS/cfe/modules/time/config/default_cfe_time_msgid_values.h for cfe_time_msgid_values.h
-- Using file: /home/user/work/procrace/cfs_cord/cFS/cfe/modules/time/config/default_cfe_time_msgids.h for cfe_time_msgids.h
-- Using file: /home/user/work/procrace/cfs_cord/cFS/cfe/modules/time/config/default_cfe_time_platform_cfg.h for cfe_time_platform_cfg.h
-- BSP Selection: generic-linux at /home/user/work/procrace/cfs_cord/cFS/osal/src/bsp/generic-linux
-- OSAL Selection: posix at /home/user/work/procrace/cfs_cord/cFS/osal/src/os/posix
-- OSAL Compile Definitions: _XOPEN_SOURCE=600;_POSIX_OS_
-- Coverage Test Target OS: vxworks;shared
-- PSP Selection: pc-linux
-- Building Core Module: core_api
-- Building Core Module: core_private
-- Building Core Module: config
-- Building Core Module: es
-- Building Core Module: evs
-- Building Core Module: fs
-- Building Core Module: sb
-- Building Core Module: tbl
-- Building Core Module: time
-- Building Core Module: psp
-- PSP Coverage Test Targets: mcp750-vxworks;pc-rtems
-- Building Core Module: msg
-- CCSDS primary header included in message header (not including CCSDS extended header)
-- Message Id version 1 in use (MsgId V1)
-- Building Core Module: sbr
-- Using hashed map software bus routing implementation
-- Building Core Module: resourceid
-- Building Dynamic App: ci_lab targets=cpu1
-- Building Dynamic App: to_lab targets=cpu1
-- Using file: /home/user/work/procrace/cfs_cord/cFS/sample_defs/tables/to_lab_sub.c for to_lab_sub.c
-- Building Dynamic App: sch_lab targets=cpu1
-- Using file: /home/user/work/procrace/cfs_cord/cFS/sample_defs/tables/sch_lab_table.c for sch_lab_table.c
-- Building Dynamic App: cfe_assert targets=cpu1
-- Building Dynamic App: cfe_testcase targets=cpu1
NOTE: "cfeTestAppTable" passed to add_cfe_tables is not a previously-defined application target
-- Using file: /home/user/work/procrace/cfs_cord/cFS/cfe/modules/cfe_testcase/tables/cfe_test_tbl.c for cfe_test_tbl.c
-- Building Dynamic App: sample_app targets=cpu1
-- Using file: /home/user/work/procrace/cfs_cord/cFS/apps/sample_app/fsw/tables/sample_app_tbl.c for sample_app_tbl.c
-- Building Dynamic App: sample_lib targets=cpu1
-- Building Dynamic App: cf targets=cpu1
-- Using file: /home/user/work/procrace/cfs_cord/cFS/apps/cf/fsw/tables/cf_def_config.c for cf_def_config.c
-- Building Dynamic App: hs targets=cpu1
-- Using file: /home/user/work/procrace/cfs_cord/cFS/apps/hs/fsw/tables/hs_mat.c for hs_mat.c
-- Using file: /home/user/work/procrace/cfs_cord/cFS/apps/hs/fsw/tables/hs_xct.c for hs_xct.c
-- Using file: /home/user/work/procrace/cfs_cord/cFS/apps/hs/fsw/tables/hs_amt.c for hs_amt.c
-- Using file: /home/user/work/procrace/cfs_cord/cFS/apps/hs/fsw/tables/hs_emt.c for hs_emt.c
-- Building Dynamic App: md targets=cpu1
-- Using file: /home/user/work/procrace/cfs_cord/cFS/apps/md/fsw/tables/md_dw02.c for md_dw02.c
-- Using file: /home/user/work/procrace/cfs_cord/cFS/apps/md/fsw/tables/md_dw03.c for md_dw03.c
-- Using file: /home/user/work/procrace/cfs_cord/cFS/apps/md/fsw/tables/md_dw04.c for md_dw04.c
-- Using file: /home/user/work/procrace/cfs_cord/cFS/apps/md/fsw/tables/md_dw01.c for md_dw01.c
-- Building Dynamic App: mm targets=cpu1
-- Building Dynamic App: cs targets=cpu1
-- Using file: /home/user/work/procrace/cfs_cord/cFS/apps/cs/fsw/tables/cs_apptbl.c for cs_apptbl.c
-- Using file: /home/user/work/procrace/cfs_cord/cFS/apps/cs/fsw/tables/cs_eepromtbl.c for cs_eepromtbl.c
-- Using file: /home/user/work/procrace/cfs_cord/cFS/apps/cs/fsw/tables/cs_memorytbl.c for cs_memorytbl.c
-- Using file: /home/user/work/procrace/cfs_cord/cFS/sample_defs/tables/cs_tablestbl.c for cs_tablestbl.c
-- Building Dynamic App: fm targets=cpu1
-- Using file: /home/user/work/procrace/cfs_cord/cFS/apps/fm/fsw/tables/fm_monitor.c for fm_monitor.c
-- Building Dynamic App: lc targets=cpu1
-- Using file: /home/user/work/procrace/cfs_cord/cFS/apps/lc/fsw/tables/lc_def_wdt.c for lc_def_wdt.c
-- Using file: /home/user/work/procrace/cfs_cord/cFS/apps/lc/fsw/tables/lc_def_adt.c for lc_def_adt.c
-- Building Dynamic App: sc targets=cpu1
-- Using file: /home/user/work/procrace/cfs_cord/cFS/apps/sc/fsw/tables/sc_ats1.c for sc_ats1.c
-- Using file: /home/user/work/procrace/cfs_cord/cFS/apps/sc/fsw/tables/sc_rts001.c for sc_rts001.c
-- Using file: /home/user/work/procrace/cfs_cord/cFS/apps/sc/fsw/tables/sc_rts002.c for sc_rts002.c
-- Using file: /home/user/work/procrace/cfs_cord/cFS/apps/sc/fsw/tables/sc_rts003.c for sc_rts003.c
-- Using file: /home/user/work/procrace/cfs_cord/cFS/apps/sc/fsw/tables/sc_rts004.c for sc_rts004.c
-- Building Dynamic App: ds targets=cpu1
-- Using file: /home/user/work/procrace/cfs_cord/cFS/apps/ds/fsw/tables/ds_filter_tbl.c for ds_filter_tbl.c
-- Using file: /home/user/work/procrace/cfs_cord/cFS/apps/ds/fsw/tables/ds_file_tbl.c for ds_file_tbl.c
-- Building Dynamic App: hk targets=cpu1
-- Using file: /home/user/work/procrace/cfs_cord/cFS/apps/hk/fsw/tables/hk_cpy_tbl.c for hk_cpy_tbl.c
-- Building Dynamic App: sbn targets=cpu1
CMake Deprecation Warning at /home/user/work/procrace/cfs_cord/cFS/apps/sbn/CMakeLists.txt:1 (cmake_minimum_required):
  Compatibility with CMake < 3.5 will be removed from a future version of
  CMake.

  Update the VERSION argument <min> value or use a ...<max> suffix to tell
  CMake that the project does not need compatibility with older versions.


-- Using file: /home/user/work/procrace/cfs_cord/cFS/apps/sbn/fsw/tables/sbn_conf_tbl.c for sbn_conf_tbl.c
-- Building Dynamic App: sbn_udp targets=cpu1
CMake Deprecation Warning at /home/user/work/procrace/cfs_cord/cFS/apps/sbn_udp/CMakeLists.txt:1 (cmake_minimum_required):
  Compatibility with CMake < 3.5 will be removed from a future version of
  CMake.

  Update the VERSION argument <min> value or use a ...<max> suffix to tell
  CMake that the project does not need compatibility with older versions.


-- Building Dynamic App: sbn_f_remap targets=cpu1
CMake Deprecation Warning at /home/user/work/procrace/cfs_cord/cFS/apps/sbn_f_remap/CMakeLists.txt:1 (cmake_minimum_required):
  Compatibility with CMake < 3.5 will be removed from a future version of
  CMake.

  Update the VERSION argument <min> value or use a ...<max> suffix to tell
  CMake that the project does not need compatibility with older versions.


NOTE: "sbn_f_remap" passed to add_cfe_tables is not a previously-defined application target
-- Using file: /home/user/work/procrace/cfs_cord/cFS/apps/sbn_f_remap/fsw/tables/sbn_remap_tbl.c for sbn_remap_tbl.c
-- Using file: /home/user/work/procrace/cfs_cord/cFS/sample_defs/tables/sample_app_alt1.c for sample_app_alt1.c
-- Using file: /home/user/work/procrace/cfs_cord/cFS/sample_defs/tables/to_lab_sub_alt.c for to_lab_sub_alt.c
-- Using file: /home/user/work/procrace/cfs_cord/cFS/sample_defs/tables/to_lab_sub_bad.c for to_lab_sub_bad.c
-- Using file: /home/user/work/procrace/cfs_cord/cFS/sample_defs/tables/lc_def_adt-test.c for lc_def_adt-test.c
-- Configuring done (4.9s)
-- Generating done (1.1s)
-- Build files have been written to: /home/user/work/procrace/cfs_cord/cFS/build-native_std/native/default_cpu1
-- Configuring for system arch: native/default_cpu2
-- The C compiler identification is GNU 13.3.0
-- Detecting C compiler ABI info
-- Detecting C compiler ABI info - done
-- Check for working C compiler: /usr/bin/cc - skipped
-- Detecting C compile features
-- Detecting C compile features - done
-- OMIT_DEPRECATED=false: Deprecated elements included in build
-- Performing Test IS_OPTION_SUPPORTED
-- Performing Test IS_OPTION_SUPPORTED - Success
-- Performing Test IS_OPTION_SUPPORTED
-- Performing Test IS_OPTION_SUPPORTED - Success
-- Performing Test IS_OPTION_SUPPORTED
-- Performing Test IS_OPTION_SUPPORTED - Success
-- Performing Test IS_OPTION_SUPPORTED
-- Performing Test IS_OPTION_SUPPORTED - Success
-- Performing Test IS_OPTION_SUPPORTED
-- Performing Test IS_OPTION_SUPPORTED - Success
-- Performing Test IS_OPTION_SUPPORTED
-- Performing Test IS_OPTION_SUPPORTED - Success
-- Performing Test IS_OPTION_SUPPORTED
-- Performing Test IS_OPTION_SUPPORTED - Success
-- Using file: /home/user/work/procrace/cfs_cord/cFS/sample_defs/cpu2/cfe_core_api_base_msgid_values.h for cfe_core_api_base_msgid_values.h
-- Using file: /home/user/work/procrace/cfs_cord/cFS/cfe/modules/core_api/config/default_cfe_msgids.h for cfe_msgids.h
-- Using file: /home/user/work/procrace/cfs_cord/cFS/cfe/modules/core_private/config/default_cfe_platform_cfg.h for platform_cfg.h
-- Using file: /home/user/work/procrace/cfs_cord/cFS/cfe/modules/core_private/config/default_cfe_core_private_internal_cfg.h for cfe_core_private_internal_cfg.h
-- Using file: /home/user/work/procrace/cfs_cord/cFS/apps/ci_lab/config/default_ci_lab_internal_cfg_values.h for ci_lab_internal_cfg_values.h
-- Using file: /home/user/work/procrace/cfs_cord/cFS/apps/ci_lab/config/default_ci_lab_platform_cfg.h for ci_lab_platform_cfg.h
-- Using file: /home/user/work/procrace/cfs_cord/cFS/apps/ci_lab/config/default_ci_lab_perfids.h for ci_lab_perfids.h
-- Using file: /home/user/work/procrace/cfs_cord/cFS/apps/ci_lab/config/default_ci_lab_msgids.h for ci_lab_msgids.h
-- Using file: /home/user/work/procrace/cfs_cord/cFS/apps/ci_lab/config/default_ci_lab_msgid_values.h for ci_lab_msgid_values.h
-- Using file: /home/user/work/procrace/cfs_cord/cFS/apps/to_lab/config/default_to_lab_internal_cfg_values.h for to_lab_internal_cfg_values.h
-- Using file: /home/user/work/procrace/cfs_cord/cFS/apps/to_lab/config/default_to_lab_platform_cfg.h for to_lab_platform_cfg.h
-- Using file: /home/user/work/procrace/cfs_cord/cFS/apps/to_lab/config/default_to_lab_perfids.h for to_lab_perfids.h
-- Using file: /home/user/work/procrace/cfs_cord/cFS/apps/to_lab/config/default_to_lab_msgids.h for to_lab_msgids.h
-- Using file: /home/user/work/procrace/cfs_cord/cFS/apps/to_lab/config/default_to_lab_msgid_values.h for to_lab_msgid_values.h
-- Using file: /home/user/work/procrace/cfs_cord/cFS/apps/sch_lab/config/default_sch_lab_internal_cfg_values.h for sch_lab_internal_cfg_values.h
-- Using file: /home/user/work/procrace/cfs_cord/cFS/apps/sch_lab/config/default_sch_lab_platform_cfg.h for sch_lab_platform_cfg.h
-- Using file: /home/user/work/procrace/cfs_cord/cFS/apps/sch_lab/config/default_sch_lab_perfids.h for sch_lab_perfids.h
-- Using file: /home/user/work/procrace/cfs_cord/cFS/cfe/modules/cfe_testcase/config/default_cfe_test_msgids.h for cfe_test_msgids.h
-- Using file: /home/user/work/procrace/cfs_cord/cFS/cfe/modules/cfe_testcase/config/default_cfe_test_msgid_values.h for cfe_test_msgid_values.h
-- Using file: /home/user/work/procrace/cfs_cord/cFS/apps/sample_app/config/default_sample_app_internal_cfg_values.h for sample_app_internal_cfg_values.h
-- Using file: /home/user/work/procrace/cfs_cord/cFS/apps/sample_app/config/default_sample_app_platform_cfg.h for sample_app_platform_cfg.h
-- Using file: /home/user/work/procrace/cfs_cord/cFS/apps/sample_app/config/default_sample_app_perfids.h for sample_app_perfids.h
-- Using file: /home/user/work/procrace/cfs_cord/cFS/apps/sample_app/config/default_sample_app_msgids.h for sample_app_msgids.h
-- Using file: /home/user/work/procrace/cfs_cord/cFS/apps/sample_app/config/default_sample_app_msgid_values.h for sample_app_msgid_values.h
-- Using file: /home/user/work/procrace/cfs_cord/cFS/apps/cf/config/default_cf_internal_cfg_values.h for cf_internal_cfg_values.h
-- Using file: /home/user/work/procrace/cfs_cord/cFS/apps/cf/config/default_cf_msgid_values.h for cf_msgid_values.h
-- Using file: /home/user/work/procrace/cfs_cord/cFS/apps/cf/config/default_cf_msgids.h for cf_msgids.h
-- Using file: /home/user/work/procrace/cfs_cord/cFS/apps/cf/config/default_cf_platform_cfg.h for cf_platform_cfg.h
-- Using file: /home/user/work/procrace/cfs_cord/cFS/apps/hs/config/default_hs_internal_cfg_values.h for hs_internal_cfg_values.h
-- Using file: /home/user/work/procrace/cfs_cord/cFS/apps/hs/config/default_hs_msgid_values.h for hs_msgid_values.h
-- Using file: /home/user/work/procrace/cfs_cord/cFS/apps/hs/config/default_hs_msgids.h for hs_msgids.h
-- Using file: /home/user/work/procrace/cfs_cord/cFS/apps/hs/config/default_hs_platform_cfg.h for hs_platform_cfg.h
-- Using file: /home/user/work/procrace/cfs_cord/cFS/apps/md/config/default_md_internal_cfg_values.h for md_internal_cfg_values.h
-- Using file: /home/user/work/procrace/cfs_cord/cFS/apps/md/config/default_md_platform_cfg.h for md_platform_cfg.h
-- Using file: /home/user/work/procrace/cfs_cord/cFS/apps/md/config/default_md_perfids.h for md_perfids.h
-- Using file: /home/user/work/procrace/cfs_cord/cFS/apps/md/config/default_md_msgids.h for md_msgids.h
-- Using file: /home/user/work/procrace/cfs_cord/cFS/apps/md/config/default_md_msgid_values.h for md_msgid_values.h
-- Using file: /home/user/work/procrace/cfs_cord/cFS/apps/mm/config/default_mm_internal_cfg_values.h for mm_internal_cfg_values.h
-- Using file: /home/user/work/procrace/cfs_cord/cFS/apps/mm/config/default_mm_platform_cfg.h for mm_platform_cfg.h
-- Using file: /home/user/work/procrace/cfs_cord/cFS/apps/mm/config/default_mm_msgids.h for mm_msgids.h
-- Using file: /home/user/work/procrace/cfs_cord/cFS/apps/mm/config/default_mm_msgid_values.h for mm_msgid_values.h
-- Using file: /home/user/work/procrace/cfs_cord/cFS/apps/cs/config/default_cs_internal_cfg_values.h for cs_internal_cfg_values.h
-- Using file: /home/user/work/procrace/cfs_cord/cFS/apps/cs/config/default_cs_msgid_values.h for cs_msgid_values.h
-- Using file: /home/user/work/procrace/cfs_cord/cFS/apps/cs/config/default_cs_msgids.h for cs_msgids.h
-- Using file: /home/user/work/procrace/cfs_cord/cFS/apps/cs/config/default_cs_platform_cfg.h for cs_platform_cfg.h
-- Using file: /home/user/work/procrace/cfs_cord/cFS/apps/fm/config/default_fm_internal_cfg_values.h for fm_internal_cfg_values.h
-- Using file: /home/user/work/procrace/cfs_cord/cFS/apps/fm/config/default_fm_platform_cfg.h for fm_platform_cfg.h
-- Using file: /home/user/work/procrace/cfs_cord/cFS/apps/fm/config/default_fm_msgid_values.h for fm_msgid_values.h
-- Using file: /home/user/work/procrace/cfs_cord/cFS/apps/fm/config/default_fm_msgids.h for fm_msgids.h
-- Using file: /home/user/work/procrace/cfs_cord/cFS/apps/lc/config/default_lc_internal_cfg_values.h for lc_internal_cfg_values.h
-- Using file: /home/user/work/procrace/cfs_cord/cFS/apps/lc/config/default_lc_platform_cfg.h for lc_platform_cfg.h
-- Using file: /home/user/work/procrace/cfs_cord/cFS/apps/lc/config/default_lc_msgid_values.h for lc_msgid_values.h
-- Using file: /home/user/work/procrace/cfs_cord/cFS/apps/lc/config/default_lc_msgids.h for lc_msgids.h
-- Using file: /home/user/work/procrace/cfs_cord/cFS/apps/sc/config/default_sc_internal_cfg_values.h for sc_internal_cfg_values.h
-- Using file: /home/user/work/procrace/cfs_cord/cFS/apps/sc/config/default_sc_platform_cfg.h for sc_platform_cfg.h
-- Using file: /home/user/work/procrace/cfs_cord/cFS/apps/sc/config/default_sc_perfids.h for sc_perfids.h
-- Using file: /home/user/work/procrace/cfs_cord/cFS/apps/sc/config/default_sc_msgids.h for sc_msgids.h
-- Using file: /home/user/work/procrace/cfs_cord/cFS/apps/sc/config/default_sc_msgid_values.h for sc_msgid_values.h
-- Using file: /home/user/work/procrace/cfs_cord/cFS/apps/ds/config/default_ds_internal_cfg_values.h for ds_internal_cfg_values.h
-- Using file: /home/user/work/procrace/cfs_cord/cFS/apps/ds/config/default_ds_msgid_values.h for ds_msgid_values.h
-- Using file: /home/user/work/procrace/cfs_cord/cFS/apps/ds/config/default_ds_msgids.h for ds_msgids.h
-- Using file: /home/user/work/procrace/cfs_cord/cFS/apps/ds/config/default_ds_platform_cfg.h for ds_platform_cfg.h
-- Using file: /home/user/work/procrace/cfs_cord/cFS/apps/hk/config/default_hk_internal_cfg_values.h for hk_internal_cfg_values.h
-- Using file: /home/user/work/procrace/cfs_cord/cFS/apps/hk/config/default_hk_msgids.h for hk_msgids.h
-- Using file: /home/user/work/procrace/cfs_cord/cFS/apps/hk/config/default_hk_msgid_values.h for hk_msgid_values.h
-- Using file: /home/user/work/procrace/cfs_cord/cFS/apps/hk/config/default_hk_platform_cfg.h for hk_platform_cfg.h
-- Using file: /home/user/work/procrace/cfs_cord/cFS/sample_defs/cpu2/sbn_msgids.h for sbn_msgids.h
-- Using file: /home/user/work/procrace/cfs_cord/cFS/cfe/modules/es/config/default_cfe_es_internal_cfg_values.h for cfe_es_internal_cfg_values.h
-- Using file: /home/user/work/procrace/cfs_cord/cFS/cfe/modules/es/config/default_cfe_es_msgid_values.h for cfe_es_msgid_values.h
-- Using file: /home/user/work/procrace/cfs_cord/cFS/cfe/modules/es/config/default_cfe_es_msgids.h for cfe_es_msgids.h
-- Using file: /home/user/work/procrace/cfs_cord/cFS/cfe/modules/es/config/default_cfe_es_platform_cfg.h for cfe_es_platform_cfg.h
-- Using file: /home/user/work/procrace/cfs_cord/cFS/cfe/modules/evs/config/default_cfe_evs_internal_cfg_values.h for cfe_evs_internal_cfg_values.h
-- Using file: /home/user/work/procrace/cfs_cord/cFS/cfe/modules/evs/config/default_cfe_evs_msgid_values.h for cfe_evs_msgid_values.h
-- Using file: /home/user/work/procrace/cfs_cord/cFS/cfe/modules/evs/config/default_cfe_evs_msgids.h for cfe_evs_msgids.h
-- Using file: /home/user/work/procrace/cfs_cord/cFS/cfe/modules/evs/config/default_cfe_evs_platform_cfg.h for cfe_evs_platform_cfg.h
-- Using file: /home/user/work/procrace/cfs_cord/cFS/cfe/modules/sb/config/default_cfe_sb_internal_cfg_values.h for cfe_sb_internal_cfg_values.h
-- Using file: /home/user/work/procrace/cfs_cord/cFS/cfe/modules/sb/config/default_cfe_sb_msgid_values.h for cfe_sb_msgid_values.h
-- Using file: /home/user/work/procrace/cfs_cord/cFS/cfe/modules/sb/config/default_cfe_sb_msgids.h for cfe_sb_msgids.h
-- Using file: /home/user/work/procrace/cfs_cord/cFS/cfe/modules/sb/config/default_cfe_sb_platform_cfg.h for cfe_sb_platform_cfg.h
-- Using file: /home/user/work/procrace/cfs_cord/cFS/cfe/modules/tbl/config/default_cfe_tbl_internal_cfg_values.h for cfe_tbl_internal_cfg_values.h
-- Using file: /home/user/work/procrace/cfs_cord/cFS/cfe/modules/tbl/config/default_cfe_tbl_msgid_values.h for cfe_tbl_msgid_values.h
-- Using file: /home/user/work/procrace/cfs_cord/cFS/cfe/modules/tbl/config/default_cfe_tbl_msgids.h for cfe_tbl_msgids.h
-- Using file: /home/user/work/procrace/cfs_cord/cFS/cfe/modules/tbl/config/default_cfe_tbl_platform_cfg.h for cfe_tbl_platform_cfg.h
-- Using file: /home/user/work/procrace/cfs_cord/cFS/cfe/modules/time/config/default_cfe_time_internal_cfg_values.h for cfe_time_internal_cfg_values.h
-- Using file: /home/user/work/procrace/cfs_cord/cFS/cfe/modules/time/config/default_cfe_time_msgid_values.h for cfe_time_msgid_values.h
-- Using file: /home/user/work/procrace/cfs_cord/cFS/cfe/modules/time/config/default_cfe_time_msgids.h for cfe_time_msgids.h
-- Using file: /home/user/work/procrace/cfs_cord/cFS/cfe/modules/time/config/default_cfe_time_platform_cfg.h for cfe_time_platform_cfg.h
-- BSP Selection: generic-linux at /home/user/work/procrace/cfs_cord/cFS/osal/src/bsp/generic-linux
-- OSAL Selection: posix at /home/user/work/procrace/cfs_cord/cFS/osal/src/os/posix
-- OSAL Compile Definitions: _XOPEN_SOURCE=600;_POSIX_OS_
-- Coverage Test Target OS: vxworks;shared
-- PSP Selection: pc-linux
-- Building Core Module: core_api
-- Building Core Module: core_private
-- Building Core Module: config
-- Building Core Module: es
-- Building Core Module: evs
-- Building Core Module: fs
-- Building Core Module: sb
-- Building Core Module: tbl
-- Building Core Module: time
-- Building Core Module: psp
-- PSP Coverage Test Targets: mcp750-vxworks;pc-rtems
-- Building Core Module: msg
-- CCSDS primary header included in message header (not including CCSDS extended header)
-- Message Id version 1 in use (MsgId V1)
-- Building Core Module: sbr
-- Using hashed map software bus routing implementation
-- Building Core Module: resourceid
-- Building Dynamic App: ci_lab targets=cpu2
-- Building Dynamic App: to_lab targets=cpu2
-- Using file: /home/user/work/procrace/cfs_cord/cFS/sample_defs/tables/to_lab_sub.c for to_lab_sub.c
-- Building Dynamic App: sch_lab targets=cpu2
-- Using file: /home/user/work/procrace/cfs_cord/cFS/sample_defs/tables/sch_lab_table.c for sch_lab_table.c
-- Building Dynamic App: cfe_assert targets=cpu2
-- Building Dynamic App: cfe_testcase targets=cpu2
NOTE: "cfeTestAppTable" passed to add_cfe_tables is not a previously-defined application target
-- Using file: /home/user/work/procrace/cfs_cord/cFS/cfe/modules/cfe_testcase/tables/cfe_test_tbl.c for cfe_test_tbl.c
-- Building Dynamic App: sample_app targets=cpu2
-- Using file: /home/user/work/procrace/cfs_cord/cFS/apps/sample_app/fsw/tables/sample_app_tbl.c for sample_app_tbl.c
-- Building Dynamic App: sample_lib targets=cpu2
-- Building Dynamic App: cf targets=cpu2
-- Using file: /home/user/work/procrace/cfs_cord/cFS/apps/cf/fsw/tables/cf_def_config.c for cf_def_config.c
-- Building Dynamic App: hs targets=cpu2
-- Using file: /home/user/work/procrace/cfs_cord/cFS/apps/hs/fsw/tables/hs_mat.c for hs_mat.c
-- Using file: /home/user/work/procrace/cfs_cord/cFS/apps/hs/fsw/tables/hs_xct.c for hs_xct.c
-- Using file: /home/user/work/procrace/cfs_cord/cFS/apps/hs/fsw/tables/hs_amt.c for hs_amt.c
-- Using file: /home/user/work/procrace/cfs_cord/cFS/apps/hs/fsw/tables/hs_emt.c for hs_emt.c
-- Building Dynamic App: md targets=cpu2
-- Using file: /home/user/work/procrace/cfs_cord/cFS/apps/md/fsw/tables/md_dw02.c for md_dw02.c
-- Using file: /home/user/work/procrace/cfs_cord/cFS/apps/md/fsw/tables/md_dw03.c for md_dw03.c
-- Using file: /home/user/work/procrace/cfs_cord/cFS/apps/md/fsw/tables/md_dw04.c for md_dw04.c
-- Using file: /home/user/work/procrace/cfs_cord/cFS/apps/md/fsw/tables/md_dw01.c for md_dw01.c
-- Building Dynamic App: mm targets=cpu2
-- Building Dynamic App: cs targets=cpu2
-- Using file: /home/user/work/procrace/cfs_cord/cFS/apps/cs/fsw/tables/cs_apptbl.c for cs_apptbl.c
-- Using file: /home/user/work/procrace/cfs_cord/cFS/apps/cs/fsw/tables/cs_eepromtbl.c for cs_eepromtbl.c
-- Using file: /home/user/work/procrace/cfs_cord/cFS/apps/cs/fsw/tables/cs_memorytbl.c for cs_memorytbl.c
-- Using file: /home/user/work/procrace/cfs_cord/cFS/sample_defs/tables/cs_tablestbl.c for cs_tablestbl.c
-- Building Dynamic App: fm targets=cpu2
-- Using file: /home/user/work/procrace/cfs_cord/cFS/apps/fm/fsw/tables/fm_monitor.c for fm_monitor.c
-- Building Dynamic App: lc targets=cpu2
-- Using file: /home/user/work/procrace/cfs_cord/cFS/apps/lc/fsw/tables/lc_def_wdt.c for lc_def_wdt.c
-- Using file: /home/user/work/procrace/cfs_cord/cFS/apps/lc/fsw/tables/lc_def_adt.c for lc_def_adt.c
-- Building Dynamic App: sc targets=cpu2
-- Using file: /home/user/work/procrace/cfs_cord/cFS/apps/sc/fsw/tables/sc_ats1.c for sc_ats1.c
-- Using file: /home/user/work/procrace/cfs_cord/cFS/apps/sc/fsw/tables/sc_rts001.c for sc_rts001.c
-- Using file: /home/user/work/procrace/cfs_cord/cFS/apps/sc/fsw/tables/sc_rts002.c for sc_rts002.c
-- Using file: /home/user/work/procrace/cfs_cord/cFS/apps/sc/fsw/tables/sc_rts003.c for sc_rts003.c
-- Using file: /home/user/work/procrace/cfs_cord/cFS/apps/sc/fsw/tables/sc_rts004.c for sc_rts004.c
-- Building Dynamic App: ds targets=cpu2
-- Using file: /home/user/work/procrace/cfs_cord/cFS/apps/ds/fsw/tables/ds_filter_tbl.c for ds_filter_tbl.c
-- Using file: /home/user/work/procrace/cfs_cord/cFS/apps/ds/fsw/tables/ds_file_tbl.c for ds_file_tbl.c
-- Building Dynamic App: hk targets=cpu2
-- Using file: /home/user/work/procrace/cfs_cord/cFS/apps/hk/fsw/tables/hk_cpy_tbl.c for hk_cpy_tbl.c
-- Building Dynamic App: sbn targets=cpu2
CMake Deprecation Warning at /home/user/work/procrace/cfs_cord/cFS/apps/sbn/CMakeLists.txt:1 (cmake_minimum_required):
  Compatibility with CMake < 3.5 will be removed from a future version of
  CMake.

  Update the VERSION argument <min> value or use a ...<max> suffix to tell
  CMake that the project does not need compatibility with older versions.


-- Using file: /home/user/work/procrace/cfs_cord/cFS/apps/sbn/fsw/tables/sbn_conf_tbl.c for sbn_conf_tbl.c
-- Building Dynamic App: sbn_udp targets=cpu2
CMake Deprecation Warning at /home/user/work/procrace/cfs_cord/cFS/apps/sbn_udp/CMakeLists.txt:1 (cmake_minimum_required):
  Compatibility with CMake < 3.5 will be removed from a future version of
  CMake.

  Update the VERSION argument <min> value or use a ...<max> suffix to tell
  CMake that the project does not need compatibility with older versions.


-- Building Dynamic App: sbn_f_remap targets=cpu2
CMake Deprecation Warning at /home/user/work/procrace/cfs_cord/cFS/apps/sbn_f_remap/CMakeLists.txt:1 (cmake_minimum_required):
  Compatibility with CMake < 3.5 will be removed from a future version of
  CMake.

  Update the VERSION argument <min> value or use a ...<max> suffix to tell
  CMake that the project does not need compatibility with older versions.


NOTE: "sbn_f_remap" passed to add_cfe_tables is not a previously-defined application target
-- Using file: /home/user/work/procrace/cfs_cord/cFS/apps/sbn_f_remap/fsw/tables/sbn_remap_tbl.c for sbn_remap_tbl.c
-- Using file: /home/user/work/procrace/cfs_cord/cFS/sample_defs/tables/sample_app_alt1.c for sample_app_alt1.c
-- Using file: /home/user/work/procrace/cfs_cord/cFS/sample_defs/tables/to_lab_sub_alt.c for to_lab_sub_alt.c
-- Using file: /home/user/work/procrace/cfs_cord/cFS/sample_defs/tables/to_lab_sub_bad.c for to_lab_sub_bad.c
-- Using file: /home/user/work/procrace/cfs_cord/cFS/sample_defs/tables/lc_def_adt-test.c for lc_def_adt-test.c
-- Configuring done (1.1s)
-- Generating done (1.3s)
-- Build files have been written to: /home/user/work/procrace/cfs_cord/cFS/build-native_std/native/default_cpu2
-- Configuring done (9.9s)
-- Generating done (0.0s)
-- Build files have been written to: /home/user/work/procrace/cfs_cord/cFS/build-native_std
echo '-DENABLE_UNIT_TESTS=TRUE -DSIMULATION=native -DCFE_EDS_ENABLED=OFF -DMISSIONCONFIG=sample -DCMAKE_BUILD_TYPE=debug -DCMAKE_EXPORT_COMPILE_COMMANDS=TRUE -DCMAKE_BUILD_TYPE=debug -S "/home/user/work/procrace/cfs_cord/cFS/cfe" -DCMAKE_INSTALL_PREFIX=/exe' > "build-native_std/stamp.prep"
native_std.prep successfully completed
