OS_BSP_Initialize():Maximum user msg queue depth = 10
CFE_PSP: Default Reset SubType = 1
CFE_PSP: Default CPU ID = 1
CFE_PSP: Default Spacecraft ID = 66
CFE_PSP: Default CPU Name: cpu1
OS_Posix_GetSchedulerParams():206:Policy 1: available, min-max: 1-99
OS_Posix_GetSchedulerParams():206:Policy 2: available, min-max: 1-99
OS_Posix_TaskAPI_Impl_Init():394:Selected policy 2 for RT tasks, root task = 99
OS_Posix_TaskAPI_Impl_Init():412:Could not setschedparam in main thread: Operation not permitted (1)
CFE_PSP: initializing module 'soft_timebase' with ID 0110ff00
CFE_PSP: Instantiated software timebase 'cFS-Master' running at 10000 usec
CFE_PSP: initializing module 'timebase_posix_clock' with ID 0110ff01
CFE_PSP: Using POSIX monotonic clock as CFE timebase
CFE_PSP: initializing module 'eeprom_mmap_file' with ID 0110ff02
CFE_PSP: Using MMAP simulated EEPROM implementation
CFE_PSP: initializing module 'port_notimpl' with ID 0110ff03
CFE_PSP: I/O Port access not implemented
CFE_PSP: initializing module 'iodriver' with ID 0110ff04
CFE_PSP: initializing module 'linux_sysmon' with ID 0110ff05
CFE_PSP: initializing module 'endian_api' with ID 0110ff06
CFE_PSP: Host CPU Endian=LITTLE
CFE_PSP: initializing module 'ram_notimpl' with ID 0110ff07
CFE_PSP: Physical RAM access not implemented
CFE_PSP: EEPROM Range (2) created: Start Address = 7F601AE3A000, Size = 00080000 Status = 0
CFE_PSP: Starting the cFE with a POWER ON reset.
CFE_PSP: Clearing out CFE CDS Shared memory segment.
CFE_PSP: Clearing out CFE Reset Shared memory segment.
CFE_PSP: Clearing out CFE User Reserved Shared memory segment.
1980-001-01:03:53.65584 CFE_ES_SetupResetVariables: POWER ON RESET due to Power Cycle (Power Cycle).
1980-001-01:03:53.65591 CFE_ES_Main: CFE_ES_Main in EARLY_INIT state
CFE_PSP: CFE_PSP_AttachExceptions called
1980-001-01:03:53.65628 CFE_ES_Main: CFE_ES_Main entering CORE_STARTUP state
1980-001-01:03:53.65628 CFE_ES_CreateObjects: Starting Object Creation calls.
1980-001-01:03:53.65629 CFE_ES_CreateObjects: Calling EarlyInit for CFE_CONFIG
1980-001-01:03:53.65631 CFE_ES_CreateObjects: Calling EarlyInit for CFE_ES
1980-001-01:03:53.65650 CFE_ES_CreateObjects: Calling EarlyInit for CFE_EVS
1980-001-01:03:53.65653 CFE_EVS_EarlyInit: Event Log cleared following power-on reset
1980-001-01:03:53.65653 CFE_ES_CreateObjects: Calling EarlyInit for CFE_FS
1980-001-01:03:53.65653 CFE_ES_CreateObjects: Calling EarlyInit for CFE_SB
1980-001-01:03:53.65686 CFE_ES_CreateObjects: Calling EarlyInit for CFE_TBL
1980-001-01:03:53.65727 CFE_ES_CreateObjects: Calling EarlyInit for CFE_TIME
EVS Port1 1980-012-14:03:20.05245 66/1/CFE_ES 1: cFE ES Initialized: CFE_ES v7.0.1+dev0 (Draco) v7.0.1 Official Release, EDS disabled
EVS Port1 1980-012-14:03:20.05249 66/1/CFE_ES 2: cFS Versions: cfe v7.0.1+dev0, osal v7.0.1+dev0, psp v7.0.1+dev0. cFE chksm 28350
EVS Port1 1980-012-14:03:20.05250 66/1/CFE_ES 91: Version Info: Mission SampleMission, version (null)
EVS Port1 1980-012-14:03:20.05250 66/1/CFE_ES 92: Build 202610080657 by ubuntu@vm, config sample
EVS Port1 1980-012-14:03:20.15083 66/1/CFE_EVS 1: cFE EVS Initialized: CFE_EVS v7.0.1+dev0 (Draco) v7.0.1 Official Release, EDS disabled
1980-012-14:03:20.25120 CFE_SB_AppInit: Registered 4 events for filtering
EVS Port1 1980-012-14:03:20.25126 66/1/CFE_SB 1: cFE SB Initialized: CFE_SB v7.0.1+dev0 (Draco) v7.0.1 Official Release, EDS disabled
EVS Port1 1980-012-14:03:20.25128 66/1/CFE_SB 14: No subscribers for MsgId 0x808,sender CFE_SB
EVS Port1 1980-012-14:03:20.35147 66/1/CFE_TBL 1: cFE TBL Initialized: CFE_TBL v7.0.1+dev0 (Draco) v7.0.1 Official Release, EDS disabled
EVS Port1 1980-012-14:03:20.35150 66/1/CFE_SB 14: No subscribers for MsgId 0x808,sender CFE_TBL
EVS Port1 1980-012-14:03:20.45201 66/1/CFE_TIME 1: cFE TIME Initialized: CFE_TIME v7.0.1+dev0 (Draco) v7.0.1 Official Release, EDS disabled
EVS Port1 1980-012-14:03:20.45207 66/1/CFE_SB 14: No subscribers for MsgId 0x808,sender CFE_TIME
1980-012-14:03:20.50172 CFE_ES_CreateObjects: Finished ES CreateObject table entries.
1980-012-14:03:20.50174 CFE_ES_Main: CFE_ES_Main entering CORE_READY state
1980-012-14:03:20.50176 CFE_ES_StartApplications: Opened ES App Startup file: /cf/cfe_es_startup.scr
1980-012-14:03:20.50183 CFE_ES_ParseFileEntry: Loading shared library: /cf/cfe_assert.so
1980-012-14:03:20.50198 [BEGIN] CFE FUNCTIONAL TEST
1980-012-14:03:20.50200 [BEGIN] 01 CFE-STARTUP
1980-012-14:03:20.50208 CFE_ES_ParseFileEntry: Loading shared library: /cf/sample_lib.so
SAMPLE Lib Initialized.Sample Lib v7.0.0+dev0 (Draco) v7.0.1 Official Release, EDS disabled
1980-012-14:03:20.50222 CFE_ES_ParseFileEntry: Loading file: /cf/sch_lab.so, APP: SCH_LAB
1980-012-14:03:20.50247 CFE_ES_ParseFileEntry: Loading file: /cf/ci_lab.so, APP: CI_LAB
1980-012-14:03:20.50263 CFE_ES_ParseFileEntry: Loading file: /cf/to_lab.so, APP: TO_LAB
1980-012-14:03:20.50282 CFE_ES_ParseFileEntry: Loading file: /cf/sample_app.so, APP: SAMPLE_APP
1980-012-14:03:20.50297 CFE_ES_ParseFileEntry: Loading file: /cf/lc.so, APP: LC
1980-012-14:03:20.50314 CFE_ES_ParseFileEntry: Loading file: /cf/cf.so, APP: CF
1980-012-14:03:20.50334 CFE_ES_ParseFileEntry: Loading file: /cf/ds.so, APP: DS
1980-012-14:03:20.50352 CFE_ES_ParseFileEntry: Loading file: /cf/fm.so, APP: FM
1980-012-14:03:20.50374 CFE_ES_ParseFileEntry: Loading file: /cf/hk.so, APP: HK
1980-012-14:03:20.50389 CFE_ES_ParseFileEntry: Loading file: /cf/hs.so, APP: HS
1980-012-14:03:20.50407 CFE_ES_ParseFileEntry: Loading file: /cf/mm.so, APP: MM
1980-012-14:03:20.50422 CFE_ES_ParseFileEntry: Loading file: /cf/sc.so, APP: SC
1980-012-14:03:20.50437 CFE_ES_ParseFileEntry: Loading file: /cf/md.so, APP: MD
1980-012-14:03:20.50452 CFE_ES_ParseFileEntry: Loading file: /cf/cs.so, APP: CS
1980-012-14:03:20.50472 CFE_ES_ParseFileEntry: Loading file: /cf/sbn.so, APP: SBN
SCH Lab Initialized.SCH Lab v7.0.1+dev0 (Draco) v7.0.1 Official Release, EDS disabled
EVS Port1 1980-012-14:03:20.55320 66/1/TO_LAB 1: TO Lab Initialized.TO Lab v7.0.1+dev0 (Draco) v7.0.1 Official Release, EDS disabled, Awaiting enable command.
EVS Port1 1980-012-14:03:20.55322 66/1/CFE_SB 14: No subscribers for MsgId 0x808,sender TO_LAB
EVS Port1 1980-012-14:03:20.55328 66/1/SAMPLE_APP 1: Sample App Initialized.Sample App v7.0.0+dev0 (Draco) v7.0.1 Official Release, EDS disabled
EVS Port1 1980-012-14:03:20.55351 66/1/LC 56: WDT verify results: good = 0, bad = 0, unused = 176
EVS Port1 1980-012-14:03:20.55366 66/1/LC 66: ADT verify results: good = 0, bad = 0, unused = 176
EVS Port1 1980-012-14:03:20.55369 66/1/LC 23: LC use of Critical Data Store disabled, activity mask = 0x00991990
EVS Port1 1980-012-14:03:20.55371 66/1/LC 2: LC Initialized. Version 7.0.1.0
EVS Port1 1980-012-14:03:20.55372 66/1/CF 20: CF Initialized. Version 7.0.1.0
EVS Port1 1980-012-14:03:20.55375 66/1/DS 10: Destination file table verify results: good entries = 6, bad = 0, unused = 10
EVS Port1 1980-012-14:03:20.55384 66/1/FM 80: Free Space Table verify results: good entries = 3, bad = 0, unused = 5
EVS Port1 1980-012-14:03:20.55389 66/1/DS 12: Filter table verify results: good entries = 14, bad = 0, unused = 242
EVS Port1 1980-012-14:03:20.55392 66/1/FM 1: Initialization complete: version 7.0.1.0
EVS Port1 1980-012-14:03:20.55430 66/1/DS 1: Application initialized, version 7.0.1.0, data at 0x7f6018526460
1980-012-14:03:20.55545 CI_LAB listening on UDP port: 1234
EVS Port1 1980-012-14:03:20.55650 66/1/CI_LAB 3: CI Lab Initialized.CI Lab App v7.0.1+dev0 (Draco) v7.0.1 Official Release, EDS disabled
EVS Port1 1980-012-14:03:20.55799 66/1/MM 1: MM Initialized. Version 7.0.1.0
EVS Port1 1980-012-14:03:20.55857 66/1/SBN 2: SBN subscribed to command pipe SBN_CMD_MID 0x18FA
EVS Port1 1980-012-14:03:20.55886 66/1/HK 1: HK Initialized.  Version 7.0.1.0
EVS Port1 1980-012-14:03:20.55921 66/1/MD 52: MD Dwell Tbl verify results: good = 0, bad = 0, unused = 25
EVS Port1 1980-012-14:03:20.55952 66/1/CS 144: CS EEPROM Table verification results: good = 0, bad = 0, unused = 16
EVS Port1 1980-012-14:03:20.55969 66/1/HS 54: ExeCount verify results: good = 5, bad = 0, unused = 27
EVS Port1 1980-012-14:03:20.55998 66/1/CS 107: CS EEPROM Table: No valid entries in the table
EVS Port1 1980-012-14:03:20.55999 66/1/MD 52: MD Dwell Tbl verify results: good = 0, bad = 0, unused = 25
EVS Port1 1980-012-14:03:20.56024 66/1/HS 50: AppMon verify results: good = 0, bad = 0, unused = 32
EVS Port1 1980-012-14:03:20.56068 66/1/MD 52: MD Dwell Tbl verify results: good = 0, bad = 0, unused = 25
EVS Port1 1980-012-14:03:20.56076 66/1/CS 143: CS Memory Table verification results: good = 0, bad = 0, unused = 16
EVS Port1 1980-012-14:03:20.56080 66/1/HS 52: EventMon verify results: good = 0, bad = 0, unused = 16
EVS Port1 1980-012-14:03:20.56124 66/1/CS 107: CS Memory Table: No valid entries in the table
EVS Port1 1980-012-14:03:20.56134 66/1/HS 56: MsgActs verify results: good = 2, bad = 0, unused = 6
EVS Port1 1980-012-14:03:20.56147 66/1/MD 52: MD Dwell Tbl verify results: good = 0, bad = 0, unused = 25
EVS Port1 1980-012-14:03:20.56179 66/1/SC 21: RTS table files not loaded at initialization = 0 of 4
EVS Port1 1980-012-14:03:20.56192 66/1/MD 7: Dwell Tables Recovered: 0, Dwell Tables Initialized: 4
EVS Port1 1980-012-14:03:20.56196 66/1/CS 139: CS Tables Table verification results: good = 1, bad = 0, unused = 23
1980-012-14:03:20.56229 HS_SysMonInit(): System Monitor using PSP device ID 0110ff05
open(/proc/schedstat): No such file or directory
EVS Port1 1980-012-14:03:20.56228 66/1/MD 1: MD Initialized.  Version 7.0.1.0
1980-012-14:03:20.56241 HS_SysMonInit(): Unable to start device 0110ff05
EVS Port1 1980-012-14:03:20.56260 66/1/HS 74: Error in system monitor initialization, RC=0xC8000005
EVS Port1 1980-012-14:03:20.56320 66/1/SC 9: SC Initialized. Version 7.0.1.0
EVS Port1 1980-012-14:03:20.56326 66/1/CS 142: CS Apps Table verification results: good = 0, bad = 0, unused = 24
EVS Port1 1980-012-14:03:20.56329 66/1/CS 108: CS Apps Table: No valid entries in the table
EVS Port1 1980-012-14:03:20.56333 66/1/CS 127: OS Text Segment disabled due to platform
EVS Port1 1980-012-14:03:20.56333 66/1/CS 1: CS Initialized. Version 7.0.1.0
EVS Port1 1980-012-14:03:20.60411 66/1/FM 72: Child Task initialization complete
1980-012-14:03:20.60516 CFE_ES_Main: CFE_ES_Main entering APPS_INIT state
1980-012-14:03:20.60520 CFE_ES_Main: CFE_ES_Main entering OPERATIONAL state
OS_GenericSymbolLookup_Impl():114:SBN_UDP_Ops: ./core-cpu1: undefined symbol: SBN_UDP_Ops
EVS Port1 1980-012-14:03:20.60914 66/1/SBN 4: checking if module (UDP) already loaded
OS_GenericSymbolLookup_Impl():114:SBN_UDP_Ops: ./cf/cfe_assert.so: undefined symbol: SBN_UDP_Ops
OS_GenericSymbolLookup_Impl():114:SBN_UDP_Ops: ./cf/sample_lib.so: undefined symbol: SBN_UDP_Ops
OS_GenericSymbolLookup_Impl():114:SBN_UDP_Ops: ./cf/sch_lab.so: undefined symbol: SBN_UDP_Ops
OS_GenericSymbolLookup_Impl():114:SBN_UDP_Ops: ./cf/ci_lab.so: undefined symbol: SBN_UDP_Ops
OS_GenericSymbolLookup_Impl():114:SBN_UDP_Ops: ./cf/to_lab.so: undefined symbol: SBN_UDP_Ops
OS_GenericSymbolLookup_Impl():114:SBN_UDP_Ops: ./cf/sample_app.so: undefined symbol: SBN_UDP_Ops
OS_GenericSymbolLookup_Impl():114:SBN_UDP_Ops: ./cf/lc.so: undefined symbol: SBN_UDP_Ops
OS_GenericSymbolLookup_Impl():114:SBN_UDP_Ops: ./cf/cf.so: undefined symbol: SBN_UDP_Ops
OS_GenericSymbolLookup_Impl():114:SBN_UDP_Ops: ./cf/ds.so: undefined symbol: SBN_UDP_Ops
OS_GenericSymbolLookup_Impl():114:SBN_UDP_Ops: ./cf/fm.so: undefined symbol: SBN_UDP_Ops
OS_GenericSymbolLookup_Impl():114:SBN_UDP_Ops: ./cf/hk.so: undefined symbol: SBN_UDP_Ops
OS_GenericSymbolLookup_Impl():114:SBN_UDP_Ops: ./cf/hs.so: undefined symbol: SBN_UDP_Ops
OS_GenericSymbolLookup_Impl():114:SBN_UDP_Ops: ./cf/mm.so: undefined symbol: SBN_UDP_Ops
OS_GenericSymbolLookup_Impl():114:SBN_UDP_Ops: ./cf/sc.so: undefined symbol: SBN_UDP_Ops
OS_GenericSymbolLookup_Impl():114:SBN_UDP_Ops: ./cf/md.so: undefined symbol: SBN_UDP_Ops
OS_GenericSymbolLookup_Impl():114:SBN_UDP_Ops: ./cf/cs.so: undefined symbol: SBN_UDP_Ops
OS_GenericSymbolLookup_Impl():114:SBN_UDP_Ops: ./cf/sbn.so: undefined symbol: SBN_UDP_Ops
EVS Port1 1980-012-14:03:20.60969 66/1/SBN 4: symbol not yet loaded (SBN_UDP_Ops)
EVS Port1 1980-012-14:03:20.60971 66/1/SBN 4: loading module (Name=UDP, File=/cf/sbn_udp.so)
EVS Port1 1980-012-14:03:20.60983 66/1/SBN 4: validating symbol load (SBN_UDP_Ops)
EVS Port1 1980-012-14:03:20.60986 66/1/SBN 4: initializing protocol module
SBN_UDP Lib Initialized.
EVS Port1 1980-012-14:03:20.60986 66/1/SBN 4: protocol module initialized
EVS Port1 1980-012-14:03:20.60989 66/1/SBN 4: checking if module (Remap) already loaded
OS_GenericSymbolLookup_Impl():114:SBN_F_Remap: ./core-cpu1: undefined symbol: SBN_F_Remap
OS_GenericSymbolLookup_Impl():114:SBN_F_Remap: ./cf/cfe_assert.so: undefined symbol: SBN_F_Remap
OS_GenericSymbolLookup_Impl():114:SBN_F_Remap: ./cf/sample_lib.so: undefined symbol: SBN_F_Remap
OS_GenericSymbolLookup_Impl():114:SBN_F_Remap: ./cf/sch_lab.so: undefined symbol: SBN_F_Remap
OS_GenericSymbolLookup_Impl():114:SBN_F_Remap: ./cf/ci_lab.so: undefined symbol: SBN_F_Remap
OS_GenericSymbolLookup_Impl():114:SBN_F_Remap: ./cf/to_lab.so: undefined symbol: SBN_F_Remap
OS_GenericSymbolLookup_Impl():114:SBN_F_Remap: ./cf/sample_app.so: undefined symbol: SBN_F_Remap
OS_GenericSymbolLookup_Impl():114:SBN_F_Remap: ./cf/lc.so: undefined symbol: SBN_F_Remap
OS_GenericSymbolLookup_Impl():114:SBN_F_Remap: ./cf/cf.so: undefined symbol: SBN_F_Remap
OS_GenericSymbolLookup_Impl():114:SBN_F_Remap: ./cf/ds.so: undefined symbol: SBN_F_Remap
OS_GenericSymbolLookup_Impl():114:SBN_F_Remap: ./cf/fm.so: undefined symbol: SBN_F_Remap
OS_GenericSymbolLookup_Impl():114:SBN_F_Remap: ./cf/hk.so: undefined symbol: SBN_F_Remap
OS_GenericSymbolLookup_Impl():114:SBN_F_Remap: ./cf/hs.so: undefined symbol: SBN_F_Remap
OS_GenericSymbolLookup_Impl():114:SBN_F_Remap: ./cf/mm.so: undefined symbol: SBN_F_Remap
OS_GenericSymbolLookup_Impl():114:SBN_F_Remap: ./cf/sc.so: undefined symbol: SBN_F_Remap
OS_GenericSymbolLookup_Impl():114:SBN_F_Remap: ./cf/md.so: undefined symbol: SBN_F_Remap
OS_GenericSymbolLookup_Impl():114:SBN_F_Remap: ./cf/cs.so: undefined symbol: SBN_F_Remap
OS_GenericSymbolLookup_Impl():114:SBN_F_Remap: ./cf/sbn.so: undefined symbol: SBN_F_Remap
OS_GenericSymbolLookup_Impl():114:SBN_F_Remap: ./cf/sbn_udp.so: undefined symbol: SBN_F_Remap
EVS Port1 1980-012-14:03:20.61056 66/1/SBN 4: symbol not yet loaded (SBN_F_Remap)
EVS Port1 1980-012-14:03:20.61059 66/1/SBN 4: loading module (Name=Remap, File=/cf/sbn_f_remap.so)
EVS Port1 1980-012-14:03:20.61067 66/1/SBN 4: validating symbol load (SBN_F_Remap)
EVS Port1 1980-012-14:03:20.61073 66/1/SBN 4: initializing filter module
EVS Port1 1980-012-14:03:20.61082 66/1/SBN 4096: SBN_F_Remap Lib Initialized.
EVS Port1 1980-012-14:03:20.61085 66/1/SBN 4: filter module initialized
EVS Port1 1980-012-14:03:20.61085 66/1/SBN 4: configuring peer (SC=66, CPU=1)...
EVS Port1 1980-012-14:03:20.61087 66/1/SBN 4: found new highest net id: 0
EVS Port1 1980-012-14:03:20.61088 66/1/SBN 4: increasing net count to 1
EVS Port1 1980-012-14:03:20.61088 66/1/SBN 4: peer is this processor: loading net 0
EVS Port1 1980-012-14:03:20.61090 66/1/SBN 258: configuring net (NetData=0x7f60182b78b4, Address=127.0.0.1:3234)
EVS Port1 1980-012-14:03:20.61091 66/1/SBN 258: addr host: '127.0.0.1'
EVS Port1 1980-012-14:03:20.61096 66/1/SBN 258: addr port: '3234'
EVS Port1 1980-012-14:03:20.61097 66/1/SBN 258: configured (NetData=0x7f60182b78b4)
EVS Port1 1980-012-14:03:20.61099 66/1/SBN 4: configuring peer (SC=66, CPU=2)...
EVS Port1 1980-012-14:03:20.61099 66/1/SBN 4: peer is other processor: loading peer onto net 0
EVS Port1 1980-012-14:03:20.61100 66/1/CFE_SB 25: Pipe Overflow,MsgId 0x808,pipe DS_CMD_PIPE,sender SBN
EVS Port1 1980-012-14:03:20.61103 66/1/SBN 258: configuring peer (SC=66, CPU=2, Address=127.0.0.1:3235)
EVS Port1 1980-012-14:03:20.61106 66/1/CFE_SB 25: Pipe Overflow,MsgId 0x808,pipe DS_CMD_PIPE,sender SBN
EVS Port1 1980-012-14:03:20.61108 66/1/SBN 258: addr host: '127.0.0.1'
EVS Port1 1980-012-14:03:20.61109 66/1/CFE_SB 25: Pipe Overflow,MsgId 0x808,pipe DS_CMD_PIPE,sender SBN
EVS Port1 1980-012-14:03:20.61111 66/1/SBN 258: addr port: '3235'
EVS Port1 1980-012-14:03:20.61114 66/1/CFE_SB 25: Pipe Overflow,MsgId 0x808,pipe DS_CMD_PIPE,sender SBN
EVS Port1 1980-012-14:03:20.61116 66/1/SBN 258: configured peer (SC=66, CPU=2, Address=127.0.0.1:3235)
EVS Port1 1980-012-14:03:20.61117 66/1/CFE_SB 25: Pipe Overflow,MsgId 0x808,pipe DS_CMD_PIPE,sender SBN
EVS Port1 1980-012-14:03:20.61117 66/1/SBN 4: configuring peer (SC=66, CPU=3)...
EVS Port1 1980-012-14:03:20.61117 66/1/CFE_SB 25: Pipe Overflow,MsgId 0x808,pipe DS_CMD_PIPE,sender SBN
EVS Port1 1980-012-14:03:20.61119 66/1/SBN 4: peer is other processor: loading peer onto net 0
EVS Port1 1980-012-14:03:20.61119 66/1/CFE_SB 25: Pipe Overflow,MsgId 0x808,pipe DS_CMD_PIPE,sender SBN
EVS Port1 1980-012-14:03:20.61120 66/1/SBN 258: configuring peer (SC=66, CPU=3, Address=127.0.0.1:3236)
EVS Port1 1980-012-14:03:20.61120 66/1/CFE_SB 25: Pipe Overflow,MsgId 0x808,pipe DS_CMD_PIPE,sender SBN
EVS Port1 1980-012-14:03:20.61120 66/1/SBN 258: addr host: '127.0.0.1'
EVS Port1 1980-012-14:03:20.61122 66/1/CFE_SB 25: Pipe Overflow,MsgId 0x808,pipe DS_CMD_PIPE,sender SBN
EVS Port1 1980-012-14:03:20.61123 66/1/CFE_EVS 44: Events squelched, AppName = SBN
EVS Port1 1980-012-14:03:20.61123 66/1/CFE_SB 25: Pipe Overflow,MsgId 0x808,pipe DS_CMD_PIPE,sender SBN
EVS Port1 1980-012-14:03:20.65350 66/1/CFE_SB 25: Pipe Overflow,MsgId 0x80e,pipe SBNSubPipe,sender TO_LAB
EVS Port1 1980-012-14:03:20.65354 66/1/CFE_SB 25: Pipe Overflow,MsgId 0x80e,pipe SBNSubPipe,sender TO_LAB
EVS Port1 1980-012-14:03:20.65356 66/1/CFE_SB 25: Pipe Overflow,MsgId 0x80e,pipe SBNSubPipe,sender TO_LAB
EVS Port1 1980-012-14:03:20.65357 66/1/CFE_SB 25: Pipe Overflow,MsgId 0x80e,pipe SBNSubPipe,sender TO_LAB
EVS Port1 1980-012-14:03:20.65359 66/1/CFE_SB 25: Pipe Overflow,MsgId 0x80e,pipe SBNSubPipe,sender TO_LAB
EVS Port1 1980-012-14:03:20.65362 66/1/CFE_SB 25: Pipe Overflow,MsgId 0x80e,pipe SBNSubPipe,sender TO_LAB
EVS Port1 1980-012-14:03:20.65412 66/1/TO_LAB 19: L523 TO Lab subscribed to 37 messages from the table
1980-012-14:03:21.05622 CFE_ES_ResetCFE: POWERON RESET called from CFE_ES_ResetCFE (Commanded).
CFE_PSP: Exiting cFE with POWERON Reset status.
CFE_PSP: Critical Data Store Shared memory segment removed
Reset Area Shared memory segment removed
User Reserved Area Shared memory segment removed

CFE_PSP: Shutdown initiated - Exiting cFE
CI delete callback -- Closing CI Network socket.
TO delete callback -- Closing TO Network socket.
