OS_BSP_Initialize():Maximum user msg queue depth = 10
CFE_PSP: Default Reset SubType = 1
CFE_PSP: Default CPU ID = 1
CFE_PSP: Default Spacecraft ID = 66
CFE_PSP: Default CPU Name: cpu1
OS_Posix_GetSchedulerParams():208:Policy 1: available, min-max: 1-99
OS_Posix_GetSchedulerParams():208:Policy 2: available, min-max: 1-99
OS_Posix_TaskAPI_Impl_Init():401:Selected policy 2 for RT tasks, root task = 99
CFE_PSP: initializing module 'soft_timebase' with ID 0110ff00
CFE_PSP: Instantiated software timebase 'cFS-Master' running at 10000 usec
CFE_PSP: initializing module 'timebase_posix_clock' with ID 0110ff01
CFE_PSP: Using POSIX monotonic clock as CFE timebase
CFE_PSP: initializing module 'eeprom_mmap_file' with ID 0110ff02
CFE_PSP: Using MMAP simulated EEPROM implementation
CFE_PSP: initializing module 'port_notimpl' with ID 0110ff03
CFE_PSP: I/O Port access not implemented
CFE_PSP: initializing module 'iodriver' with ID 0110ff04
CFE_PSP: initializing module 'linux_sysmon' with ID 0110ff05
CFE_PSP: initializing module 'endian_api' with ID 0110ff06
CFE_PSP: Host CPU Endian=LITTLE
CFE_PSP: initializing module 'ram_notimpl' with ID 0110ff07
CFE_PSP: Physical RAM access not implemented
CFE_PSP: EEPROM Range (2) created: Start Address = 7F0203C80000, Size = 00080000 Status = 0
CFE_PSP: Starting the cFE with a POWER ON reset.
CFE_PSP: Clearing out CFE CDS Shared memory segment.
CFE_PSP: Clearing out CFE Reset Shared memory segment.
CFE_PSP: Clearing out CFE User Reserved Shared memory segment.
1980-001-01:18:11.98514 CFE_ES_SetupResetVariables: POWER ON RESET due to Power Cycle (Power Cycle).
1980-001-01:18:11.98521 CFE_ES_Main: CFE_ES_Main in EARLY_INIT state
Number of addresses returned by backtrace = 1
CFE_PSP: CFE_PSP_AttachExceptions called
1980-001-01:18:11.98547 CFE_ES_Main: CFE_ES_Main entering CORE_STARTUP state
1980-001-01:18:11.98547 CFE_ES_CreateObjects: Starting Object Creation calls.
1980-001-01:18:11.98547 CFE_ES_CreateObjects: Calling EarlyInit for CFE_CONFIG
1980-001-01:18:11.98548 CFE_ES_CreateObjects: Calling EarlyInit for CFE_ES
1980-001-01:18:11.98559 CFE_ES_CreateObjects: Calling EarlyInit for CFE_EVS
1980-001-01:18:11.98561 CFE_EVS_EarlyInit: Event Log cleared following power-on reset
1980-001-01:18:11.98561 CFE_ES_CreateObjects: Calling EarlyInit for CFE_FS
1980-001-01:18:11.98561 CFE_ES_CreateObjects: Calling EarlyInit for CFE_SB
1980-001-01:18:11.98589 CFE_ES_CreateObjects: Calling EarlyInit for CFE_TBL
1980-001-01:18:11.98624 CFE_ES_CreateObjects: Calling EarlyInit for CFE_TIME
EVS Port1 1980-012-14:03:20.05238 66/1/CFE_ES 1: cFE ES Initialized: CFE_ES v7.0.1+dev1 (Draco) DEV BUILD, based on v7.0.1, EDS disabled
EVS Port1 1980-012-14:03:20.05241 66/1/CFE_ES 2: cFS Versions: cfe v7.0.1+dev1, osal v7.0.1+dev1, psp v7.0.1+dev1. cFE chksm 56223
EVS Port1 1980-012-14:03:20.05241 66/1/CFE_ES 91: Version Info: Mission SampleMission, version (null)
EVS Port1 1980-012-14:03:20.05242 66/1/CFE_ES 91: Version Info: Module CORE_API, version git:v7.0.1-106-g546a002
EVS Port1 1980-012-14:03:20.05244 66/1/CFE_ES 91: Version Info: Module CONFIG, version git:v7.0.1-106-g546a002
EVS Port1 1980-012-14:03:20.05245 66/1/CFE_ES 91: Version Info: Module ES, version git:v7.0.1-106-g546a002
EVS Port1 1980-012-14:03:20.05249 66/1/CFE_ES 91: Version Info: Module EVS, version git:v7.0.1-106-g546a002
EVS Port1 1980-012-14:03:20.05250 66/1/CFE_ES 91: Version Info: Module FS, version git:v7.0.1-106-g546a002
EVS Port1 1980-012-14:03:20.05252 66/1/CFE_ES 91: Version Info: Module SB, version git:v7.0.1-106-g546a002
EVS Port1 1980-012-14:03:20.05253 66/1/CFE_ES 91: Version Info: Module TBL, version git:v7.0.1-106-g546a002
EVS Port1 1980-012-14:03:20.05253 66/1/CFE_ES 91: Version Info: Module TIME, version git:v7.0.1-106-g546a002
EVS Port1 1980-012-14:03:20.05255 66/1/CFE_ES 91: Version Info: Module OSAL, version git:v7.0.1-45-g5befd8e
EVS Port1 1980-012-14:03:20.05256 66/1/CFE_ES 91: Version Info: Module PSP, version git:v7.0.1-26-g36c24cb
EVS Port1 1980-012-14:03:20.05258 66/1/CFE_ES 91: Version Info: Module MSG, version git:v7.0.1-106-g546a002
EVS Port1 1980-012-14:03:20.05258 66/1/CFE_ES 91: Version Info: Module SBR, version git:v7.0.1-106-g546a002
EVS Port1 1980-012-14:03:20.05258 66/1/CFE_ES 91: Version Info: Module RESOURCEID, version git:v7.0.1-106-g546a002
EVS Port1 1980-012-14:03:20.05258 66/1/CFE_ES 92: Build 202610010630 by root@vm, config sample
EVS Port1 1980-012-14:03:20.15043 66/1/CFE_EVS 1: cFE EVS Initialized: CFE_EVS v7.0.1+dev1 (Draco) DEV BUILD, based on v7.0.1, EDS disabled
1980-012-14:03:20.25062 CFE_SB_AppInit: Registered 4 events for filtering
EVS Port1 1980-012-14:03:20.25067 66/1/CFE_SB 1: cFE SB Initialized: CFE_SB v7.0.1+dev1 (Draco) DEV BUILD, based on v7.0.1, EDS disabled
EVS Port1 1980-012-14:03:20.25068 66/1/CFE_SB 14: No subscribers for MsgId 0x808,sender CFE_SB
EVS Port1 1980-012-14:03:20.35086 66/1/CFE_TBL 1: cFE TBL Initialized: CFE_TBL v7.0.1+dev1 (Draco) DEV BUILD, based on v7.0.1, EDS disabled
EVS Port1 1980-012-14:03:20.35089 66/1/CFE_SB 14: No subscribers for MsgId 0x808,sender CFE_TBL
EVS Port1 1980-012-14:03:20.45123 66/1/CFE_TIME 1: cFE TIME Initialized: CFE_TIME v7.0.1+dev1 (Draco) DEV BUILD, based on v7.0.1, EDS disabled
EVS Port1 1980-012-14:03:20.45126 66/1/CFE_SB 14: No subscribers for MsgId 0x808,sender CFE_TIME
1980-012-14:03:20.50112 CFE_ES_CreateObjects: Finished ES CreateObject table entries.
1980-012-14:03:20.50115 CFE_ES_Main: CFE_ES_Main entering CORE_READY state
1980-012-14:03:20.50118 CFE_ES_OpenStartupScript: Opened ES App Startup file: /cf/cfe_es_startup.scr
1980-012-14:03:20.50128 CFE_ES_ParseFileEntry: Loading file: /cf/probe_lo.so, APP: PROBE_LO
1980-012-14:03:20.50160 CFE_ES_ParseFileEntry: Loading file: /cf/probe_hi.so, APP: PROBE_HI
1980-012-14:03:20.50183 CFE_ES_ParseFileEntry: Loading file: /cf/probe_slow.so, APP: PROBE_SLOW
1980-012-14:03:20.50201 CFE_ES_ParseFileEntry: Loading file: /cf/probe_own.so, APP: PROBE_OWN
1980-012-14:03:20.50222 CFE_ES_ParseFileEntry: Loading file: /cf/probe_shr.so, APP: PROBE_SHR
1980-012-14:03:20.55170 PROBE PROBE_LO ENTRY mono_us=4692537958 policy=2 rtprio=22 cpu=2
1980-012-14:03:20.55174 EVS_NotRegistered: App PROBE_LO not registered with Event Services. Unable to send event.
1980-012-14:03:20.55175 PROBE PROBE_LO SendEvent_before_Register st=0xc2000002
1980-012-14:03:20.55176 PROBE PROBE_LO EVS_Register st=0x00000000
1980-012-14:03:20.55185 PROBE PROBE_HI ENTRY mono_us=4692538115 policy=2 rtprio=90 cpu=0
1980-012-14:03:20.55189 EVS_NotRegistered: App PROBE_HI not registered with Event Services. Unable to send event.
1980-012-14:03:20.55189 PROBE PROBE_HI SendEvent_before_Register st=0xc2000002
1980-012-14:03:20.55189 PROBE PROBE_HI EVS_Register st=0x00000000
1980-012-14:03:20.55199 PROBE PROBE_SLOW ENTRY mono_us=4692538247 policy=2 rtprio=60 cpu=1
1980-012-14:03:20.55231 PROBE PROBE_OWN ENTRY appid=1114121 mono_us=4692538575
1980-012-14:03:20.55236 PROBE PROBE_OWN Register(T,single) st=0x00000000 mono_us=4692538626
1980-012-14:03:20.55238 PROBE PROBE_OWN GetAddress(T) BEFORE load st=0xcc000005 ptr=(nil)
1980-012-14:03:20.55238 PROBE PROBE_OWN ReleaseAddress(T) BEFORE load st=0xcc000005
1980-012-14:03:20.55239 PROBE PROBE_SHR ENTRY mono_us=4692538649
1980-012-14:03:20.55240 PROBE PROBE_OWN Load(T,v1) st=0x00000000
1980-012-14:03:20.55242 PROBE PROBE_OWN Register(D,double) st=0x00000000 mono_us=4692538681
1980-012-14:03:20.55242 PROBE PROBE_OWN Load(D,v1) st=0x00000000
1980-012-14:03:20.55243 PROBE PROBE_OWN Register(E,double) st=0x00000000
1980-012-14:03:20.55246 PROBE PROBE_OWN Load(E,v1) st=0x00000000
1980-012-14:03:20.55249 PROBE PROBE_OWN GetAddress(T) st=0x4c00000e val=1 (holding)
1980-012-14:03:20.55250 CFE_TBL_GetInactiveBufferExclusive: Inactive Buff Locked for 'PROBE_OWN.T' by AppId=1114121
1980-012-14:03:20.55251 CFE_TBL_UpdateInternal: Unable to update locked table Handle=1769473
EVS Port1 1980-012-14:03:20.55250 66/1/CFE_TBL 95: PROBE_OWN: Failed to update 'PROBE_OWN.T' (Stat=1275068440)
EVS Port1 1980-012-14:03:20.55253 66/1/CFE_SB 14: No subscribers for MsgId 0x808,sender PROBE_OWN
1980-012-14:03:20.55256 PROBE PROBE_OWN Load(T,v2) while self holds lock st=0x4c000018 val_seen=1
1980-012-14:03:20.55257 PROBE PROBE_OWN ReleaseAddress(T) st=0x00000000
1980-012-14:03:20.55257 PROBE PROBE_OWN GetStatus(T) st=0x4c000004
EVS Port1 1980-012-14:03:20.55258 66/1/CFE_TBL 37: PROBE_OWN Successfully Updated 'PROBE_OWN.T'
1980-012-14:03:20.55258 PROBE PROBE_OWN Manage(T) st=0x4c00000e
1980-012-14:03:20.55258 PROBE PROBE_OWN GetAddress(T) after manage st=0x4c00000e val=2
1980-012-14:03:21.50451 CFE_ES_Main: Startup Sync failed - Applications may not have all initialized
1980-012-14:03:21.50453 CFE_ES_Main: CFE_ES_Main entering APPS_INIT state
EVS Port1 1980-012-14:03:21.00003 66/1/CFE_TIME 21: Stop FLYWHEEL
1980-012-14:03:21.55759 CFE_ES_Main: Startup Sync failed - Applications may not have all started
1980-012-14:03:21.55762 CFE_ES_Main: CFE_ES_Main entering OPERATIONAL state
1980-012-14:03:21.60672 PROBE PROBE_OWN OPERATIONAL t0 mono_us=4694541088
1980-012-14:03:21.60673 PROBE PROBE_SHR OPERATIONAL t0 mono_us=4694541098
1980-012-14:03:21.60683 PROBE PROBE_LO WaitForSystemState(OPERATIONAL,5000) st=0x00000000 waited_us=2003176 mono_us=4694541198
1980-012-14:03:21.60684 PROBE PROBE_SHR Share(T) st=0x00000000
1980-012-14:03:21.60687 PROBE PROBE_SHR Share(D) st=0x00000000
1980-012-14:03:21.60687 PROBE PROBE_SHR Share(E) st=0x00000000
1980-012-14:03:21.60744 PROBE PROBE_HI WaitForSystemState(OPERATIONAL,5000) st=0x00000000 waited_us=2003658 mono_us=4694541813
1980-012-14:03:22.10402 PROBE PROBE_SLOW AFTER_PRE_DELAY mono_us=4695038346 policy=2 rtprio=60 cpu=2
1980-012-14:03:22.10405 EVS_NotRegistered: App PROBE_SLOW not registered with Event Services. Unable to send event.
1980-012-14:03:22.10405 PROBE PROBE_SLOW SendEvent_before_Register st=0xc2000002
1980-012-14:03:22.10405 PROBE PROBE_SLOW EVS_Register st=0x00000000
1980-012-14:03:22.10406 PROBE PROBE_SLOW WaitForSystemState(OPERATIONAL,5000) st=0x00000000 waited_us=0 mono_us=4695038390
1980-012-14:03:22.61053 PROBE PROBE_SHR t+1s GetAddress(D) st=0x4c00000e val=1 ptr=0x55db96895a10 (holding)
1980-012-14:03:22.61057 PROBE PROBE_SHR t+1s GetAddress(E) st=0x4c00000e val=1 ptr=0x55db96895a70 (holding once)
EVS Port1 1980-012-14:03:23.61483 66/1/CFE_TBL 35: Successfully loaded 'PROBE_OWN.D' from 'Addr 0x7F0203C67E00'
1980-012-14:03:23.61489 PROBE PROBE_OWN t+2s Load(D,v2) while SHR holds D st=0x00000000
EVS Port1 1980-012-14:03:23.61489 66/1/CFE_TBL 35: Successfully loaded 'PROBE_OWN.E' from 'Addr 0x7F0203C67E00'
1980-012-14:03:23.61490 PROBE PROBE_OWN t+2s Load(E,v2) while SHR holds E (once) st=0x00000000
1980-012-14:03:24.61834 PROBE PROBE_SHR t+3s held D ptr=0x55db96895a10 val=1 (owner loaded v2 at t+2s)
1980-012-14:03:24.61844 PROBE PROBE_SHR t+3s second GetAddress(D) st=0x4c00000e ptr=0x55db968959e0 val=2
1980-012-14:03:24.61844 PROBE PROBE_SHR t+3s held E ptr=0x55db96895a70 val=1 (owner loaded v2 at t+2s)
1980-012-14:03:25.04773 CFE_ES_RunExceptionScan: ExceptionID 0x1110000 in TaskID 0: Caught SIGINT
1980-012-14:03:25.04775 CFE_ES_RunExceptionScan: Processor Reset count not reached (0/2)
CFE_PSP: Exiting cFE with PROCESSOR Reset status.

CFE_PSP: Shutdown initiated - Exiting cFE
