OS_BSP_Initialize():Maximum user msg queue depth = 10
CFE_PSP: Default Reset SubType = 1
CFE_PSP: Default CPU ID = 1
CFE_PSP: Default Spacecraft ID = 66
CFE_PSP: Default CPU Name: cpu1
OS_Posix_GetSchedulerParams():208:Policy 1: available, min-max: 1-99
OS_Posix_GetSchedulerParams():208:Policy 2: available, min-max: 1-99
OS_Posix_TaskAPI_Impl_Init():401:Selected policy 2 for RT tasks, root task = 99
CFE_PSP: initializing module 'soft_timebase' with ID 0110ff00
CFE_PSP: Instantiated software timebase 'cFS-Master' running at 10000 usec
CFE_PSP: initializing module 'timebase_posix_clock' with ID 0110ff01
CFE_PSP: Using POSIX monotonic clock as CFE timebase
CFE_PSP: initializing module 'eeprom_mmap_file' with ID 0110ff02
CFE_PSP: Using MMAP simulated EEPROM implementation
CFE_PSP: initializing module 'port_notimpl' with ID 0110ff03
CFE_PSP: I/O Port access not implemented
CFE_PSP: initializing module 'iodriver' with ID 0110ff04
CFE_PSP: initializing module 'linux_sysmon' with ID 0110ff05
CFE_PSP: initializing module 'endian_api' with ID 0110ff06
CFE_PSP: Host CPU Endian=LITTLE
CFE_PSP: initializing module 'ram_notimpl' with ID 0110ff07
CFE_PSP: Physical RAM access not implemented
CFE_PSP: EEPROM Range (2) created: Start Address = 7F9D7EE80000, Size = 00080000 Status = 0
CFE_PSP: Starting the cFE with a POWER ON reset.
CFE_PSP: Clearing out CFE CDS Shared memory segment.
CFE_PSP: Clearing out CFE Reset Shared memory segment.
CFE_PSP: Clearing out CFE User Reserved Shared memory segment.
1980-001-01:15:57.76058 CFE_ES_SetupResetVariables: POWER ON RESET due to Power Cycle (Power Cycle).
1980-001-01:15:57.76064 CFE_ES_Main: CFE_ES_Main in EARLY_INIT state
Number of addresses returned by backtrace = 1
CFE_PSP: CFE_PSP_AttachExceptions called
1980-001-01:15:57.76091 CFE_ES_Main: CFE_ES_Main entering CORE_STARTUP state
1980-001-01:15:57.76091 CFE_ES_CreateObjects: Starting Object Creation calls.
1980-001-01:15:57.76091 CFE_ES_CreateObjects: Calling EarlyInit for CFE_CONFIG
1980-001-01:15:57.76092 CFE_ES_CreateObjects: Calling EarlyInit for CFE_ES
1980-001-01:15:57.76100 CFE_ES_CreateObjects: Calling EarlyInit for CFE_EVS
1980-001-01:15:57.76101 CFE_EVS_EarlyInit: Event Log cleared following power-on reset
1980-001-01:15:57.76101 CFE_ES_CreateObjects: Calling EarlyInit for CFE_FS
1980-001-01:15:57.76102 CFE_ES_CreateObjects: Calling EarlyInit for CFE_SB
1980-001-01:15:57.76127 CFE_ES_CreateObjects: Calling EarlyInit for CFE_TBL
1980-001-01:15:57.76162 CFE_ES_CreateObjects: Calling EarlyInit for CFE_TIME
EVS Port1 1980-012-14:03:20.05203 66/1/CFE_ES 1: cFE ES Initialized: CFE_ES v7.0.1+dev1 (Draco) DEV BUILD, based on v7.0.1, EDS disabled
EVS Port1 1980-012-14:03:20.05206 66/1/CFE_ES 2: cFS Versions: cfe v7.0.1+dev1, osal v7.0.1+dev1, psp v7.0.1+dev1. cFE chksm 56223
EVS Port1 1980-012-14:03:20.05207 66/1/CFE_ES 91: Version Info: Mission SampleMission, version (null)
EVS Port1 1980-012-14:03:20.05209 66/1/CFE_ES 91: Version Info: Module CORE_API, version git:v7.0.1-106-g546a002
EVS Port1 1980-012-14:03:20.05209 66/1/CFE_ES 91: Version Info: Module CONFIG, version git:v7.0.1-106-g546a002
EVS Port1 1980-012-14:03:20.05210 66/1/CFE_ES 91: Version Info: Module ES, version git:v7.0.1-106-g546a002
EVS Port1 1980-012-14:03:20.05210 66/1/CFE_ES 91: Version Info: Module EVS, version git:v7.0.1-106-g546a002
EVS Port1 1980-012-14:03:20.05213 66/1/CFE_ES 91: Version Info: Module FS, version git:v7.0.1-106-g546a002
EVS Port1 1980-012-14:03:20.05213 66/1/CFE_ES 91: Version Info: Module SB, version git:v7.0.1-106-g546a002
EVS Port1 1980-012-14:03:20.05215 66/1/CFE_ES 91: Version Info: Module TBL, version git:v7.0.1-106-g546a002
EVS Port1 1980-012-14:03:20.05215 66/1/CFE_ES 91: Version Info: Module TIME, version git:v7.0.1-106-g546a002
EVS Port1 1980-012-14:03:20.05216 66/1/CFE_ES 91: Version Info: Module OSAL, version git:v7.0.1-45-g5befd8e
EVS Port1 1980-012-14:03:20.05216 66/1/CFE_ES 91: Version Info: Module PSP, version git:v7.0.1-26-g36c24cb
EVS Port1 1980-012-14:03:20.05218 66/1/CFE_ES 91: Version Info: Module MSG, version git:v7.0.1-106-g546a002
EVS Port1 1980-012-14:03:20.05224 66/1/CFE_ES 91: Version Info: Module SBR, version git:v7.0.1-106-g546a002
EVS Port1 1980-012-14:03:20.05224 66/1/CFE_ES 91: Version Info: Module RESOURCEID, version git:v7.0.1-106-g546a002
EVS Port1 1980-012-14:03:20.05226 66/1/CFE_ES 92: Build 202610010630 by root@vm, config sample
EVS Port1 1980-012-14:03:20.15029 66/1/CFE_EVS 1: cFE EVS Initialized: CFE_EVS v7.0.1+dev1 (Draco) DEV BUILD, based on v7.0.1, EDS disabled
1980-012-14:03:20.25054 CFE_SB_AppInit: Registered 4 events for filtering
EVS Port1 1980-012-14:03:20.25062 66/1/CFE_SB 1: cFE SB Initialized: CFE_SB v7.0.1+dev1 (Draco) DEV BUILD, based on v7.0.1, EDS disabled
EVS Port1 1980-012-14:03:20.25064 66/1/CFE_SB 14: No subscribers for MsgId 0x808,sender CFE_SB
EVS Port1 1980-012-14:03:20.35075 66/1/CFE_TBL 1: cFE TBL Initialized: CFE_TBL v7.0.1+dev1 (Draco) DEV BUILD, based on v7.0.1, EDS disabled
EVS Port1 1980-012-14:03:20.35078 66/1/CFE_SB 14: No subscribers for MsgId 0x808,sender CFE_TBL
EVS Port1 1980-012-14:03:20.45118 66/1/CFE_TIME 1: cFE TIME Initialized: CFE_TIME v7.0.1+dev1 (Draco) DEV BUILD, based on v7.0.1, EDS disabled
EVS Port1 1980-012-14:03:20.45121 66/1/CFE_SB 14: No subscribers for MsgId 0x808,sender CFE_TIME
1980-012-14:03:20.50094 CFE_ES_CreateObjects: Finished ES CreateObject table entries.
1980-012-14:03:20.50096 CFE_ES_Main: CFE_ES_Main entering CORE_READY state
1980-012-14:03:20.50098 CFE_ES_OpenStartupScript: Opened ES App Startup file: /cf/cfe_es_startup.scr
1980-012-14:03:20.50105 CFE_ES_ParseFileEntry: Loading file: /cf/probe_lo.so, APP: PROBE_LO
1980-012-14:03:20.50135 CFE_ES_ParseFileEntry: Loading file: /cf/probe_hi.so, APP: PROBE_HI
1980-012-14:03:20.50150 CFE_ES_ParseFileEntry: Loading file: /cf/probe_slow.so, APP: PROBE_SLOW
1980-012-14:03:20.50164 CFE_ES_ParseFileEntry: Loading file: /cf/probe_own.so, APP: PROBE_OWN
1980-012-14:03:20.50175 CFE_ES_ParseFileEntry: Loading file: /cf/probe_shr.so, APP: PROBE_SHR
1980-012-14:03:20.55190 PROBE PROBE_HI ENTRY mono_us=4558313527 policy=2 rtprio=90 cpu=0
1980-012-14:03:20.55194 EVS_NotRegistered: App PROBE_HI not registered with Event Services. Unable to send event.
1980-012-14:03:20.55194 PROBE PROBE_HI SendEvent_before_Register st=0xc2000002
1980-012-14:03:20.55195 PROBE PROBE_HI EVS_Register st=0x00000000
1980-012-14:03:20.55196 PROBE PROBE_OWN ENTRY appid=1114121 mono_us=4558313589
1980-012-14:03:20.55198 PROBE PROBE_OWN Register(T,single) st=0x00000000 mono_us=4558313610
1980-012-14:03:20.55199 PROBE PROBE_OWN GetAddress(T) BEFORE load st=0xcc000005 ptr=(nil)
1980-012-14:03:20.55199 PROBE PROBE_OWN ReleaseAddress(T) BEFORE load st=0xcc000005
1980-012-14:03:20.55200 PROBE PROBE_OWN Load(T,v1) st=0x00000000
1980-012-14:03:20.55200 PROBE PROBE_OWN Register(D,double) st=0x00000000 mono_us=4558313633
1980-012-14:03:20.55201 PROBE PROBE_OWN Load(D,v1) st=0x00000000
1980-012-14:03:20.55201 PROBE PROBE_OWN Register(E,double) st=0x00000000
1980-012-14:03:20.55202 PROBE PROBE_OWN Load(E,v1) st=0x00000000
1980-012-14:03:20.55202 PROBE PROBE_OWN GetAddress(T) st=0x4c00000e val=1 (holding)
1980-012-14:03:20.55203 CFE_TBL_GetInactiveBufferExclusive: Inactive Buff Locked for 'PROBE_OWN.T' by AppId=1114121
1980-012-14:03:20.55203 CFE_TBL_UpdateInternal: Unable to update locked table Handle=1769473
EVS Port1 1980-012-14:03:20.55203 66/1/CFE_TBL 95: PROBE_OWN: Failed to update 'PROBE_OWN.T' (Stat=1275068440)
EVS Port1 1980-012-14:03:20.55204 66/1/CFE_SB 14: No subscribers for MsgId 0x808,sender PROBE_OWN
1980-012-14:03:20.55206 PROBE PROBE_OWN Load(T,v2) while self holds lock st=0x4c000018 val_seen=1
1980-012-14:03:20.55206 PROBE PROBE_OWN ReleaseAddress(T) st=0x00000000
1980-012-14:03:20.55207 PROBE PROBE_OWN GetStatus(T) st=0x4c000004
EVS Port1 1980-012-14:03:20.55206 66/1/CFE_TBL 37: PROBE_OWN Successfully Updated 'PROBE_OWN.T'
1980-012-14:03:20.55208 PROBE PROBE_OWN Manage(T) st=0x4c00000e
1980-012-14:03:20.55208 PROBE PROBE_OWN GetAddress(T) after manage st=0x4c00000e val=2
1980-012-14:03:20.55209 PROBE PROBE_SHR ENTRY mono_us=4558313719
1980-012-14:03:20.55210 PROBE PROBE_SLOW ENTRY mono_us=4558313731 policy=2 rtprio=60 cpu=0
1980-012-14:03:20.55215 PROBE PROBE_LO ENTRY mono_us=4558313780 policy=2 rtprio=22 cpu=0
1980-012-14:03:20.55216 EVS_NotRegistered: App PROBE_LO not registered with Event Services. Unable to send event.
1980-012-14:03:20.55216 PROBE PROBE_LO SendEvent_before_Register st=0xc2000002
1980-012-14:03:20.55217 PROBE PROBE_LO EVS_Register st=0x00000000
1980-012-14:03:21.50332 CFE_ES_Main: Startup Sync failed - Applications may not have all initialized
1980-012-14:03:21.50334 CFE_ES_Main: CFE_ES_Main entering APPS_INIT state
EVS Port1 1980-012-14:03:21.00004 66/1/CFE_TIME 21: Stop FLYWHEEL
1980-012-14:03:21.55688 CFE_ES_Main: Startup Sync failed - Applications may not have all started
1980-012-14:03:21.55690 CFE_ES_Main: CFE_ES_Main entering OPERATIONAL state
1980-012-14:03:21.55693 PROBE PROBE_HI WaitForSystemState(OPERATIONAL,5000) st=0x00000000 waited_us=1953071 mono_us=4560266655
1980-012-14:03:21.55695 PROBE PROBE_OWN OPERATIONAL t0 mono_us=4560266673
1980-012-14:03:21.55696 PROBE PROBE_SHR OPERATIONAL t0 mono_us=4560266684
1980-012-14:03:21.55697 PROBE PROBE_SHR Share(T) st=0x00000000
1980-012-14:03:21.55698 PROBE PROBE_SHR Share(D) st=0x00000000
1980-012-14:03:21.55699 PROBE PROBE_SHR Share(E) st=0x00000000
1980-012-14:03:21.55699 PROBE PROBE_LO WaitForSystemState(OPERATIONAL,5000) st=0x00000000 waited_us=1952917 mono_us=4560266717
1980-012-14:03:22.10410 PROBE PROBE_SLOW AFTER_PRE_DELAY mono_us=4560813803 policy=2 rtprio=60 cpu=0
1980-012-14:03:22.10416 EVS_NotRegistered: App PROBE_SLOW not registered with Event Services. Unable to send event.
1980-012-14:03:22.10417 PROBE PROBE_SLOW SendEvent_before_Register st=0xc2000002
1980-012-14:03:22.10418 PROBE PROBE_SLOW EVS_Register st=0x00000000
1980-012-14:03:22.10418 PROBE PROBE_SLOW WaitForSystemState(OPERATIONAL,5000) st=0x00000000 waited_us=0 mono_us=4560813884
1980-012-14:03:22.56036 PROBE PROBE_SHR t+1s GetAddress(D) st=0x4c00000e val=1 ptr=0x562587118a10 (holding)
1980-012-14:03:22.56040 PROBE PROBE_SHR t+1s GetAddress(E) st=0x4c00000e val=1 ptr=0x562587118a70 (holding once)
EVS Port1 1980-012-14:03:23.56315 66/1/CFE_TBL 35: Successfully loaded 'PROBE_OWN.D' from 'Addr 0x7F9D7EE5DE00'
1980-012-14:03:23.56322 PROBE PROBE_OWN t+2s Load(D,v2) while SHR holds D st=0x00000000
EVS Port1 1980-012-14:03:23.56321 66/1/CFE_TBL 35: Successfully loaded 'PROBE_OWN.E' from 'Addr 0x7F9D7EE5DE00'
1980-012-14:03:23.56324 PROBE PROBE_OWN t+2s Load(E,v2) while SHR holds E (once) st=0x00000000
1980-012-14:03:24.56647 PROBE PROBE_SHR t+3s held D ptr=0x562587118a10 val=1 (owner loaded v2 at t+2s)
1980-012-14:03:24.56652 PROBE PROBE_SHR t+3s second GetAddress(D) st=0x4c00000e ptr=0x5625871189e0 val=2
1980-012-14:03:24.56652 PROBE PROBE_SHR t+3s held E ptr=0x562587118a70 val=1 (owner loaded v2 at t+2s)
EVS Port1 1980-012-14:03:25.57017 66/1/CFE_TBL 35: Successfully loaded 'PROBE_OWN.D' from 'Addr 0x7F9D7EE5DE10'
1980-012-14:03:25.57025 PROBE PROBE_OWN t+4s Load(D,v3) while SHR still holds old D buffer st=0x00000000
1980-012-14:03:25.57026 CFE_TBL_GetInactiveBufferExclusive: Inactive Buff Locked for 'PROBE_OWN.E' by AppId=1114122
EVS Port1 1980-012-14:03:25.57026 66/1/CFE_TBL 60: Load,app=PROBE_OWN,tbl=PROBE_OWN.E:No working buffers available, stat=0xffffffffcc00000f
1980-012-14:03:25.57027 PROBE PROBE_OWN t+4s Load(E,v3) while SHR holds first E buffer st=0xcc00000f
1980-012-14:03:25.57028 PROBE PROBE_OWN t+4s GetStatus(E) st=0x00000000
1980-012-14:03:26.57300 PROBE PROBE_SHR t+5s first D ptr=0x562587118a10 val=3 ; second D ptr=0x5625871189e0 val=2 ; E ptr=0x562587118a70 val=1 (ow
1980-012-14:03:26.57307 PROBE PROBE_SHR t+5s ReleaseAddress(E) st=0x4c00000e
1980-012-14:03:26.57307 PROBE PROBE_SHR t+5s ReleaseAddress(D) st=0x4c00000e
EVS Port1 1980-012-14:03:27.57606 66/1/CFE_TBL 35: Successfully loaded 'PROBE_OWN.D' from 'Addr 0x7F9D7EE5DE10'
1980-012-14:03:27.57611 PROBE PROBE_OWN t+6s Load(D,v3) after SHR release st=0x00000000
EVS Port1 1980-012-14:03:27.57611 66/1/CFE_TBL 35: Successfully loaded 'PROBE_OWN.E' from 'Addr 0x7F9D7EE5DE10'
1980-012-14:03:27.57614 PROBE PROBE_OWN t+6s Load(E,v3) after SHR release st=0x00000000
1980-012-14:03:29.56253 CFE_ES_RestartApp: Restart Application PROBE_OWN Initiated
1980-012-14:03:29.56257 PROBE PROBE_SHR t+8s RestartApp(PROBE_OWN id=1114121) st=0x00000000 mono_us=4568272270
1980-012-14:03:29.57649 PROBE PROBE_OWN leaving RunLoop RunStatus=5 mono_us=4568286190
1980-012-14:03:29.57652 CFE_ES_ExitApp: Application PROBE_OWN called CFE_ES_ExitApp
1980-012-14:03:30.06252 PROBE PROBE_SHR poll GetAddress(T) st=0x4c00000e ptr=0x5625871189b0 mono_us=4568772343
1980-012-14:03:30.56264 PROBE PROBE_SHR poll GetAddress(T) st=0x00000000 ptr=0x5625871189b0 mono_us=4569272457
1980-012-14:03:31.06279 PROBE PROBE_SHR poll GetAddress(T) st=0x00000000 ptr=0x5625871189b0 mono_us=4569772604
EVS Port1 1980-012-14:03:31.14340 66/1/CFE_ES 10: Restart Application PROBE_OWN Success, AppID=0x11000b.
1980-012-14:03:31.19346 PROBE PROBE_OWN ENTRY appid=1114123 mono_us=4569903283
1980-012-14:03:31.19352 CFE_TBL_TxnCheckDuplicateRegistration: App(1114123) Registering Duplicate Table 'PROBE_OWN.T' owned by App(0)
EVS Port1 1980-012-14:03:31.19352 66/1/CFE_TBL 90: PROBE_OWN Failed to Register table 'T', Status=0xCC00000D
1980-012-14:03:31.19355 PROBE PROBE_OWN Register(T,single) st=0xcc00000d mono_us=4569903368
1980-012-14:03:31.19356 CFE_TBL_TxnCheckDuplicateRegistration: App(1114123) Registering Duplicate Table 'PROBE_OWN.D' owned by App(0)
EVS Port1 1980-012-14:03:31.19355 66/1/CFE_TBL 90: PROBE_OWN Failed to Register table 'D', Status=0xCC00000D
1980-012-14:03:31.19357 PROBE PROBE_OWN Register(D,double) st=0xcc00000d mono_us=4569903390
1980-012-14:03:31.19358 CFE_TBL_TxnCheckDuplicateRegistration: App(1114123) Registering Duplicate Table 'PROBE_OWN.E' owned by App(0)
EVS Port1 1980-012-14:03:31.19357 66/1/CFE_TBL 90: PROBE_OWN Failed to Register table 'E', Status=0xCC00000D
1980-012-14:03:31.19359 PROBE PROBE_OWN Register(E,double) st=0xcc00000d
1980-012-14:03:31.19360 PROBE PROBE_OWN OPERATIONAL t0 mono_us=4569903416
1980-012-14:03:31.56290 CFE_TBL_TxnGetTableAddress: App(1114122) attempt to access unowned Tbl Handle=1769476
1980-012-14:03:31.56297 PROBE PROBE_SHR poll GetAddress(T) st=0xcc000009 ptr=(nil) mono_us=4570272786
1980-012-14:03:31.69371 CFE_TBL_TxnCheckDuplicateRegistration: App(1114123) Registering Duplicate Table 'PROBE_OWN.T' owned by App(0)
EVS Port1 1980-012-14:03:31.69375 66/1/CFE_TBL 90: PROBE_OWN Failed to Register table 'T', Status=0xCC00000D
1980-012-14:03:31.69378 PROBE PROBE_OWN Register(T,single) st=0xcc00000d mono_us=4570403603
1980-012-14:03:31.69379 CFE_TBL_TxnCheckDuplicateRegistration: App(1114123) Registering Duplicate Table 'PROBE_OWN.D' owned by App(0)
EVS Port1 1980-012-14:03:31.69380 66/1/CFE_TBL 90: PROBE_OWN Failed to Register table 'D', Status=0xCC00000D
1980-012-14:03:31.69381 PROBE PROBE_OWN Register(D,double) st=0xcc00000d mono_us=4570403628
1980-012-14:03:31.69381 CFE_TBL_TxnCheckDuplicateRegistration: App(1114123) Registering Duplicate Table 'PROBE_OWN.E' owned by App(0)
EVS Port1 1980-012-14:03:31.69381 66/1/CFE_TBL 90: PROBE_OWN Failed to Register table 'E', Status=0xCC00000D
1980-012-14:03:31.69383 PROBE PROBE_OWN Register(E,double) st=0xcc00000d
1980-012-14:03:32.06304 CFE_TBL_TxnGetTableAddress: App(1114122) attempt to access unowned Tbl Handle=1769476
1980-012-14:03:32.06309 PROBE PROBE_SHR poll GetAddress(T) st=0xcc000009 ptr=(nil) mono_us=4570772904
1980-012-14:03:32.19400 CFE_TBL_TxnCheckDuplicateRegistration: App(1114123) Registering Duplicate Table 'PROBE_OWN.T' owned by App(0)
EVS Port1 1980-012-14:03:32.19404 66/1/CFE_TBL 90: PROBE_OWN Failed to Register table 'T', Status=0xCC00000D
1980-012-14:03:32.19407 PROBE PROBE_OWN Register(T,single) st=0xcc00000d mono_us=4570903888
1980-012-14:03:32.19408 CFE_TBL_TxnCheckDuplicateRegistration: App(1114123) Registering Duplicate Table 'PROBE_OWN.D' owned by App(0)
EVS Port1 1980-012-14:03:32.19407 66/1/CFE_TBL 90: PROBE_OWN Failed to Register table 'D', Status=0xCC00000D
1980-012-14:03:32.19409 PROBE PROBE_OWN Register(D,double) st=0xcc00000d mono_us=4570903913
1980-012-14:03:32.19412 CFE_TBL_TxnCheckDuplicateRegistration: App(1114123) Registering Duplicate Table 'PROBE_OWN.E' owned by App(0)
EVS Port1 1980-012-14:03:32.19412 66/1/CFE_TBL 90: PROBE_OWN Failed to Register table 'E', Status=0xCC00000D
1980-012-14:03:32.19413 PROBE PROBE_OWN Register(E,double) st=0xcc00000d
1980-012-14:03:32.56316 CFE_TBL_TxnGetTableAddress: App(1114122) attempt to access unowned Tbl Handle=1769476
1980-012-14:03:32.56321 PROBE PROBE_SHR poll GetAddress(T) st=0xcc000009 ptr=(nil) mono_us=4571273026
1980-012-14:03:32.69422 CFE_TBL_TxnCheckDuplicateRegistration: App(1114123) Registering Duplicate Table 'PROBE_OWN.T' owned by App(0)
EVS Port1 1980-012-14:03:32.69425 66/1/CFE_TBL 90: PROBE_OWN Failed to Register table 'T', Status=0xCC00000D
1980-012-14:03:32.69428 PROBE PROBE_OWN Register(T,single) st=0xcc00000d mono_us=4571404096
1980-012-14:03:32.69428 CFE_TBL_TxnCheckDuplicateRegistration: App(1114123) Registering Duplicate Table 'PROBE_OWN.D' owned by App(0)
EVS Port1 1980-012-14:03:32.69429 66/1/CFE_TBL 90: PROBE_OWN Failed to Register table 'D', Status=0xCC00000D
1980-012-14:03:32.69430 PROBE PROBE_OWN Register(D,double) st=0xcc00000d mono_us=4571404114
1980-012-14:03:32.69430 CFE_TBL_TxnCheckDuplicateRegistration: App(1114123) Registering Duplicate Table 'PROBE_OWN.E' owned by App(0)
EVS Port1 1980-012-14:03:32.69430 66/1/CFE_TBL 90: PROBE_OWN Failed to Register table 'E', Status=0xCC00000D
1980-012-14:03:32.69431 PROBE PROBE_OWN Register(E,double) st=0xcc00000d
1980-012-14:03:33.06341 CFE_TBL_TxnGetTableAddress: App(1114122) attempt to access unowned Tbl Handle=1769476
1980-012-14:03:33.06345 PROBE PROBE_SHR poll GetAddress(T) st=0xcc000009 ptr=(nil) mono_us=4571773153
1980-012-14:03:33.19448 CFE_TBL_TxnCheckDuplicateRegistration: App(1114123) Registering Duplicate Table 'PROBE_OWN.T' owned by App(0)
EVS Port1 1980-012-14:03:33.19451 66/1/CFE_TBL 90: PROBE_OWN Failed to Register table 'T', Status=0xCC00000D
1980-012-14:03:33.19453 PROBE PROBE_OWN Register(T,single) st=0xcc00000d mono_us=4571904238
1980-012-14:03:33.19454 CFE_TBL_TxnCheckDuplicateRegistration: App(1114123) Registering Duplicate Table 'PROBE_OWN.D' owned by App(0)
EVS Port1 1980-012-14:03:33.19453 66/1/CFE_TBL 90: PROBE_OWN Failed to Register table 'D', Status=0xCC00000D
1980-012-14:03:33.19455 PROBE PROBE_OWN Register(D,double) st=0xcc00000d mono_us=4571904258
1980-012-14:03:33.19456 CFE_TBL_TxnCheckDuplicateRegistration: App(1114123) Registering Duplicate Table 'PROBE_OWN.E' owned by App(0)
EVS Port1 1980-012-14:03:33.19456 66/1/CFE_TBL 90: PROBE_OWN Failed to Register table 'E', Status=0xCC00000D
1980-012-14:03:33.19457 PROBE PROBE_OWN Register(E,double) st=0xcc00000d
1980-012-14:03:33.56353 CFE_TBL_TxnGetTableAddress: App(1114122) attempt to access unowned Tbl Handle=1769476
1980-012-14:03:33.56357 PROBE PROBE_SHR poll GetAddress(T) st=0xcc000009 ptr=(nil) mono_us=4572273275
1980-012-14:03:33.69462 CFE_TBL_TxnCheckDuplicateRegistration: App(1114123) Registering Duplicate Table 'PROBE_OWN.T' owned by App(0)
EVS Port1 1980-012-14:03:33.69465 66/1/CFE_TBL 90: PROBE_OWN Failed to Register table 'T', Status=0xCC00000D
1980-012-14:03:33.69468 PROBE PROBE_OWN Register(T,single) st=0xcc00000d mono_us=4572404383
1980-012-14:03:33.69468 CFE_TBL_TxnCheckDuplicateRegistration: App(1114123) Registering Duplicate Table 'PROBE_OWN.D' owned by App(0)
EVS Port1 1980-012-14:03:33.69468 66/1/CFE_TBL 90: PROBE_OWN Failed to Register table 'D', Status=0xCC00000D
1980-012-14:03:33.69470 PROBE PROBE_OWN Register(D,double) st=0xcc00000d mono_us=4572404402
1980-012-14:03:33.69470 CFE_TBL_TxnCheckDuplicateRegistration: App(1114123) Registering Duplicate Table 'PROBE_OWN.E' owned by App(0)
EVS Port1 1980-012-14:03:33.69470 66/1/CFE_TBL 90: PROBE_OWN Failed to Register table 'E', Status=0xCC00000D
1980-012-14:03:33.69471 PROBE PROBE_OWN Register(E,double) st=0xcc00000d
1980-012-14:03:34.06360 CFE_TBL_TxnGetTableAddress: App(1114122) attempt to access unowned Tbl Handle=1769476
1980-012-14:03:34.06364 PROBE PROBE_SHR poll GetAddress(T) st=0xcc000009 ptr=(nil) mono_us=4572773380
1980-012-14:03:34.06366 PROBE PROBE_SHR Unregister(T) st=0x00000000 mono_us=4572773403
1980-012-14:03:34.06367 PROBE PROBE_SHR Unregister(D) st=0x00000000 mono_us=4572773409
1980-012-14:03:34.06367 PROBE PROBE_SHR Unregister(E) st=0x00000000 mono_us=4572773414
1980-012-14:03:34.19482 PROBE PROBE_OWN Register(T,single) st=0x00000000 mono_us=4572904556
1980-012-14:03:34.19485 PROBE PROBE_OWN GetAddress(T) BEFORE load st=0xcc000005 ptr=(nil)
1980-012-14:03:34.19486 PROBE PROBE_OWN ReleaseAddress(T) BEFORE load st=0xcc000005
1980-012-14:03:34.19487 PROBE PROBE_OWN Load(T,v1) st=0x00000000
1980-012-14:03:34.19488 PROBE PROBE_OWN Register(D,double) st=0x00000000 mono_us=4572904618
1980-012-14:03:34.19488 PROBE PROBE_OWN Load(D,v1) st=0x00000000
1980-012-14:03:34.19489 PROBE PROBE_OWN Register(E,double) st=0x00000000
1980-012-14:03:34.19490 PROBE PROBE_OWN Load(E,v1) st=0x00000000
1980-012-14:03:34.56378 PROBE PROBE_SHR re-Share(T) st=0x00000000 mono_us=4573273523
1980-012-14:03:34.56382 PROBE PROBE_SHR GetAddress(T) after re-share st=0x4c00000e val=1
1980-012-14:03:52.04737 CFE_ES_RunExceptionScan: ExceptionID 0x1110000 in TaskID 0: Caught SIGINT
1980-012-14:03:52.04741 CFE_ES_RunExceptionScan: Processor Reset count not reached (0/2)
CFE_PSP: Exiting cFE with PROCESSOR Reset status.

CFE_PSP: Shutdown initiated - Exiting cFE
