# descry: requirement-bearing passages of the DESCRY paper, 2026-10-08T01:32:51Z
# file: /home/user/work/procrace/baselines/descry/paper/YuZW17.pdf sha256 f9d7b57bbb0c1269f9143b4ec69286e90348a58fadd071f76f11022e06dfbf60
# origin: github.com/chaowang-vt/chaowang-vt.github.io @ f3544731050f7f435640f53c1c938c0dea5135dd, path pubDOC/YuZW17.pdf (= https://chaowang-vt.github.io/pubDOC/YuZW17.pdf, roadmap [P5]); pdfinfo: 11 pages, created 2017-07-17
# text: pdftotext (poppler-utils 24.02.0) per page, reading order: pdftotext -f N -l N YuZW17.pdf rN.txt  (line numbers below are within rN.txt)
# whole-document greps for http|github|artifact|available|download|license|version: no code/artifact/download URL; only DOI, auditd man page [3], example URL in Sec.7.3 (see end)
### [INPUT] p1 (/home/user/work/procrace/baselines/descry/text/r1.txt)
96:Therefore, DESCRY only assumes the existence of the source code
97:of processes under debugging (PuDs) and default logs generated
### [IMPL-intro] p2 (/home/user/work/procrace/baselines/descry/text/r2.txt)
49:LLVM compiler front-end [1], the KLEE symbolic virtual machine [5],
50:and the Simics Virtual Platform [8, 38] for deterministic replay.
51:The tool can directly handle multi-process applications written
52:in C/C++. To evaluate DESCRY, we conducted experiments on 22
### [MODEL] p3 (/home/user/work/procrace/baselines/descry/text/r3.txt)
91:We define the failure production problem as follows. Given the
92:source code of a set of processes under debugging (PuDs) and
144:We assume that a concurrent system consists of a set of processes
146:create multiple threads, but for ease of presentation, we focus only
147:on the process-level concurrency in this work while assuming each
148:process has one thread. A failing process P F is a process that behaves
149:erroneously, manifested by the failure messages it prints. A failure
150:point is a program statement that prints a failure message.
169:file, device) without proper synchronization [21]. Such resources
170:are often accessed through system calls. Thus, handling systemlevel concurrency fault requires the modeling of read/write effects
173:directory (write). Synchronization operations control process interactions through kernel process scheduler. Common process-level
174:synchronization primitives include fork, wait, exit, pipe, and
### [PUD-LOG] p5 (/home/user/work/procrace/baselines/descry/text/r5.txt)
3:We assume active processes are captured by system built-in tools
4:such as the Linux Auditd Daemon [3, 16]. The first scenario may
5:require user intervention, e.g., to specify the type of input of a
51:It is possible that the logging points are over-approximate, although it does not occur often. If a log message comes from a
52:dynamically assembled string as opposed to a string constant, it
### [KLEE] p6 (/home/user/work/procrace/baselines/descry/text/r6.txt)
11:process. Internally, we leverage KLEE [5] to conduct a goal-directed
22:loop iterations by a fixed number (N =10 in our experiments) and
33:solving the path condition using an SMT solver.
### [SCHED-IMPL] p7 (/home/user/work/procrace/baselines/descry/text/r7.txt)
29:• Program order: ei → e j when ei occurs before e j in the
31:• Fork-return order: ei → e j when ei is the fork that starts
33:• Wait-exit order: ei → e j when ei is the wait that blocks a
36:• Pipe-read order: ei → e j when ei is a stream write to a
38:• Signal order: ei → e j when ei is an event of the process
127:Internally, DESCRY analyzes two PuDs at a time, e.g., the failing process P F and a PuD Pi chosen by DESCRY to pair with P F . This is an
128:approximation that is sufficient for handling all bugs encountered
145:analysis for mapping log messages to program statements was implemented in LLVM [1], our log-guided symbolic execution was
146:implemented using KLEE [5], and our interleaving schedule generator was implemented using the Simics Virtual Platform [8].
### [EXPERIMENT-ENV] p8 (/home/user/work/procrace/baselines/descry/text/r8.txt)
113:Core i5-2400 3.10 GHz CPU, 8 GB RAM and Ubuntu 14.10 Linux.
114:We used the most recent version of KLEE built from LLVM 3.4. We
115:set a two-hour time limit for all four techniques. To control for
117:techniques five times to compute the average.
142:program inputs to be hierarchical directories, but KLEE models
143:the file system as a flattened system, where symbolic files have
### [LIMITS] p10 (/home/user/work/procrace/baselines/descry/text/r10.txt)
30:on symbolic execution, which is known to only scale up to mediumsized applications, as in KLEE, although if suitably defined, well
45:It is worth noting that logs used by DESCRY were generated by
46:the applications under their default production setting (i.e, verbosity
### [REFS] p11 (/home/user/work/procrace/baselines/descry/text/r11.txt)
10:[3] 2016. http://linux.die.net/man/8/auditd.
14:[5] Cristian Cadar, Daniel Dunbar, and Dawson Engler. KLEE: Unassisted and
23:[8] Jakob Engblom, Daniel Aarno, and Bengt Werner. Full-System Simulation from
24:Embedded to High-Performance Systems. 2010.
### whole document URL list
44:https://doi.org/10.1145/3106237.3106266
66:https://doi.org/10.1145/3106237.3106266
135:http://cgi-bin/hello.cgi
238:http://linux.die.net/man/8/auditd.
# NOT stated anywhere in the paper: Simics version/edition/license, simulated target machine, guest OS/kernel inside Simics, Simics scripts; KLEE commit/tag; LLVM exact patch level; STP/Z3 solver choice; auditd version/rules; any code, VM image or artifact location.
