# descry: container facts re-verified 2026-10-08T01:26:55Z
## uname -a
Linux vm 6.18.44-fc-v80 #1 SMP PREEMPT_DYNAMIC @0 x86_64 x86_64 x86_64 GNU/Linux
## /etc/os-release
PRETTY_NAME="Ubuntu 24.04.4 LTS"
VERSION_ID="24.04"
## nproc
4
## df -h /home/user/work
Filesystem      Size  Used Avail Use% Mounted on
/dev/vda        252G   34G  3.1G  92% /
## free -m
               total        used        free      shared  buff/cache   available
Mem:           16094         868        1649          13       13920       15225
Swap:              0           0           0
## /proc/modules
ls: cannot access '/proc/modules': No such file or directory
## CapEff and bits
CapEff: 000001fffeffffff
CAP_SYS_MODULE 16 True
CAP_SYS_PTRACE 19 True
CAP_SYS_ADMIN 21 True
CAP_SYS_BOOT 22 True
CAP_AUDIT_WRITE 29 True
CAP_AUDIT_CONTROL 30 True
CAP_AUDIT_READ 37 True
## kernel config (selected)
CONFIG_SYSVIPC=y
CONFIG_POSIX_MQUEUE=y
CONFIG_AUDIT=y
CONFIG_AUDITSYSCALL=y
CONFIG_PERF_EVENTS=y
# CONFIG_KEXEC is not set
# CONFIG_KEXEC_FILE is not set
CONFIG_KVM=y
# CONFIG_KPROBES is not set
CONFIG_UPROBES=y
# CONFIG_MODULES is not set
CONFIG_FTRACE=y
## /dev/kvm
ls: cannot access '/dev/kvm': No such file or directory
## vmx/svm flags in /proc/cpuinfo (count)
0
model name	: Intel(R) Xeon(R) Processor @ 2.10GHz
hypervisor
## finit_module(-1) and kexec_load probes via ctypes
finit_module ret -1 errno 38 Function not implemented
kexec_load ret -1 errno 38 Function not implemented
## NETLINK_AUDIT socket probe (protocol 9) -- needed by Linux auditd, which DESCRY Sec.4 assumes for capturing active processes
socket(AF_NETLINK, NETLINK_AUDIT) ok
## auditd / auditctl installed?
not installed
## ptrace: strace and gdb
exit_group(0)                           = ?
+++ exited with 0 +++
[Inferior 1 (process 2286) exited normally]
## Simics present? (common install roots, PATH)
ls: cannot access '/opt/simics*': No such file or directory
ls: cannot access '/usr/local/simics*': No such file or directory
ls: cannot access '/opt/intel/simics*': No such file or directory
ls: cannot access '/root/simics*': No such file or directory
simics/ispm not on PATH
## KLEE / LLVM present?
/usr/bin/clang
/usr/bin/llvm-config
/usr/bin/llvm-config-18
/usr/bin/clang-18
(end of llvm list)
## apt candidates: llvm-3.4 / clang-3.4 / klee / auditd / qemu-system-x86
llvm-3.4: no such package in configured apt sources
clang-3.4: (none)
klee: no such package in configured apt sources
auditd: 1:3.1.2-2.1ubuntu0.1
qemu-system-x86: 1:8.2.2+ds-0ubuntu1.18
