CMake Deprecation Warning at CMakeLists.txt:1 (cmake_minimum_required):
  Compatibility with CMake < 3.5 will be removed from a future version of
  CMake.

  Update the VERSION argument <min> value or use a ...<max> suffix to tell
  CMake that the project does not need compatibility with older versions.


-- The C compiler identification is GNU 13.3.0
-- Detecting C compiler ABI info
-- Detecting C compiler ABI info - done
-- Check for working C compiler: /usr/bin/cc - skipped
-- Detecting C compile features
-- Detecting C compile features - done
-- Configuring done (0.2s)
-- Generating done (0.0s)
-- Build files have been written to: /home/user/work/procrace/baselines/racepro/build-libscribe32
[ 16%] Building C object CMakeFiles/scribe.dir/src/context.c.o
In file included from /home/user/work/procrace/baselines/racepro/libscribe-racepro/include/scribe.h:24,
                 from /home/user/work/procrace/baselines/racepro/libscribe-racepro/src/context.c:38:
/home/user/work/procrace/baselines/racepro/libscribe-racepro/include/linux/scribe_api.h:110: warning: "__NR_socket" redefined
  110 | #define __NR_socket             (SCRIBE_SOCKETCALL_BASE + SYS_SOCKET)
      | 
In file included from /usr/include/asm/unistd.h:16,
                 from /usr/include/sys/syscall.h:24,
                 from /home/user/work/procrace/baselines/racepro/libscribe-racepro/src/context.c:32:
/usr/include/asm/unistd_32.h:359: note: this is the location of the previous definition
  359 | #define __NR_socket 359
      | 
/home/user/work/procrace/baselines/racepro/libscribe-racepro/include/linux/scribe_api.h:111: warning: "__NR_bind" redefined
  111 | #define __NR_bind               (SCRIBE_SOCKETCALL_BASE + SYS_BIND)
      | 
/usr/include/asm/unistd_32.h:361: note: this is the location of the previous definition
  361 | #define __NR_bind 361
      | 
/home/user/work/procrace/baselines/racepro/libscribe-racepro/include/linux/scribe_api.h:112: warning: "__NR_connect" redefined
  112 | #define __NR_connect            (SCRIBE_SOCKETCALL_BASE + SYS_CONNECT)
      | 
/usr/include/asm/unistd_32.h:362: note: this is the location of the previous definition
  362 | #define __NR_connect 362
      | 
/home/user/work/procrace/baselines/racepro/libscribe-racepro/include/linux/scribe_api.h:113: warning: "__NR_listen" redefined
  113 | #define __NR_listen             (SCRIBE_SOCKETCALL_BASE + SYS_LISTEN)
      | 
/usr/include/asm/unistd_32.h:363: note: this is the location of the previous definition
  363 | #define __NR_listen 363
      | 
/home/user/work/procrace/baselines/racepro/libscribe-racepro/include/linux/scribe_api.h:115: warning: "__NR_getsockname" redefined
  115 | #define __NR_getsockname        (SCRIBE_SOCKETCALL_BASE + SYS_GETSOCKNAME)
      | 
/usr/include/asm/unistd_32.h:367: note: this is the location of the previous definition
  367 | #define __NR_getsockname 367
      | 
/home/user/work/procrace/baselines/racepro/libscribe-racepro/include/linux/scribe_api.h:116: warning: "__NR_getpeername" redefined
  116 | #define __NR_getpeername        (SCRIBE_SOCKETCALL_BASE + SYS_GETPEERNAME)
      | 
/usr/include/asm/unistd_32.h:368: note: this is the location of the previous definition
  368 | #define __NR_getpeername 368
      | 
/home/user/work/procrace/baselines/racepro/libscribe-racepro/include/linux/scribe_api.h:117: warning: "__NR_socketpair" redefined
  117 | #define __NR_socketpair         (SCRIBE_SOCKETCALL_BASE + SYS_SOCKETPAIR)
      | 
/usr/include/asm/unistd_32.h:360: note: this is the location of the previous definition
  360 | #define __NR_socketpair 360
      | 
/home/user/work/procrace/baselines/racepro/libscribe-racepro/include/linux/scribe_api.h:120: warning: "__NR_sendto" redefined
  120 | #define __NR_sendto             (SCRIBE_SOCKETCALL_BASE + SYS_SENDTO)
      | 
/usr/include/asm/unistd_32.h:369: note: this is the location of the previous definition
  369 | #define __NR_sendto 369
      | 
/home/user/work/procrace/baselines/racepro/libscribe-racepro/include/linux/scribe_api.h:121: warning: "__NR_recvfrom" redefined
  121 | #define __NR_recvfrom           (SCRIBE_SOCKETCALL_BASE + SYS_RECVFROM)
      | 
/usr/include/asm/unistd_32.h:371: note: this is the location of the previous definition
  371 | #define __NR_recvfrom 371
      | 
/home/user/work/procrace/baselines/racepro/libscribe-racepro/include/linux/scribe_api.h:122: warning: "__NR_shutdown" redefined
  122 | #define __NR_shutdown           (SCRIBE_SOCKETCALL_BASE + SYS_SHUTDOWN)
      | 
/usr/include/asm/unistd_32.h:373: note: this is the location of the previous definition
  373 | #define __NR_shutdown 373
      | 
/home/user/work/procrace/baselines/racepro/libscribe-racepro/include/linux/scribe_api.h:123: warning: "__NR_setsockopt" redefined
  123 | #define __NR_setsockopt         (SCRIBE_SOCKETCALL_BASE + SYS_SETSOCKOPT)
      | 
/usr/include/asm/unistd_32.h:366: note: this is the location of the previous definition
  366 | #define __NR_setsockopt 366
      | 
/home/user/work/procrace/baselines/racepro/libscribe-racepro/include/linux/scribe_api.h:124: warning: "__NR_getsockopt" redefined
  124 | #define __NR_getsockopt         (SCRIBE_SOCKETCALL_BASE + SYS_GETSOCKOPT)
      | 
/usr/include/asm/unistd_32.h:365: note: this is the location of the previous definition
  365 | #define __NR_getsockopt 365
      | 
/home/user/work/procrace/baselines/racepro/libscribe-racepro/include/linux/scribe_api.h:125: warning: "__NR_sendmsg" redefined
  125 | #define __NR_sendmsg            (SCRIBE_SOCKETCALL_BASE + SYS_SENDMSG)
      | 
/usr/include/asm/unistd_32.h:370: note: this is the location of the previous definition
  370 | #define __NR_sendmsg 370
      | 
/home/user/work/procrace/baselines/racepro/libscribe-racepro/include/linux/scribe_api.h:126: warning: "__NR_recvmsg" redefined
  126 | #define __NR_recvmsg            (SCRIBE_SOCKETCALL_BASE + SYS_RECVMSG)
      | 
/usr/include/asm/unistd_32.h:372: note: this is the location of the previous definition
  372 | #define __NR_recvmsg 372
      | 
/home/user/work/procrace/baselines/racepro/libscribe-racepro/include/linux/scribe_api.h:127: warning: "__NR_accept4" redefined
  127 | #define __NR_accept4            (SCRIBE_SOCKETCALL_BASE + SYS_ACCEPT4)
      | 
/usr/include/asm/unistd_32.h:364: note: this is the location of the previous definition
  364 | #define __NR_accept4 364
      | 
/home/user/work/procrace/baselines/racepro/libscribe-racepro/include/linux/scribe_api.h:130: warning: "__NR_futex_wait" redefined
  130 | #define __NR_futex_wait         (SCRIBE_FUTEX_BASE + FUTEX_WAIT)
      | 
/usr/include/asm/unistd_32.h:448: note: this is the location of the previous definition
  448 | #define __NR_futex_wait 455
      | 
/home/user/work/procrace/baselines/racepro/libscribe-racepro/include/linux/scribe_api.h:131: warning: "__NR_futex_wake" redefined
  131 | #define __NR_futex_wake         (SCRIBE_FUTEX_BASE + FUTEX_WAKE)
      | 
/usr/include/asm/unistd_32.h:447: note: this is the location of the previous definition
  447 | #define __NR_futex_wake 454
      | 
/home/user/work/procrace/baselines/racepro/libscribe-racepro/include/linux/scribe_api.h:133: warning: "__NR_futex_requeue" redefined
  133 | #define __NR_futex_requeue      (SCRIBE_FUTEX_BASE + FUTEX_REQUEUE)
      | 
/usr/include/asm/unistd_32.h:449: note: this is the location of the previous definition
  449 | #define __NR_futex_requeue 456
      | 
[ 33%] Building C object CMakeFiles/scribe.dir/src/debug.c.o
/home/user/work/procrace/baselines/racepro/libscribe-racepro/src/debug.c: In function 'scribe_get_event_str':
/home/user/work/procrace/baselines/racepro/libscribe-racepro/src/debug.c:502:55: warning: taking address of packed member of 'struct scribe_event_regs' may result in an unaligned pointer value [-Waddress-of-packed-member]
  502 |                get_regs_str(buffer1, sizeof(buffer1), &e->regs));
      |                                                       ^~~~~~~~
/home/user/work/procrace/baselines/racepro/libscribe-racepro/src/debug.c:440:44: note: in definition of macro '__TYPE'
  440 |                 snprintf(str, size, fmt, ##__VA_ARGS__);        \
      |                                            ^~~~~~~~~~~
/home/user/work/procrace/baselines/racepro/libscribe-racepro/src/debug.c:569:55: warning: taking address of packed member of 'struct scribe_event_diverge_regs' may result in an unaligned pointer value [-Waddress-of-packed-member]
  569 |                get_regs_str(buffer1, sizeof(buffer1), &e->regs));
      |                                                       ^~~~~~~~
/home/user/work/procrace/baselines/racepro/libscribe-racepro/src/debug.c:440:44: note: in definition of macro '__TYPE'
  440 |                 snprintf(str, size, fmt, ##__VA_ARGS__);        \
      |                                            ^~~~~~~~~~~
[ 50%] Building C object CMakeFiles/scribe.dir/src/process.c.o
[ 66%] Linking C shared library libscribe.so
[ 66%] Built target scribe
[ 83%] Building C object CMakeFiles/scribe_init.dir/src/init_process.c.o
[100%] Linking C executable scribe_init
[100%] Built target scribe_init
