Testing : Testing : ""probe"ext_get"

g_state#0 <-> g_other#0: MayAlias
g_state#0 <-> g_state.att#0: MustAlias
g_other#0 <-> g_state.att#0: MayAlias
g_state#0 <-> g_state.valid#0: MustAlias
g_other#0 <-> g_state.valid#0: MayAlias
g_state.att#0 <-> g_state.valid#0: MustAlias
g_state#0 <-> alloca#0: NoAlias
g_other#0 <-> alloca#0: NoAlias
g_state.att#0 <-> alloca#0: NoAlias
g_state.valid#0 <-> alloca#0: NoAlias
g_state#0 <-> callres#0: MayAlias
g_other#0 <-> callres#0: MayAlias
g_state.att#0 <-> callres#0: MayAlias
g_state.valid#0 <-> callres#0: MayAlias
alloca#0 <-> callres#0: MayAlias
g_state#0 <-> func.region0#0: MayAlias
g_other#0 <-> func.region0#0: MayAlias
g_state.att#0 <-> func.region0#0: MayAlias
g_state.valid#0 <-> func.region0#0: MayAlias
alloca#0 <-> func.region0#0: NoAlias
callres#0 <-> func.region0#0: MayAlias
g_state#0 <-> func.region0#1: MayAlias
g_other#0 <-> func.region0#1: MayAlias
g_state.att#0 <-> func.region0#1: MayAlias
g_state.valid#0 <-> func.region0#1: MayAlias
alloca#0 <-> func.region0#1: NoAlias
callres#0 <-> func.region0#1: MayAlias
func.region0#0 <-> func.region0#1: MayAlias
